18:31:28 WARNING unexpected facade SSHServer received from the controller
18:31:28 INFO Adding model github-pr-aeaa2-lxd:test-charm-metrics-failure-5hks on cloud localhost
18:31:28 WARNING unexpected facade SSHServer received from the controller
18:31:28 WARNING unexpected facade SSHSession received from the controller
18:31:28 WARNING unexpected facade SSHTunneler received from the controller
18:31:28 WARNING unexpected facade SSHServer received from the controller
18:31:29 INFO GitHub token rate limit: Rate(reset=2026-02-05 19:12:07+00:00, remaining=4988, limit=5000)
18:31:31 INFO Deploying fake image builder via any-charm for image ID 1ad6e456-fa35-47ef-988f-1e793a60f258
18:31:34 INFO Deploying ch:amd64/noble/any-charm-133
18:31:48 INFO Deploying local:jammy/github-runner-0
18:31:48 INFO Waiting for model:
  test-phdv2cer/0 [allocating] waiting: waiting for machine
  github-runner-image-builder-phdv2cer/0 [allocating] waiting: waiting for machine
18:32:18 INFO Waiting for model:
  test-phdv2cer/0 [allocating] waiting: waiting for machine
  github-runner-image-builder-phdv2cer/0 [allocating] waiting: waiting for machine
18:32:48 INFO Waiting for model:
  test-phdv2cer/0 [allocating] waiting: waiting for machine
  github-runner-image-builder-phdv2cer/0 [allocating] waiting: agent initialising
18:33:18 INFO Waiting for model:
  test-phdv2cer/0 [allocating] waiting: waiting for machine
18:33:48 INFO Waiting for model:
  test-phdv2cer/0 [executing] maintenance: installing charm software
18:34:19 INFO Waiting for model:
  test-phdv2cer/0 [executing] maintenance: installing charm software
18:34:49 INFO Waiting for model:
  test-phdv2cer/0 [idle] active: 
18:35:03 INFO cli: juju config --model github-pr-aeaa2-lxd:test-charm-metrics-failure-5hks test-phdv2cer base-virtual-machines=0
18:35:04 INFO Waiting for model:
  test-phdv2cer/0 [idle] active: 
18:35:20 INFO Current reconcile ID: d1e625a6-7866-4793-9d4a-5858dd4679f9
18:35:20 INFO Waiting for reconcile ID: d1e625a6-7866-4793-9d4a-5858dd4679f9
18:36:21 INFO Current reconcile ID: d1e625a6-7866-4793-9d4a-5858dd4679f9
18:36:21 INFO Current reconcile ID: d1e625a6-7866-4793-9d4a-5858dd4679f9, expected reconcile ID: d1e625a6-7866-4793-9d4a-5858dd4679f9
18:36:21 INFO Waiting for reconcile ID: d1e625a6-7866-4793-9d4a-5858dd4679f9
18:37:22 INFO Current reconcile ID: 3281633d-f9d8-4acb-8b00-6f614931825a
18:37:22 INFO Current reconcile ID: 3281633d-f9d8-4acb-8b00-6f614931825a, expected reconcile ID: d1e625a6-7866-4793-9d4a-5858dd4679f9
18:37:22 INFO cli: juju config --model github-pr-aeaa2-lxd:test-charm-metrics-failure-5hks test-phdv2cer path=canonical/github-runner-operator
18:37:22 INFO cli: juju config --model github-pr-aeaa2-lxd:test-charm-metrics-failure-5hks test-phdv2cer base-virtual-machines=1
18:37:22 INFO Waiting for model:
  test-phdv2cer/0 [idle] active: 
18:37:52 INFO Waiting for model:
  test-phdv2cer/0 [idle] active: 
18:37:55 INFO Current reconcile ID: 1f9cfba2-4435-4460-a443-e76c0884aadd
18:37:55 INFO Waiting for reconcile ID: 1f9cfba2-4435-4460-a443-e76c0884aadd
18:38:56 INFO Current reconcile ID: 1f9cfba2-4435-4460-a443-e76c0884aadd
18:38:56 INFO Current reconcile ID: 1f9cfba2-4435-4460-a443-e76c0884aadd, expected reconcile ID: 1f9cfba2-4435-4460-a443-e76c0884aadd
18:38:56 INFO Waiting for reconcile ID: 1f9cfba2-4435-4460-a443-e76c0884aadd
18:39:57 INFO Current reconcile ID: 2520cf8a-9ae5-4f27-b874-23769c6e1b9e
18:39:57 INFO Current reconcile ID: 2520cf8a-9ae5-4f27-b874-23769c6e1b9e, expected reconcile ID: 1f9cfba2-4435-4460-a443-e76c0884aadd
18:40:05 INFO Application log: 
2026-02-05 18:34:27,715 - INFO - root - Starting GitHub runner manager service version: 0.11.0
2026-02-05 18:34:27,720 - INFO - github_runner_manager.http_server - Starting the server...
 * Serving Flask app 'github_runner_manager.http_server'
 * Debug mode: off
2026-02-05 18:34:27,721 - INFO - werkzeug - [31m[1mWARNING: This is a development server. Do not use it in a production deployment. Use a production WSGI server instead.[0m
 * Running on http://127.0.0.1:55555
2026-02-05 18:34:27,721 - INFO - werkzeug - [33mPress CTRL+C to quit[0m
2026-02-05 18:34:27,721 - INFO - github_runner_manager.reconcile_service - Starting the reconcile service...
2026-02-05 18:34:27,721 - INFO - github_runner_manager.reconcile_service - Start reconciliation
2026-02-05 18:34:27,721 - INFO - github_runner_manager.reconcile_service - Reconcile ID: dcf593ce-3d99-43a8-a2a7-7e5dd4cf7b08
2026-02-05 18:34:27,740 - INFO - github_runner_manager.manager.runner_scaler - Start reconcile. base_quantity 0. max_quantity: 0.
2026-02-05 18:34:27,740 - INFO - github_runner_manager.manager.runner_manager - runner_manager::cleanup
2026-02-05 18:34:27,740 - INFO - github_runner_manager.openstack_cloud.openstack_cloud - Getting all openstack servers managed by the charm
2026-02-05 18:34:28,066 - WARNING - github_runner_manager.openstack_cloud.openstack_cloud - The maximum compute API version 2.96 is greater than the supported version 2.91. Using the maximum supported version.
2026-02-05 18:34:28,428 - INFO - github_runner_manager.manager.runner_manager - VMs: []
2026-02-05 18:34:29,211 - INFO - github_runner_manager.manager.runner_manager - Runner health: RunnersHealthResponse(requested_runners=[], failed_requested_runners=[], non_requested_runners=[])
2026-02-05 18:34:29,568 - INFO - github_runner_manager.openstack_cloud.openstack_cloud - Cleaning up SSH key files
2026-02-05 18:34:29,568 - INFO - github_runner_manager.openstack_cloud.openstack_cloud - Found 0 key files, clean up 0 key files
2026-02-05 18:34:29,568 - INFO - github_runner_manager.openstack_cloud.openstack_cloud - Cleaning up openstack keypairs
2026-02-05 18:34:29,585 - INFO - github_runner_manager.manager.runner_manager - Cleaning up platform runners: []
2026-02-05 18:34:29,585 - INFO - github_runner_manager.platform.github_provider - Delete runners from GitHub provider: []
2026-02-05 18:34:29,585 - INFO - github_runner_manager.manager.runner_manager - Cleaned up platform runners: []
2026-02-05 18:34:29,585 - INFO - github_runner_manager.manager.runner_manager - Extracting metrics from VMs: []
2026-02-05 18:34:29,585 - INFO - github_runner_manager.manager.runner_manager - Cleaning up VMs: []
2026-02-05 18:34:29,585 - INFO - github_runner_manager.manager.runner_manager - Cleaned up VMs: []
2026-02-05 18:34:29,585 - INFO - github_runner_manager.openstack_cloud.openstack_cloud - Getting all openstack servers managed by the charm
2026-02-05 18:34:29,945 - INFO - github_runner_manager.manager.runner_manager - list vms response: []
2026-02-05 18:34:30,704 - INFO - github_runner_manager.manager.runner_manager - runner health response RunnersHealthResponse(requested_runners=[], failed_requested_runners=[], non_requested_runners=[])
2026-02-05 18:34:30,704 - INFO - github_runner_manager.manager.runner_scaler - Reconcile runners from 0 to 0
2026-02-05 18:34:30,704 - INFO - github_runner_manager.manager.runner_scaler - No changes to the number of runners.
2026-02-05 18:34:30,704 - INFO - github_runner_manager.openstack_cloud.openstack_cloud - Getting all openstack servers managed by the charm
2026-02-05 18:34:31,247 - INFO - github_runner_manager.manager.runner_manager - list vms response: []
2026-02-05 18:34:32,061 - INFO - github_runner_manager.manager.runner_manager - runner health response RunnersHealthResponse(requested_runners=[], failed_requested_runners=[], non_requested_runners=[])
2026-02-05 18:34:32,061 - INFO - github_runner_manager.manager.runner_scaler - Found 0 busy runners: []
2026-02-05 18:34:32,061 - INFO - github_runner_manager.manager.runner_scaler - Found 0 idle runners: []
2026-02-05 18:34:32,061 - INFO - github_runner_manager.manager.runner_scaler - Found 0 offline runners that are healthy: []
2026-02-05 18:34:32,061 - INFO - github_runner_manager.manager.runner_scaler - Found 0 unhealthy runners: []
2026-02-05 18:34:32,061 - INFO - github_runner_manager.manager.runner_scaler - Current available runners (idle + healthy offline): set()
2026-02-05 18:34:32,061 - INFO - github_runner_manager.manager.runner_scaler - Current active runners: set()
2026-02-05 18:34:32,061 - INFO - github_runner_manager.manager.runner_scaler - Finished reconciliation.
2026-02-05 18:34:32,061 - INFO - github_runner_manager.reconcile_service - Change in number of runner after reconcile: 0
2026-02-05 18:34:32,061 - INFO - github_runner_manager.reconcile_service - End reconciliation
2026-02-05 18:34:42,385 - INFO - werkzeug - 127.0.0.1 - - [05/Feb/2026 18:34:42] "[35m[1mGET /health HTTP/1.1[0m" 204 -
2026-02-05 18:34:42,391 - INFO - werkzeug - 127.0.0.1 - - [05/Feb/2026 18:34:42] "[35m[1mGET /health HTTP/1.1[0m" 204 -
2026-02-05 18:34:42,396 - INFO - github_runner_manager.http_server - Attempting to acquire the lock: unlocked
2026-02-05 18:34:42,396 - INFO - github_runner_manager.http_server - Flushing runners...
2026-02-05 18:34:42,414 - INFO - github_runner_manager.http_server - Flushing busy: False
2026-02-05 18:34:42,414 - INFO - github_runner_manager.manager.runner_manager - runner_manager::cleanup
2026-02-05 18:34:42,414 - INFO - github_runner_manager.openstack_cloud.openstack_cloud - Getting all openstack servers managed by the charm
2026-02-05 18:34:42,733 - WARNING - github_runner_manager.openstack_cloud.openstack_cloud - The maximum compute API version 2.96 is greater than the supported version 2.91. Using the maximum supported version.
2026-02-05 18:34:43,400 - INFO - github_runner_manager.manager.runner_manager - VMs: []
2026-02-05 18:34:44,103 - INFO - github_runner_manager.manager.runner_manager - Runner health: RunnersHealthResponse(requested_runners=[], failed_requested_runners=[], non_requested_runners=[])
2026-02-05 18:34:44,743 - INFO - github_runner_manager.openstack_cloud.openstack_cloud - Cleaning up SSH key files
2026-02-05 18:34:44,743 - INFO - github_runner_manager.openstack_cloud.openstack_cloud - Found 0 key files, clean up 0 key files
2026-02-05 18:34:44,743 - INFO - github_runner_manager.openstack_cloud.openstack_cloud - Cleaning up openstack keypairs
2026-02-05 18:34:44,755 - INFO - github_runner_manager.manager.runner_manager - Cleaning up platform runners: []
2026-02-05 18:34:44,755 - INFO - github_runner_manager.platform.github_provider - Delete runners from GitHub provider: []
2026-02-05 18:34:44,755 - INFO - github_runner_manager.manager.runner_manager - Cleaned up platform runners: []
2026-02-05 18:34:44,755 - INFO - github_runner_manager.manager.runner_manager - Extracting metrics from VMs: []
2026-02-05 18:34:44,755 - INFO - github_runner_manager.manager.runner_manager - Cleaning up VMs: []
2026-02-05 18:34:44,755 - INFO - github_runner_manager.manager.runner_manager - Cleaned up VMs: []
2026-02-05 18:34:44,755 - INFO - github_runner_manager.manager.runner_manager - runner_manager::flush_runners. mode FlushMode.FLUSH_IDLE
2026-02-05 18:34:44,755 - INFO - github_runner_manager.openstack_cloud.openstack_cloud - Getting all openstack servers managed by the charm
2026-02-05 18:34:45,453 - INFO - github_runner_manager.manager.runner_manager - VMs: []
2026-02-05 18:34:46,323 - INFO - github_runner_manager.manager.runner_manager - Runner health: RunnersHealthResponse(requested_runners=[], failed_requested_runners=[], non_requested_runners=[])
2026-02-05 18:34:46,323 - INFO - github_runner_manager.manager.runner_manager - Runners to clean up: set()
2026-02-05 18:34:46,323 - INFO - github_runner_manager.manager.runner_manager - Runners to flush: set()
2026-02-05 18:34:46,323 - INFO - github_runner_manager.manager.runner_manager - Deleting platform runners: []
2026-02-05 18:34:46,323 - INFO - github_runner_manager.platform.github_provider - Delete runners from GitHub provider: []
2026-02-05 18:34:46,323 - INFO - github_runner_manager.manager.runner_manager - Deleted runners: []
2026-02-05 18:34:46,323 - INFO - github_runner_manager.manager.runner_manager - Extracting metrics from VMs: []
2026-02-05 18:34:46,323 - INFO - github_runner_manager.manager.runner_manager - Deleting VMs: []
2026-02-05 18:34:46,324 - INFO - github_runner_manager.manager.runner_manager - Deleted VMs: []
2026-02-05 18:34:46,324 - INFO - github_runner_manager.http_server - Flushed 0 runners
2026-02-05 18:34:46,324 - INFO - werkzeug - 127.0.0.1 - - [05/Feb/2026 18:34:46] "[35m[1mPOST /runner/flush?flush-busy=False HTTP/1.1[0m" 204 -
2026-02-05 18:36:32,162 - INFO - github_runner_manager.reconcile_service - Start reconciliation
2026-02-05 18:36:32,162 - INFO - github_runner_manager.reconcile_service - Reconcile ID: d1e625a6-7866-4793-9d4a-5858dd4679f9
2026-02-05 18:36:32,205 - INFO - github_runner_manager.manager.runner_scaler - Start reconcile. base_quantity 0. max_quantity: 0.
2026-02-05 18:36:32,205 - INFO - github_runner_manager.manager.runner_manager - runner_manager::cleanup
2026-02-05 18:36:32,205 - INFO - github_runner_manager.openstack_cloud.openstack_cloud - Getting all openstack servers managed by the charm
2026-02-05 18:36:32,532 - WARNING - github_runner_manager.openstack_cloud.openstack_cloud - The maximum compute API version 2.96 is greater than the supported version 2.91. Using the maximum supported version.
2026-02-05 18:36:33,412 - INFO - github_runner_manager.manager.runner_manager - VMs: []
2026-02-05 18:36:34,501 - INFO - github_runner_manager.manager.runner_manager - Runner health: RunnersHealthResponse(requested_runners=[], failed_requested_runners=[], non_requested_runners=[])
2026-02-05 18:36:35,761 - INFO - github_runner_manager.openstack_cloud.openstack_cloud - Cleaning up SSH key files
2026-02-05 18:36:35,761 - INFO - github_runner_manager.openstack_cloud.openstack_cloud - Found 0 key files, clean up 0 key files
2026-02-05 18:36:35,761 - INFO - github_runner_manager.openstack_cloud.openstack_cloud - Cleaning up openstack keypairs
2026-02-05 18:36:35,774 - INFO - github_runner_manager.manager.runner_manager - Cleaning up platform runners: []
2026-02-05 18:36:35,774 - INFO - github_runner_manager.platform.github_provider - Delete runners from GitHub provider: []
2026-02-05 18:36:35,774 - INFO - github_runner_manager.manager.runner_manager - Cleaned up platform runners: []
2026-02-05 18:36:35,774 - INFO - github_runner_manager.manager.runner_manager - Extracting metrics from VMs: []
2026-02-05 18:36:35,774 - INFO - github_runner_manager.manager.runner_manager - Cleaning up VMs: []
2026-02-05 18:36:35,774 - INFO - github_runner_manager.manager.runner_manager - Cleaned up VMs: []
2026-02-05 18:36:35,774 - INFO - github_runner_manager.openstack_cloud.openstack_cloud - Getting all openstack servers managed by the charm
2026-02-05 18:36:36,676 - INFO - github_runner_manager.manager.runner_manager - list vms response: []
2026-02-05 18:36:37,496 - INFO - github_runner_manager.manager.runner_manager - runner health response RunnersHealthResponse(requested_runners=[], failed_requested_runners=[], non_requested_runners=[])
2026-02-05 18:36:37,496 - INFO - github_runner_manager.manager.runner_scaler - Reconcile runners from 0 to 0
2026-02-05 18:36:37,496 - INFO - github_runner_manager.manager.runner_scaler - No changes to the number of runners.
2026-02-05 18:36:37,496 - INFO - github_runner_manager.openstack_cloud.openstack_cloud - Getting all openstack servers managed by the charm
2026-02-05 18:36:38,380 - INFO - github_runner_manager.manager.runner_manager - list vms response: []
2026-02-05 18:36:39,233 - INFO - github_runner_manager.manager.runner_manager - runner health response RunnersHealthResponse(requested_runners=[], failed_requested_runners=[], non_requested_runners=[])
2026-02-05 18:36:39,233 - INFO - github_runner_manager.manager.runner_scaler - Found 0 busy runners: []
2026-02-05 18:36:39,233 - INFO - github_runner_manager.manager.runner_scaler - Found 0 idle runners: []
2026-02-05 18:36:39,233 - INFO - github_runner_manager.manager.runner_scaler - Found 0 offline runners that are healthy: []
2026-02-05 18:36:39,233 - INFO - github_runner_manager.manager.runner_scaler - Found 0 unhealthy runners: []
2026-02-05 18:36:39,233 - INFO - github_runner_manager.manager.runner_scaler - Current available runners (idle + healthy offline): set()
2026-02-05 18:36:39,233 - INFO - github_runner_manager.manager.runner_scaler - Current active runners: set()
2026-02-05 18:36:39,234 - INFO - github_runner_manager.manager.runner_scaler - Finished reconciliation.
2026-02-05 18:36:39,234 - INFO - github_runner_manager.reconcile_service - Change in number of runner after reconcile: 0
2026-02-05 18:36:39,234 - INFO - github_runner_manager.reconcile_service - End reconciliation
2026-02-05 18:37:23,726 - INFO - root - Starting GitHub runner manager service version: 0.11.0
2026-02-05 18:37:23,731 - INFO - github_runner_manager.http_server - Starting the server...
 * Serving Flask app 'github_runner_manager.http_server'
 * Debug mode: off
2026-02-05 18:37:23,732 - INFO - werkzeug - [31m[1mWARNING: This is a development server. Do not use it in a production deployment. Use a production WSGI server instead.[0m
 * Running on http://127.0.0.1:55555
2026-02-05 18:37:23,732 - INFO - werkzeug - [33mPress CTRL+C to quit[0m
2026-02-05 18:37:23,732 - INFO - github_runner_manager.reconcile_service - Starting the reconcile service...
2026-02-05 18:37:23,732 - INFO - github_runner_manager.reconcile_service - Start reconciliation
2026-02-05 18:37:23,732 - INFO - github_runner_manager.reconcile_service - Reconcile ID: f8f62dd7-f56f-453f-88b1-77dabf12308c
2026-02-05 18:37:23,750 - INFO - github_runner_manager.manager.runner_scaler - Start reconcile. base_quantity 1. max_quantity: 0.
2026-02-05 18:37:23,750 - INFO - github_runner_manager.manager.runner_manager - runner_manager::cleanup
2026-02-05 18:37:23,750 - INFO - github_runner_manager.openstack_cloud.openstack_cloud - Getting all openstack servers managed by the charm
2026-02-05 18:37:24,213 - WARNING - github_runner_manager.openstack_cloud.openstack_cloud - The maximum compute API version 2.96 is greater than the supported version 2.91. Using the maximum supported version.
2026-02-05 18:37:25,165 - INFO - github_runner_manager.manager.runner_manager - VMs: []
2026-02-05 18:37:25,971 - INFO - github_runner_manager.manager.runner_manager - Runner health: RunnersHealthResponse(requested_runners=[], failed_requested_runners=[], non_requested_runners=[])
2026-02-05 18:37:27,147 - INFO - github_runner_manager.openstack_cloud.openstack_cloud - Cleaning up SSH key files
2026-02-05 18:37:27,147 - INFO - github_runner_manager.openstack_cloud.openstack_cloud - Found 0 key files, clean up 0 key files
2026-02-05 18:37:27,147 - INFO - github_runner_manager.openstack_cloud.openstack_cloud - Cleaning up openstack keypairs
2026-02-05 18:37:27,162 - INFO - github_runner_manager.manager.runner_manager - Cleaning up platform runners: []
2026-02-05 18:37:27,162 - INFO - github_runner_manager.platform.github_provider - Delete runners from GitHub provider: []
2026-02-05 18:37:27,162 - INFO - github_runner_manager.manager.runner_manager - Cleaned up platform runners: []
2026-02-05 18:37:27,162 - INFO - github_runner_manager.manager.runner_manager - Extracting metrics from VMs: []
2026-02-05 18:37:27,162 - INFO - github_runner_manager.manager.runner_manager - Cleaning up VMs: []
2026-02-05 18:37:27,162 - INFO - github_runner_manager.manager.runner_manager - Cleaned up VMs: []
2026-02-05 18:37:27,162 - INFO - github_runner_manager.openstack_cloud.openstack_cloud - Getting all openstack servers managed by the charm
2026-02-05 18:37:28,069 - INFO - github_runner_manager.manager.runner_manager - list vms response: []
2026-02-05 18:37:28,961 - INFO - github_runner_manager.manager.runner_manager - runner health response RunnersHealthResponse(requested_runners=[], failed_requested_runners=[], non_requested_runners=[])
2026-02-05 18:37:28,961 - INFO - github_runner_manager.manager.runner_scaler - Reconcile runners from 0 to 1
2026-02-05 18:37:28,961 - INFO - github_runner_manager.manager.runner_manager - Creating 1 runners
2026-02-05 18:37:29,602 - INFO - github_runner_manager.openstack_cloud.openstack_cloud - Creating openstack server with RunnerIdentity(instance_id=InstanceID('test-phdv2cer-0-n-836d534a5b29'), metadata=RunnerMetadata(platform_name=<Platform.GITHUB: 'github'>, runner_id='483512', url=None))
2026-02-05 18:37:30,947 - INFO - github_runner_manager.openstack_cloud.openstack_runner_manager - Runner test-phdv2cer-0-n-836d534a5b29 created successfully
2026-02-05 18:37:30,947 - INFO - github_runner_manager.openstack_cloud.openstack_cloud - Getting all openstack servers managed by the charm
2026-02-05 18:37:31,867 - INFO - github_runner_manager.manager.runner_manager - list vms response: [VM(instance_id=InstanceID('test-phdv2cer-0-n-836d534a5b29'), metadata=RunnerMetadata(platform_name='github', runner_id='483512', url=None), state=<VMState.CREATED: '1'>, created_at=datetime.datetime(2026, 2, 5, 18, 37, 32, tzinfo=datetime.timezone.utc))]
2026-02-05 18:37:32,820 - INFO - github_runner_manager.manager.runner_manager - runner health response RunnersHealthResponse(requested_runners=[PlatformRunnerHealth(identity=VM(instance_id=InstanceID('test-phdv2cer-0-n-836d534a5b29'), metadata=RunnerMetadata(platform_name='github', runner_id='483512', url=None), state=<VMState.CREATED: '1'>, created_at=datetime.datetime(2026, 2, 5, 18, 37, 32, tzinfo=datetime.timezone.utc)), online=False, busy=False, deletable=False, runner_in_platform=True)], failed_requested_runners=[], non_requested_runners=[])
2026-02-05 18:37:32,820 - INFO - github_runner_manager.manager.runner_scaler - Runner test-phdv2cer-0-n-836d534a5b29: state=PlatformRunnerState.OFFLINE, health=HealthState.UNKNOWN
2026-02-05 18:37:32,820 - INFO - github_runner_manager.manager.runner_scaler - Found 0 busy runners: []
2026-02-05 18:37:32,820 - INFO - github_runner_manager.manager.runner_scaler - Found 0 idle runners: []
2026-02-05 18:37:32,820 - INFO - github_runner_manager.manager.runner_scaler - Found 0 offline runners that are healthy: []
2026-02-05 18:37:32,820 - INFO - github_runner_manager.manager.runner_scaler - Found 1 unhealthy runners: [RunnerInstance(name='test-phdv2cer-0-n-836d534a5b29', instance_id=InstanceID('test-phdv2cer-0-n-836d534a5b29'), metadata=RunnerMetadata(platform_name='github', runner_id='483512', url=None), platform_state=<PlatformRunnerState.OFFLINE: '3'>, platform_health=PlatformRunnerHealth(identity=VM(instance_id=InstanceID('test-phdv2cer-0-n-836d534a5b29'), metadata=RunnerMetadata(platform_name='github', runner_id='483512', url=None), state=<VMState.CREATED: '1'>, created_at=datetime.datetime(2026, 2, 5, 18, 37, 32, tzinfo=datetime.timezone.utc)), online=False, busy=False, deletable=False, runner_in_platform=True), cloud_state=<VMState.CREATED: '1'>)]
2026-02-05 18:37:32,820 - INFO - github_runner_manager.manager.runner_scaler - Current available runners (idle + healthy offline): set()
2026-02-05 18:37:32,821 - INFO - github_runner_manager.manager.runner_scaler - Current active runners: set()
2026-02-05 18:37:32,821 - INFO - github_runner_manager.manager.runner_scaler - Finished reconciliation.
2026-02-05 18:37:32,821 - INFO - github_runner_manager.reconcile_service - Change in number of runner after reconcile: 1
2026-02-05 18:37:32,821 - INFO - github_runner_manager.reconcile_service - End reconciliation
2026-02-05 18:37:38,399 - INFO - werkzeug - 127.0.0.1 - - [05/Feb/2026 18:37:38] "[35m[1mGET /health HTTP/1.1[0m" 204 -
2026-02-05 18:39:32,916 - INFO - github_runner_manager.reconcile_service - Start reconciliation
2026-02-05 18:39:32,916 - INFO - github_runner_manager.reconcile_service - Reconcile ID: 1f9cfba2-4435-4460-a443-e76c0884aadd
2026-02-05 18:39:32,959 - INFO - github_runner_manager.manager.runner_scaler - Start reconcile. base_quantity 1. max_quantity: 0.
2026-02-05 18:39:32,959 - INFO - github_runner_manager.manager.runner_manager - runner_manager::cleanup
2026-02-05 18:39:32,959 - INFO - github_runner_manager.openstack_cloud.openstack_cloud - Getting all openstack servers managed by the charm
2026-02-05 18:39:33,300 - WARNING - github_runner_manager.openstack_cloud.openstack_cloud - The maximum compute API version 2.96 is greater than the supported version 2.91. Using the maximum supported version.
2026-02-05 18:39:34,073 - INFO - github_runner_manager.manager.runner_manager - VMs: [VM(instance_id=InstanceID('test-phdv2cer-0-n-836d534a5b29'), metadata=RunnerMetadata(platform_name='github', runner_id='483512', url=None), state=<VMState.ACTIVE: '2'>, created_at=datetime.datetime(2026, 2, 5, 18, 37, 31, tzinfo=datetime.timezone.utc))]
2026-02-05 18:39:34,928 - INFO - github_runner_manager.manager.runner_manager - Runner health: RunnersHealthResponse(requested_runners=[PlatformRunnerHealth(identity=VM(instance_id=InstanceID('test-phdv2cer-0-n-836d534a5b29'), metadata=RunnerMetadata(platform_name='github', runner_id='483512', url=None), state=<VMState.ACTIVE: '2'>, created_at=datetime.datetime(2026, 2, 5, 18, 37, 31, tzinfo=datetime.timezone.utc)), online=True, busy=False, deletable=False, runner_in_platform=True)], failed_requested_runners=[], non_requested_runners=[])
2026-02-05 18:39:35,679 - INFO - github_runner_manager.openstack_cloud.openstack_cloud - Cleaning up SSH key files
2026-02-05 18:39:35,679 - INFO - github_runner_manager.openstack_cloud.openstack_cloud - Found 1 key files, clean up 0 key files
2026-02-05 18:39:35,679 - INFO - github_runner_manager.openstack_cloud.openstack_cloud - Cleaning up openstack keypairs
2026-02-05 18:39:35,693 - INFO - github_runner_manager.manager.runner_manager - Cleaning up platform runners: []
2026-02-05 18:39:35,693 - INFO - github_runner_manager.platform.github_provider - Delete runners from GitHub provider: []
2026-02-05 18:39:35,694 - INFO - github_runner_manager.manager.runner_manager - Cleaned up platform runners: []
2026-02-05 18:39:35,694 - INFO - github_runner_manager.manager.runner_manager - Extracting metrics from VMs: []
2026-02-05 18:39:35,694 - INFO - github_runner_manager.manager.runner_manager - Cleaning up VMs: []
2026-02-05 18:39:35,694 - INFO - github_runner_manager.manager.runner_manager - Cleaned up VMs: []
2026-02-05 18:39:35,694 - INFO - github_runner_manager.openstack_cloud.openstack_cloud - Getting all openstack servers managed by the charm
2026-02-05 18:39:36,414 - INFO - github_runner_manager.manager.runner_manager - list vms response: [VM(instance_id=InstanceID('test-phdv2cer-0-n-836d534a5b29'), metadata=RunnerMetadata(platform_name='github', runner_id='483512', url=None), state=<VMState.ACTIVE: '2'>, created_at=datetime.datetime(2026, 2, 5, 18, 37, 31, tzinfo=datetime.timezone.utc))]
2026-02-05 18:39:37,247 - INFO - github_runner_manager.manager.runner_manager - runner health response RunnersHealthResponse(requested_runners=[PlatformRunnerHealth(identity=VM(instance_id=InstanceID('test-phdv2cer-0-n-836d534a5b29'), metadata=RunnerMetadata(platform_name='github', runner_id='483512', url=None), state=<VMState.ACTIVE: '2'>, created_at=datetime.datetime(2026, 2, 5, 18, 37, 31, tzinfo=datetime.timezone.utc)), online=True, busy=False, deletable=False, runner_in_platform=True)], failed_requested_runners=[], non_requested_runners=[])
2026-02-05 18:39:37,247 - INFO - github_runner_manager.manager.runner_scaler - Reconcile runners from 1 to 1
2026-02-05 18:39:37,247 - INFO - github_runner_manager.manager.runner_scaler - No changes to the number of runners.
2026-02-05 18:39:37,247 - INFO - github_runner_manager.openstack_cloud.openstack_cloud - Getting all openstack servers managed by the charm
2026-02-05 18:39:38,007 - INFO - github_runner_manager.manager.runner_manager - list vms response: [VM(instance_id=InstanceID('test-phdv2cer-0-n-836d534a5b29'), metadata=RunnerMetadata(platform_name='github', runner_id='483512', url=None), state=<VMState.ACTIVE: '2'>, created_at=datetime.datetime(2026, 2, 5, 18, 37, 31, tzinfo=datetime.timezone.utc))]
2026-02-05 18:39:38,842 - INFO - github_runner_manager.manager.runner_manager - runner health response RunnersHealthResponse(requested_runners=[PlatformRunnerHealth(identity=VM(instance_id=InstanceID('test-phdv2cer-0-n-836d534a5b29'), metadata=RunnerMetadata(platform_name='github', runner_id='483512', url=None), state=<VMState.ACTIVE: '2'>, created_at=datetime.datetime(2026, 2, 5, 18, 37, 31, tzinfo=datetime.timezone.utc)), online=True, busy=False, deletable=False, runner_in_platform=True)], failed_requested_runners=[], non_requested_runners=[])
2026-02-05 18:39:38,843 - INFO - github_runner_manager.manager.runner_scaler - Runner test-phdv2cer-0-n-836d534a5b29: state=PlatformRunnerState.IDLE, health=HealthState.HEALTHY
2026-02-05 18:39:38,843 - INFO - github_runner_manager.manager.runner_scaler - Found 0 busy runners: []
2026-02-05 18:39:38,843 - INFO - github_runner_manager.manager.runner_scaler - Found 1 idle runners: [RunnerInstance(name='test-phdv2cer-0-n-836d534a5b29', instance_id=InstanceID('test-phdv2cer-0-n-836d534a5b29'), metadata=RunnerMetadata(platform_name='github', runner_id='483512', url=None), platform_state=<PlatformRunnerState.IDLE: '2'>, platform_health=PlatformRunnerHealth(identity=VM(instance_id=InstanceID('test-phdv2cer-0-n-836d534a5b29'), metadata=RunnerMetadata(platform_name='github', runner_id='483512', url=None), state=<VMState.ACTIVE: '2'>, created_at=datetime.datetime(2026, 2, 5, 18, 37, 31, tzinfo=datetime.timezone.utc)), online=True, busy=False, deletable=False, runner_in_platform=True), cloud_state=<VMState.ACTIVE: '2'>)]
2026-02-05 18:39:38,843 - INFO - github_runner_manager.manager.runner_scaler - Found 0 offline runners that are healthy: []
2026-02-05 18:39:38,843 - INFO - github_runner_manager.manager.runner_scaler - Found 0 unhealthy runners: []
2026-02-05 18:39:38,843 - INFO - github_runner_manager.manager.runner_scaler - Current available runners (idle + healthy offline): {'test-phdv2cer-0-n-836d534a5b29'}
2026-02-05 18:39:38,843 - INFO - github_runner_manager.manager.runner_scaler - Current active runners: set()
2026-02-05 18:39:38,843 - INFO - github_runner_manager.manager.runner_scaler - Finished reconciliation.
2026-02-05 18:39:38,843 - INFO - github_runner_manager.reconcile_service - Change in number of runner after reconcile: 0
2026-02-05 18:39:38,843 - INFO - github_runner_manager.reconcile_service - End reconciliation
2026-02-05 18:39:57,574 - INFO - werkzeug - 127.0.0.1 - - [05/Feb/2026 18:39:57] "[35m[1mGET /health HTTP/1.1[0m" 204 -
2026-02-05 18:39:57,579 - INFO - github_runner_manager.http_server - Checking runners...
2026-02-05 18:39:57,601 - INFO - github_runner_manager.openstack_cloud.openstack_cloud - Getting all openstack servers managed by the charm
2026-02-05 18:39:57,920 - WARNING - github_runner_manager.openstack_cloud.openstack_cloud - The maximum compute API version 2.96 is greater than the supported version 2.91. Using the maximum supported version.
2026-02-05 18:39:58,809 - INFO - github_runner_manager.manager.runner_manager - list vms response: [VM(instance_id=InstanceID('test-phdv2cer-0-n-836d534a5b29'), metadata=RunnerMetadata(platform_name='github', runner_id='483512', url=None), state=<VMState.ACTIVE: '2'>, created_at=datetime.datetime(2026, 2, 5, 18, 37, 31, tzinfo=datetime.timezone.utc))]
2026-02-05 18:39:59,557 - INFO - github_runner_manager.manager.runner_manager - runner health response RunnersHealthResponse(requested_runners=[PlatformRunnerHealth(identity=VM(instance_id=InstanceID('test-phdv2cer-0-n-836d534a5b29'), metadata=RunnerMetadata(platform_name='github', runner_id='483512', url=None), state=<VMState.ACTIVE: '2'>, created_at=datetime.datetime(2026, 2, 5, 18, 37, 31, tzinfo=datetime.timezone.utc)), online=True, busy=False, deletable=False, runner_in_platform=True)], failed_requested_runners=[], non_requested_runners=[])
2026-02-05 18:39:59,557 - INFO - werkzeug - 127.0.0.1 - - [05/Feb/2026 18:39:59] "GET /runner/check HTTP/1.1" 200 -

18:40:06 INFO Reactive log: 
cat: '/var/log/reactive_runner/*.log': No such file or directory

18:40:07 INFO Metrics log: 
{"timestamp": 1770316599.233843, "event": "reconciliation", "flavor": "test-phdv2cer", "crashed_runners": 0, "idle_runners": 0, "active_runners": 0, "expected_runners": 0, "duration": 7.028587341308594}
{"timestamp": 1770316652.8211987, "event": "reconciliation", "flavor": "test-phdv2cer", "crashed_runners": 0, "idle_runners": 0, "active_runners": 0, "expected_runners": 1, "duration": 9.070037841796875}
{"timestamp": 1770316778.8433745, "event": "reconciliation", "flavor": "test-phdv2cer", "crashed_runners": 0, "idle_runners": 1, "active_runners": 0, "expected_runners": 1, "duration": 5.883762359619141}

18:40:07 INFO OpenStack servers: [openstack.compute.v2.server.Server(id=8b8b96da-1f22-4544-8ec0-85c4e1d27094, name=test-phdv2cer-0-n-836d534a5b29, status=ACTIVE, tenant_id=5094adb2b2594752ba2421a5dd2905cf, user_id=1f7600bcec3d44c093c20673d7647848, metadata={'platform_name': 'github', 'runner_id': '483512', 'prefix': 'test-phdv2cer-0'}, hostId=189156909df6b33e87b348ef8ee92954f173860c3a72ad0a3a602ac2, image={'id': '1ad6e456-fa35-47ef-988f-1e793a60f258', 'links': [{'rel': 'bookmark', 'href': 'https://nova.ps7.canonical.com:8774/images/1ad6e456-fa35-47ef-988f-1e793a60f258'}]}, flavor={'vcpus': 2, 'ram': 4096, 'disk': 50, 'ephemeral': 0, 'swap': 0, 'original_name': 'shared.xsmall', 'extra_specs': {'aggregate_instance_extra_specs:commit': 'amd64', 'hw:cpu_policy': 'shared', 'hw:mem_page_size': 'large', 'hw:pci_numa_affinity_policy': 'preferred'}}, created=2026-02-05T18:37:31Z, updated=2026-02-05T18:37:49Z, addresses={'net_stg-ps7-github-runner-test-amd64': [{'version': 4, 'addr': '10.151.122.47', 'OS-EXT-IPS:type': 'fixed', 'OS-EXT-IPS-MAC:mac_addr': 'fa:16:3e:a0:db:83'}]}, accessIPv4=, accessIPv6=, links=[{'rel': 'self', 'href': 'https://nova.ps7.canonical.com:8774/v2.1/servers/8b8b96da-1f22-4544-8ec0-85c4e1d27094'}, {'rel': 'bookmark', 'href': 'https://nova.ps7.canonical.com:8774/servers/8b8b96da-1f22-4544-8ec0-85c4e1d27094'}], OS-DCF:diskConfig=MANUAL, progress=0, OS-EXT-AZ:availability_zone=AZ3, pinned_availability_zone=None, config_drive=True, key_name=test-phdv2cer-0-n-836d534a5b29, OS-SRV-USG:launched_at=2026-02-05T18:37:49.000000, OS-SRV-USG:terminated_at=None, OS-EXT-SRV-ATTR:host=ps7-ra5-n4.ps7.canonical.com, OS-EXT-SRV-ATTR:instance_name=instance-00412b42, OS-EXT-SRV-ATTR:hypervisor_hostname=ps7-ra5-n4.ps7.canonical.com, OS-EXT-SRV-ATTR:reservation_id=r-fe05wx24, OS-EXT-SRV-ATTR:launch_index=0, OS-EXT-SRV-ATTR:hostname=test-phdv2cer-0-n-836d534a5b29, OS-EXT-SRV-ATTR:kernel_id=, OS-EXT-SRV-ATTR:ramdisk_id=, OS-EXT-SRV-ATTR:root_device_name=/dev/vda, OS-EXT-SRV-ATTR:user_data=IyEvYmluL3NoCgpzZXQgLWUKCmhvc3RuYW1lY3RsIHNldC1ob3N0bmFtZSBnaXRodWItcnVubmVyCgojIFdyaXRlIC5lbnYgY29udGVudHMKc3UgLSB1YnVudHUgLWMgJ2NkIH4vYWN0aW9ucy1ydW5uZXIgJiYgZWNobyAiUEFUSD0vaG9tZS91YnVudHUvLmxvY2FsL2JpbjovdXNyL2xvY2FsL3NiaW46L3Vzci9sb2NhbC9iaW46L3Vzci9zYmluOi91c3IvYmluOi9zYmluOi9iaW46L3NuYXAvYmluCgpET0NLRVJIVUJfTUlSUk9SPWh0dHBzOi8vZ2l0aHViLXJ1bm5lci1kb2NrZXJodWItY2FjaGUuY2Fub25pY2FsLmNvbTo1MDAwCkNPTlRBSU5FUl9SRUdJU1RSWV9VUkw9aHR0cHM6Ly9naXRodWItcnVubmVyLWRvY2tlcmh1Yi1jYWNoZS5jYW5vbmljYWwuY29tOjUwMDAKCkxBTkc9Qy5VVEYtOApBQ1RJT05TX1JVTk5FUl9IT09LX0pPQl9TVEFSVEVEPS9ob21lL3VidW50dS9hY3Rpb25zLXJ1bm5lci9wcmUtam9iLnNoCiIgPiAuZW52JwoKc25hcCByZWZyZXNoIC0taG9sZD00OGgKc25hcCB3YXRjaCAtLWxhc3Q9YXV0by1yZWZyZXNoPwoKCnNuYXAgaW5zdGFsbCBhcHJveHkgLS1lZGdlCnNuYXAgc2V0IGFwcm94eSBwcm94eT1lZ3Jlc3MucHM3LmludGVybmFsOjMxMjggbGlzdGVuPTo1NDk2OQpjYXQgPDwgRU9GID4gL2V0Yy9uZnRhYmxlcy5jb25mCmRlZmluZSBkZWZhdWx0LWlwdjQgPSAkKGlwIHJvdXRlIGdldCAkKGlwIHJvdXRlIHNob3cgMC4wLjAuMC8wIHwgZ3JlcCAtb1AgJ3ZpYSBcS1xTKycpIHwgZ3JlcCAtb1AgJ3NyYyBcS1xTKycpCnRhYmxlIGlwIGFwcm94eQpmbHVzaCB0YWJsZSBpcCBhcHJveHkKdGFibGUgaXAgYXByb3h5IHsKICAgICAgc2V0IGV4Y2x1ZGUgewogICAgICAgICAgdHlwZSBpcHY0X2FkZHI7CiAgICAgICAgICBmbGFncyBpbnRlcnZhbDsgYXV0by1tZXJnZTsKICAgICAgICAgIGVsZW1lbnRzID0geyAxMjcuMC4wLjAvOCwgMTAuMC4wLjAvOCwgMTcyLjE2LjAuMC8xMiwgMTkyLjE2OC4wLjAvMTYgfQogICAgICB9CiAgICAgIGNoYWluIHByZXJvdXRpbmcgewogICAgICAgICAgICAgIHR5cGUgbmF0IGhvb2sgcHJlcm91dGluZyBwcmlvcml0eSBkc3RuYXQ7IHBvbGljeSBhY2NlcHQ7CiAgICAgICAgICAgICAgaXAgZGFkZHIgIT0gQGV4Y2x1ZGUgdGNwIGRwb3J0IHsgMS0zMTI3LCAzMTI5LTY1NTM1IH0gY291bnRlciBkbmF0IHRvIFwkZGVmYXVsdC1pcHY0OjU0OTY5CiAgICAgIH0KICAgICAgY2hhaW4gb3V0cHV0IHsKICAgICAgICAgICAgICB0eXBlIG5hdCBob29rIG91dHB1dCBwcmlvcml0eSAtMTAwOyBwb2xpY3kgYWNjZXB0OwogICAgICAgICAgICAgIGlwIGRhZGRyICE9IEBleGNsdWRlIHRjcCBkcG9ydCB7IDEtMzEyNywgMzEyOS02NTUzNSB9IGNvdW50ZXIgZG5hdCB0byBcJGRlZmF1bHQtaXB2NDo1NDk2OQogICAgICB9Cn0KRU9GCnN5c3RlbWN0bCBlbmFibGUgbmZ0YWJsZXMuc2VydmljZQpuZnQgLWYgL2V0Yy9uZnRhYmxlcy5jb25mCgoKIyBBZGRpbmcgcmV0cnkgdG8gYXB0LWdldCBkdWUgdG8gb2NjYXNpb25hbCBhcHQgbWlycm9yIHN5bmMgaXNzdWVzLgojIFJldHJ5IGJ1aWx0aW4gaW4gYXB0LWdldCBkb2VzIG5vdCByZXRyeSA0MDQsIHdoaWNoIG1pcnJvciBzeW5jIGlzc3VlcyBjYW4gY2F1c2UuCiMgVGhlcmVmb3JlLCBhIGJhc2ggZm9yIGxvb3AgaXMgdXNlZCBmb3IgcmV0cnlpbmcuCmZvciBpIGluIHswLi42fTsgZG8KICBpZiBhcHQtZ2V0IHVwZGF0ZTsgdGhlbgogICAgYnJlYWsKICBlbHNlCiAgICBlY2hvICJhcHQtZ2V0IHVwZGF0ZSBmYWlsZWQsIHJldHJ5aW5nIGluIDEwIHNlY29uZHMuLi4iCiAgICBzbGVlcCAxMAogIGZpCmRvbmUKCgoKYWRkdXNlciB1YnVudHUgbHhkCmFkZHVzZXIgdWJ1bnR1IGFkbQoKCmVjaG8gIntcInJlZ2lzdHJ5LW1pcnJvcnNcIjogW1wiaHR0cHM6Ly9naXRodWItcnVubmVyLWRvY2tlcmh1Yi1jYWNoZS5jYW5vbmljYWwuY29tOjUwMDBcIl19IiA+IC9ldGMvZG9ja2VyL2RhZW1vbi5qc29uCnN5c3RlbWN0bCBkYWVtb24tcmVsb2FkCnN5c3RlbWN0bCByZXN0YXJ0IGRvY2tlcgoKCiMgUHJlcGFyZSBtZXRyaWNzCnN1IC0gdWJ1bnR1IC1jICdta2RpciAiL2hvbWUvdWJ1bnR1L21ldHJpY3MtZXhjaGFuZ2UiJwoKIyBJbnNlcnQgcHJlLWpvYiBzY3JpcHQsIHdlIHVzZSBhIHNwZWNpYWwgZW5kIG1hcmtlciBhbmQgbm90IEVPRiBvciBFT1QgdG8gYXZvaWQgdGhhdCB0aGUgc2FtZSBpcyByZXVzZWQgaW5zaWRlIHRoZSBzY3JpcHQKY2F0IDw8ICczNWM2ODFkNy1lMGIxLTQzYWEtYWZkYy1mZjdkMWM0ODEwY2EnIHwgc3UgLSB1YnVudHUgLWMgJ3RlZSAvaG9tZS91YnVudHUvYWN0aW9ucy1ydW5uZXIvcHJlLWpvYi5zaCcKIyEvdXNyL2Jpbi9lbnYgYmFzaAoKdGltZXN0YW1wPSQoZGF0ZSArJXMpCgojIERpc2FibGUgZXhpdC1vbi1lcnJvciwgZHVlIHRoZSBuZWVkIGZvciBlcnJvciBoYW5kbGluZy4Kc2V0ICtlCgoKanEgLW4gXAogIC0tYXJnIHdvcmtmbG93ICIkR0lUSFVCX1dPUktGTE9XIiBcCiAgLS1hcmcgcmVwb3NpdG9yeSAiJEdJVEhVQl9SRVBPU0lUT1JZIiBcCiAgLS1hcmcgZXZlbnQgIiRHSVRIVUJfRVZFTlRfTkFNRSIgXAogIC0tYXJnanNvbiB0aW1lc3RhbXAgIiR0aW1lc3RhbXAiIFwKICAtLWFyZyB3b3JrZmxvd19ydW5faWQgIiRHSVRIVUJfUlVOX0lEIiBcCiAgJ3sKICAgICJ3b3JrZmxvdyI6ICR3b3JrZmxvdywKICAgICJyZXBvc2l0b3J5IjogJHJlcG9zaXRvcnksCiAgICAiZXZlbnQiOiAkZXZlbnQsCiAgICAidGltZXN0YW1wIjogJHRpbWVzdGFtcCwKICAgICJ3b3JrZmxvd19ydW5faWQiOiAkd29ya2Zsb3dfcnVuX2lkCiAgfScgPiAiL2hvbWUvdWJ1bnR1L21ldHJpY3MtZXhjaGFuZ2UvcHJlLWpvYi1tZXRyaWNzLmpzb24iIHx8IHRydWUKCgoKCmlmIFtbIC1uICIkRE9DS0VSSFVCX01JUlJPUiIgXV07IHRoZW4KICBsb2dnZXIgLXMgIkEgcHJpdmF0ZSBkb2NrZXIgcmVnaXN0cnkgaXMgc2V0dXAgYXMgYSBkb2NrZXJodWIgbWlycm9yIGZvciB0aGlzIHNlbGYtaG9zdGVkIHJ1bm5lci4iCiAgbG9nZ2VyIC1zICJUaGUgZG9ja2VyIGRhZW1vbiBvbiB0aGlzIHNlbGYtaG9zdGVkIHJ1bm5lciBpcyBjb25maWd1cmVkIHRvIHVzZSB0aGUgZG9ja2VyaHViIG1pcnJvci4iCiAgbG9nZ2VyIC1zICJUaGUgVVJMIHRvIHRoZSBwcml2YXRlIGRvY2tlciByZWdpc3RyeSBpcyBpbiB0aGUgRE9DS0VSSFVCX01JUlJPUiBlbnZpcm9ubWVudCB2YXJpYWJsZS4iCiAgbG9nZ2VyIC1zICJGb3IgbWljcm9rOHMsIHNlZSBpbnN0cnVjdGlvbnMgaGVyZTogaHR0cHM6Ly9taWNyb2s4cy5pby9kb2NzL2RvY2tlcmh1Yi1saW1pdHMiCmZpCgoKMzVjNjgxZDctZTBiMS00M2FhLWFmZGMtZmY3ZDFjNDgxMGNhCgoKd3JpdGVfcG9zdF9tZXRyaWNzKCl7CiAgICAjIEV4cGVjdHMgdGhlIGV4aXQgY29kZSBvZiB0aGUgcnVuLnNoIHNjcmlwdCBhcyB0aGUgZmlyc3QgYXJndW1lbnQuCgogICAgIyBPbmx5IHdyaXRlIHRoZSBwb3N0LWpvYiBtZXRyaWNzIGlmIHRoZSBmaWxlIGRvZXMgbm90IGFscmVhZHkgZXhpc3QgLSB3aGljaCBtYXkgaW5kaWNhdGUKICAgICMgdGhhdCB0aGUgam9iIGhhcyBmYWlsZWQgaW5zaWRlIHByZS1qb2IuCgogICAgaWYgWyAtZiAvaG9tZS91YnVudHUvbWV0cmljcy1leGNoYW5nZS9wb3N0LWpvYi1tZXRyaWNzLmpzb24gXTsgdGhlbgogICAgICAgIHJldHVybgogICAgZmkKCiAgICB0aW1lc3RhbXA9JChkYXRlICslcykKCiAgICAjIFdyaXRlIHRoZSBwb3N0LWpvYiBtZXRyaWNzIHVzaW5nIHN0YXR1cyBhYm5vcm1hbCBhbmQgZXhpdCBjb2RlIGlmIGV4aXQgY29kZSBpcyBub24temVybwogICAgaWYgWyAiJDEiICE9ICIwIiBdOyB0aGVuCiAgICAgICAgc3VkbyAtZyB1YnVudHUgLXUgdWJ1bnR1IGpxIC1uIFwKICAgICAgICAgIC0tYXJnanNvbiB0aW1lc3RhbXAgIiR0aW1lc3RhbXAiIFwKICAgICAgICAgIC0tYXJnIHN0YXR1cyAiYWJub3JtYWwiIFwKICAgICAgICAgIC0tYXJnanNvbiBleGl0X2NvZGUgIiQxIiBcCiAgICAgICAgICAnewogICAgICAgICAgICAidGltZXN0YW1wIjogJHRpbWVzdGFtcCwKICAgICAgICAgICAgInN0YXR1cyI6ICRzdGF0dXMsCiAgICAgICAgICAgICJzdGF0dXNfaW5mbyI6IHtjb2RlOiAkZXhpdF9jb2RlfQogICAgICAgICAgfScgPiAiL2hvbWUvdWJ1bnR1L21ldHJpY3MtZXhjaGFuZ2UvcG9zdC1qb2ItbWV0cmljcy5qc29uIgogICAgICAgIHJldHVybgogICAgZWxzZQogICAgICAgICMgSWYgZXhpdCBjb2RlIGlzIHplcm8sIHdyaXRlIHRoZSBwb3N0LWpvYiBtZXRyaWNzIHVzaW5nIHN0YXR1cyBub3JtYWwKICAgICAgICBzdWRvIC1nIHVidW50dSAtdSB1YnVudHUganEgLW4gXAogICAgICAgICAgLS1hcmdqc29uIHRpbWVzdGFtcCAiJHRpbWVzdGFtcCIgXAogICAgICAgICAgJ3sKICAgICAgICAgICAgInRpbWVzdGFtcCI6ICR0aW1lc3RhbXAsCiAgICAgICAgICAgICJzdGF0dXMiOiAibm9ybWFsIgogICAgICAgICAgfScgPiAiL2hvbWUvdWJ1bnR1L21ldHJpY3MtZXhjaGFuZ2UvcG9zdC1qb2ItbWV0cmljcy5qc29uIgogICAgZmkKfQoKZGF0ZSArJXMgPiAgL2hvbWUvdWJ1bnR1L21ldHJpY3MtZXhjaGFuZ2UvcnVubmVyLWluc3RhbGxlZC50aW1lc3RhbXAKCiMgUnVuIHJ1bm5lcgojIFdlIHdhbnQgdG8gY2FwdHVyZSB0aGUgZXhpdCBjb2RlIG9mIHRoZSBydW4gc2NyaXB0IGFuZCB3cml0ZSB0aGUgcG9zdC1qb2IgbWV0cmljcy4KIyBJZiB0aGUgYWdlbnQgcHJvdmlkZWQgZG9lcyBub3Qgc3RvcCwgdGhlIG1ldHJpY3Mgd2lsbCBub3QgYmUgd3JpdHRlbiB0byB0aGUgZmlsZSBhbmQKIyBzaG91bGQgYmUgdGFrZW4gZnJvbSB0aGUgcGxhdGZvcm0gcHJvdmlkZXIuCgooc2V0ICtlOyBzdSAtIHVidW50dSAtYyAiY2Qgfi9hY3Rpb25zLXJ1bm5lciAmJiAvaG9tZS91YnVudHUvYWN0aW9ucy1ydW5uZXIvcnVuLnNoIC0taml0Y29uZmlnIGV5SXVjblZ1Ym1WeUlqb2laWGxLUWxveVZuVmtSV3hyU1dwdmFVNUVaM3BPVkVWNVNXbDNhVkZYWkd4aWJsSlBXVmN4YkVscWIybGtSMVo2WkVNeGQyRkhVakpOYlU1c1kya3dkMHhYTkhSUFJFMHlXa1JWZWs1SFJURlpha2sxU1dsM2FWSkhiSHBaVjBweldsWldkMXBIUmpCYVUwazJTV3hTZVdSWFZXbE1RMHBHWTBkb2JHSlhWbmxaVjNkcFQybEtWV051Vm14SmFYZHBWVWM1ZG1KRmJHdEphbTlwVFZOSmMwbHNRblppTW5oUFdWY3hiRWxxY0hWa1YzaHpURU5LVkZwWVNqSmFXRXBXWTIxM2FVOXBTbTlrU0ZKM1kzcHZka3d6UW5CalIxWnpZVmMxYkdNeVpHOWtWMHBzWkZoTmVVNUROV2haTTFKd1lqSTFla3h0WkhCa1IyZ3hXVzVXZWxwWVNtcGlNalV3V2xjMU1FeHRUblppVXpoNFlYcEdkbHBIYkhsV1YyZzBWMnBTU0dJeVNuZGliR1JUV210c2QyRXdTWGxXUnpGM1lVaE5NV1JxYkRGU2EyUjJaVlpTVFUxNlNtNWFNMmhQVjI1R2JGbFRPR2xNUTBwWVlqTktjbEp0T1hOYVIxWjVTV3B2YVZnelpIWmpiWE5wVEVOS1NHRllVa2xrVjBwV1kyMTNhVTlwU205a1NGSjNZM3B2ZGt3eVpIQmtSMmd4V1drMWFtSXlNSFpaTWtaMVlqSTFjRmt5Um5OTU1tUndaRWRvTVZscE1YbGtWelYxV2xoSmRHSXpRbXhqYlVZd1lqTkphVXhEU2xSYVdFb3lXbGhLVm1OdGVGZE5hVWsyU1cxb01HUklRbnBQYVRoMldXNUtkbUV5Vm5sTWJVWnFaRWRzZG1KdVRYVmFNbXd3WVVoV2FXUllUbXhqYlU1MlltNVNiR0p1VVhWWk1qbDBUSGxKYzBsc1ZucGFWbGw1VW0xNGRtUjVTVFpKYmxKNVpGZFZhV1pSUFQwaUxDSXVZM0psWkdWdWRHbGhiSE1pT2lKbGVVcFVXVEpvYkdKWFZXbFBhVXBRVVZoV01HRkRTWE5KYTFKb1pFZEZhVTl1YzJsUk1uaHdXbGMxTUZOWFVXbFBhVWt5VFVSUk5VNXRTbWhPVXpGclQwUlJkMHhVVVRGWlZFRjBUMFJCZDA1RE1EUk9hbWhxV1dwQ2Exa3lUVFZQUkZGcFRFTktRbVJZVW05aU0wcHdaVzFHTUdGWE9YVldXRXB6U1dwdmFXRklVakJqU0UwMlRIazVkMkZZUW14aVIyeDFXbGhPYm1GSVZtbGFXRlo2VFdwUmRWbFhUakJoVnpsMVkzazFibUZZVW05a1Ywb3hZekpXZVZreU9YVmtSMVoxWkVNMWFtSXlNSFpOVjNONFlqSlNjR05zVm05bFJtOHdVakk1YVdOSE5WaFZiVnBLWTBkMFEwMXNVblJqUjJoNlRsaFpOV1JWV2toaU0yeFZWRVJOZVZveVpEUlViSEI0V2xkRmRsZ3lSbmRoV0UxMllqSkdNV1JIWjNsTU0xSjJZVEpXZFVsdU1Ua2lMQ0l1WTNKbFpHVnVkR2xoYkhOZmNuTmhjR0Z5WVcxeklqb2laWGxLYTBscWIybGpTRTVMU3pOR1JHSkhOREZQUjJ4UldrZEZNMkZYTkROTlJrcExVbnBXU0ZNd2FEVmpiV1IzWkdwU1VXSXpaRlZaYWtVMVRrWmFhVm96WkhsWFJrVjJZMFZhUlZsWFJsTmhlbEpPVGpGd1UyTnJlREJNTTBJMFdrZE9NbGRGVWtSaVJYTjZUbXBhZDFadGRFeGhiRVpWV1ZaQk1GWlVXa0pMTVd3d1pWVkdlbHBYZEhsalZFa3pUMVJvYUZkc1RrSlpXRTVYVWpKU2RXUnJUbFJPUkdScFdqTk9lbFF3YURCa01rWm9ZakF4UmtzelZrVmhNR2h0VlRKMGRXSjZWalJYVm1ST1VWUkdkMk5YYUZsaFJWWkNVVlJHTmxOc1VqTldNVkpaWTJ0d1dWWjZSbHBsVlRWcFlWZFNkbVF3YTNKT01EVXdUVVU1VEZwSVVtdFZWMDVwV1cxc1RHSjZXWEppU0ZvMllsVk9UbUZXU2twUk1XOHpVMVpHVVU1cVdsUlZSWGhYVmxSb1JGRjZRa05oVkVFelZHNUtkVm96Um1GWmJHODFUa2RXUkZVd1NtbE9NVnBQWTFoR05GVnRjRlJVTTFKeVZtcEJkbVJyV2xoT1Z6VlhVM3BuTWs1SE1YaGpSVFF6U3pBMU5WSklielZWU0dSQ1lrWm9jMDR5ZEVKaE0yUTFWMGhDYkV3d2RERlVhekY0VXpBNVVVNXJhekJWUlVaMVZWVlZjazVET1ZoUFJWWXdVak5hWVZSVlpGTmlWMXBPWlVWb2JGTkhiR3hVTUZwSlpWVjRjRmRGYkZKUVZEQnBURU5LYTJORFNUWkpiRVpKVkVaS1NGTnFRWGRrV0U1cVRsaGpNbFJWWTNaWFZrcHlWMVprTlZKdVVuZE9hMUYzVmtSck1sRldRbXRrVjJzd1VsaG9XbE42V25OamEwWnZWWHBDY0ZwSE5VbFZSa1p6VFROYVIyTldWalJYYTJSclQwVmtTbE5XWXpKWlZWWlNWRVpDTTFadFVsVlJXRUpHV2tSck1HUnJhRk5WVkZKR1ZtNUdXRTR6VGpOalYwMTRVVlpTVG1ReWRGZFVlbVJWWW0xTmVXSXdkRlZOTTBFeFpFaFdURko2V21wTmEyaFBXVlJqZW1Wck5WVmxiVnBQWkdwYVJGWjZRblpXV0VGeVlXdEtkRTB6V25ST00xWkhWRE53YzJKSFduaGpia0pYVW1wS01VOUZWbFJXVkRCcFRFTkthMk5UU1RaSmJURnlaRVphYjFsdVJUSldSbGt5VjBSc01GRldXbmhPZW1SVlRXNVdVR1JXV1hwUFZYaDVUVEprY1ZaVmFHRlNWRTR5VDFSa2VWVlhjSGxoYmtVeVdWaEtkVTFyVG1wYVJWSkpaREJXVGsxNlNrdFpNVUpUVmpKd1lVNVZSbWhXYlU1eVdsY3hObFF4U2t0VlJra3hZbnBzTmxscWJHeGpTRXBVVTBkd01tRnVjRzFTTWxJMlZUTnNNbE5YY0dsTmEzQXpZVEZLY0ZkdVRucFpiV2hSV2xaYVMySXdaSGhoUjNCSlZHMXdObEV5VlRWV1JGcENWRzE0VTFWSFZrTk5hbHB1VmpJeFNHSnRiRWRUYW1ocVZqRk9TRkZ0Vm1GV1J6bDNWakJHTldOck1WUlNWREJwVEVOS2JHVklRblppYlZaMVpFTkpOa2xyUmxKUlZVbHBURU5LY0dKdVdteGpiazVzVlZOSk5rbHFRWEpqTVVFeFpESjRNV0Y2VW5OU2ExSjFZV3BWZDJKclVUUk9WR041V1c1ak5GSkZkRXRQUjNCMFRWVXdNRmRIZERGU00yZ3pVbXBWTkZadFdYZE9XRko2WW1wQ1JtRkZZelJUYmtGNVZVVk9jV0l4VmtWVk1uUTFWMVpHUzFsclJtbFNlbHBSWkZWb2VtRjZWblZXYmtreFUyNUtXRll4VWxwbFZrNTNaR3R3WVdGSFdrSmFTRlpoV2xWV1dtTkdWbkJhYW14WVRUTk5OV05WYUU1VWFUaDNVVmRzU0dGcWJFOWtSRkV5Vmxod1VscERkR3BXVldzelpXeGpOVXN3UmpaaWFtaE9UbFJLTlZONlVqSlRWMk42V1ZoT1NFMHdOVzFTYWxrMVQwaGpNV1I2TUdsTVEwcDBZakpTTVdKSVZucEphbTlwWkc1V1QyUlZSalZhZWtwS1UwUkpNMVl6YjNKTWVteDVVM3BXZFZWcVVrWk5NblJvWXpOU1YxbHJielJqVldoTVRXMU9hazVITVZsT2VrWk5VbXh2ZGsxSGRITmpNV2Q1VjJ4YVdGSlVaRU5pUldSMlRVaFdlR05VUmt4U1J6bFFXa1JTV1ZKWVdsUlZWVEZHWVZkV2RHRkhaRkJXUnpReFVXdEtUMU5HVmpKVGJtY3dWRE5GZDJOVk5WWlBSMFpEWlZWb2FWUnJaR3hhUm5CTVZUSmFRbFF5ZEZCTGVrcHVVMFJKZDA5V1duZGhVM1JzVkVob2MxTXhWbTFaYTJjMVQwUlNNRnA2VWxWU2VtaE5VVzEwTkZSSVJUQmpTSEIxWTFkS1lXRXpiSFpXTUhCMVUyeGFObGRXUlhoWFJrSlVUVlJTVEUxSFdsSmlha28yVkRCR2FtUnRlSFZYUlZKWFdteGFkVk13V1hwTGVteE1XVmhyTWsxVmNESmxWbTh3VVhwbk0xUldXbk5XVlVrd1MzbDBiazVFU1RSaFZ6RnhVMjFzZWxNd1pFZGxibEpQVGpGV05FNUlXbnBXTWpsWlkyMUdWVm93VGt0VU0zQjRUbFZTV2xVelRUTmFWRUoyV2tVNWVGSkhjRXRXUkZsM1VqRk5NRlF5V1hKT01FWllZa2RhYzAxVldsVlNWR3d6VXpGb2NGUjZRbGROYTFKWlRETlJkMUl3YkZKVGJVWTJVWHBvYUZWRVpGQlBSV1JEV1hwS2JXVlZXbFZWVjBaVlZXNUtkRll4YjNsUk1FcFNVRlF3YVV4RFNuZEphbTlwVDBoVmQyTkhSazVVYlZwdVpVWlpOVmRYTlVOa01XeFJUV3RPZFZKdGVGWmhNMmMwVDBVNU5FNXRPWEJUVnpWNllVWkdkVTR3YUVSVVYydzBXVEZPV0ZvemFIZFNiR1IyVjJ4d05GZElRazVaYTFwRllWY3hVR1JFUm10a2JVWlFVV3N4UmxFeFJsWldiWGcyVERKME1GSnJUVEprYlRCM1VWWmFVMVpVVW5Ka1ZFbDJVa1JhUm1JeGNEWlBSa1l4Vld4R1NHVklZekZoUjJocFdsVXhVRTR5YjNaT1dGSXlVMGhKZVZwcmFHOVNNVVl5VkZSU1RGZFVVbWhrTVU1V1VUQkdiVlJFVW1wUlYwcENUMFZzVTFadVZrNVRhbWhNVWtkNE1HUnNSbFprYlRCM1VGTkpjMGx1UldsUGFVbzFWVEo0Vmsxc2EzWlJibXhwWlZad2NHTnFaRE5UYmtKRVVUQjRhRkpHV210aFYydDZZWHBHU21GRlJsRlpNMFpyVjFNNVVXTlhSbWhsVjJnMFpIcFNha3g2VWs1aVIxcEtWa1ZPUTJJemJIQmFibWR5VFcxYWJXRnRhM0pVTUdocVpWUmFjRmRWT1ZwT1NFcHFWRWRrTUV4NlFucFJhbEoxWTFWR1ZsRjZXbXhQVjFKMFZsWkdTVlJHVms1VGVrSXpZMWR3V0ZKWFdrOVRSbFkwV2pGV2NrNHdUalJXYTBveFRXdEdiMkV4Y0RGbGJURTJVbFp3Y1ZWRVZuWlNWMnhyV1ZSc2JWcFhPVmxNTVZJMFZUTkdkVTVITVZCbGJrcDFWVmhTYTFOSFNrNWtiWE01U1c0d1BTSjkiOyB3cml0ZV9wb3N0X21ldHJpY3MgJD8pCgpzdSAtIHVidW50dSAtYyAidG91Y2ggL2hvbWUvdWJ1bnR1L3J1bi1jb21wbGV0ZWQi, OS-EXT-STS:task_state=None, OS-EXT-STS:vm_state=active, OS-EXT-STS:power_state=1, os-extended-volumes:volumes_attached=[], locked=False, locked_reason=None, description=None, tags=[], trusted_image_certificates=None, security_groups=[{'name': 'github-runner-v1'}], location=Munch({'cloud': 'testcloud', 'region_name': 'prodstack7', 'zone': 'AZ3', 'project': Munch({'id': '5094adb2b2594752ba2421a5dd2905cf', 'name': 'stg-ps7-github-runner-test-amd64_project', 'domain_id': None, 'domain_name': 'Default'})}), public_v4=, public_v6=, private_v4=10.151.122.47, interface_ip=)]
18:40:08 INFO Server test-phdv2cer-0-n-836d534a5b29 console log:
[    0.000000] Linux version 6.14.0-37-generic (buildd@lcy02-amd64-031) (x86_64-linux-gnu-gcc-13 (Ubuntu 13.3.0-6ubuntu2~24.04) 13.3.0, GNU ld (GNU Binutils for Ubuntu) 2.42) #37~24.04.1-Ubuntu SMP PREEMPT_DYNAMIC Thu Nov 20 10:25:38 UTC 2 (Ubuntu 6.14.0-37.37~24.04.1-generic 6.14.11)
[    0.000000] Command line: BOOT_IMAGE=/vmlinuz-6.14.0-37-generic root=UUID=0905329d-4022-4692-bb5d-b614c117dd8c ro console=tty1 console=ttyS0
[    0.000000] KERNEL supported cpus:
[    0.000000]   Intel GenuineIntel
[    0.000000]   AMD AuthenticAMD
[    0.000000]   Hygon HygonGenuine
[    0.000000]   Centaur CentaurHauls
[    0.000000]   zhaoxin   Shanghai  
[    0.000000] BIOS-provided physical RAM map:
[    0.000000] BIOS-e820: [mem 0x0000000000000000-0x000000000009fbff] usable
[    0.000000] BIOS-e820: [mem 0x000000000009fc00-0x000000000009ffff] reserved
[    0.000000] BIOS-e820: [mem 0x00000000000f0000-0x00000000000fffff] reserved
[    0.000000] BIOS-e820: [mem 0x0000000000100000-0x00000000bffdcfff] usable
[    0.000000] BIOS-e820: [mem 0x00000000bffdd000-0x00000000bfffffff] reserved
[    0.000000] BIOS-e820: [mem 0x00000000feffc000-0x00000000feffffff] reserved
[    0.000000] BIOS-e820: [mem 0x00000000fffc0000-0x00000000ffffffff] reserved
[    0.000000] BIOS-e820: [mem 0x0000000100000000-0x000000013fffffff] usable
[    0.000000] BIOS-e820: [mem 0x000000fd00000000-0x000000ffffffffff] reserved
[    0.000000] NX (Execute Disable) protection: active
[    0.000000] APIC: Static calls initialized
[    0.000000] SMBIOS 2.8 present.
[    0.000000] DMI: OpenStack Foundation OpenStack Nova, BIOS 1.16.3-debian-1.16.3-2~backport22.04.202412060920~ubuntu22.04.1 04/01/2014
[    0.000000] DMI: Memory slots populated: 1/1
[    0.000000] Hypervisor detected: KVM
[    0.000000] kvm-clock: Using msrs 4b564d01 and 4b564d00
[    0.000000] kvm-clock: using sched offset of 2762385412 cycles
[    0.000002] clocksource: kvm-clock: mask: 0xffffffffffffffff max_cycles: 0x1cd42e4dffb, max_idle_ns: 881590591483 ns
[    0.000005] tsc: Detected 2396.400 MHz processor
[    0.000898] last_pfn = 0x140000 max_arch_pfn = 0x400000000
[    0.000937] MTRR map: 4 entries (3 fixed + 1 variable; max 19), built from 8 variable MTRRs
[    0.000940] x86/PAT: Configuration [0-7]: WB  WC  UC- UC  WB  WP  UC- WT  
[    0.000994] last_pfn = 0xbffdd max_arch_pfn = 0x400000000
[    0.003236] found SMP MP-table at [mem 0x000f53c0-0x000f53cf]
[    0.003253] Using GB pages for direct mapping
[    0.003481] RAMDISK: [mem 0x2ed97000-0x336c2fff]
[    0.003863] ACPI: Early table checksum verification disabled
[    0.003866] ACPI: RSDP 0x00000000000F5140 000014 (v00 BOCHS )
[    0.003870] ACPI: RSDT 0x00000000BFFE2334 000034 (v01 BOCHS  BXPC     00000001 BXPC 00000001)
[    0.003875] ACPI: FACP 0x00000000BFFE2150 000074 (v01 BOCHS  BXPC     00000001 BXPC 00000001)
[    0.003879] ACPI: DSDT 0x00000000BFFE0040 002110 (v01 BOCHS  BXPC     00000001 BXPC 00000001)
[    0.003881] ACPI: FACS 0x00000000BFFE0000 000040
[    0.003883] ACPI: APIC 0x00000000BFFE21C4 000080 (v03 BOCHS  BXPC     00000001 BXPC 00000001)
[    0.003885] ACPI: SRAT 0x00000000BFFE2244 0000C8 (v01 BOCHS  BXPC     00000001 BXPC 00000001)
[    0.003887] ACPI: WAET 0x00000000BFFE230C 000028 (v01 BOCHS  BXPC     00000001 BXPC 00000001)
[    0.003888] ACPI: Reserving FACP table memory at [mem 0xbffe2150-0xbffe21c3]
[    0.003889] ACPI: Reserving DSDT table memory at [mem 0xbffe0040-0xbffe214f]
[    0.003890] ACPI: Reserving FACS table memory at [mem 0xbffe0000-0xbffe003f]
[    0.003891] ACPI: Reserving APIC table memory at [mem 0xbffe21c4-0xbffe2243]
[    0.003891] ACPI: Reserving SRAT table memory at [mem 0xbffe2244-0xbffe230b]
[    0.003892] ACPI: Reserving WAET table memory at [mem 0xbffe230c-0xbffe2333]
[    0.003970] ACPI: SRAT: Node 0 PXM 0 [mem 0x00000000-0x0009ffff]
[    0.003973] ACPI: SRAT: Node 0 PXM 0 [mem 0x00100000-0xbfffffff]
[    0.003974] ACPI: SRAT: Node 0 PXM 0 [mem 0x100000000-0x13fffffff]
[    0.003976] NUMA: Node 0 [mem 0x00001000-0x0009ffff] + [mem 0x00100000-0xbfffffff] -> [mem 0x00001000-0xbfffffff]
[    0.003978] NUMA: Node 0 [mem 0x00001000-0xbfffffff] + [mem 0x100000000-0x13fffffff] -> [mem 0x00001000-0x13fffffff]
[    0.003987] NODE_DATA(0) allocated [mem 0x13ffd3540-0x13fffdfff]
[    0.004134] Zone ranges:
[    0.004134]   DMA      [mem 0x0000000000001000-0x0000000000ffffff]
[    0.004136]   DMA32    [mem 0x0000000001000000-0x00000000ffffffff]
[    0.004137]   Normal   [mem 0x0000000100000000-0x000000013fffffff]
[    0.004138]   Device   empty
[    0.004139] Movable zone start for each node
[    0.004140] Early memory node ranges
[    0.004140]   node   0: [mem 0x0000000000001000-0x000000000009efff]
[    0.004142]   node   0: [mem 0x0000000000100000-0x00000000bffdcfff]
[    0.004143]   node   0: [mem 0x0000000100000000-0x000000013fffffff]
[    0.004143] Initmem setup node 0 [mem 0x0000000000001000-0x000000013fffffff]
[    0.004148] On node 0, zone DMA: 1 pages in unavailable ranges
[    0.004169] On node 0, zone DMA: 97 pages in unavailable ranges
[    0.006753] On node 0, zone Normal: 35 pages in unavailable ranges
[    0.007623] ACPI: PM-Timer IO Port: 0x608
[    0.007637] ACPI: LAPIC_NMI (acpi_id[0xff] dfl dfl lint[0x1])
[    0.007667] IOAPIC[0]: apic_id 0, version 17, address 0xfec00000, GSI 0-23
[    0.007670] ACPI: INT_SRC_OVR (bus 0 bus_irq 0 global_irq 2 dfl dfl)
[    0.007671] ACPI: INT_SRC_OVR (bus 0 bus_irq 5 global_irq 5 high level)
[    0.007672] ACPI: INT_SRC_OVR (bus 0 bus_irq 9 global_irq 9 high level)
[    0.007673] ACPI: INT_SRC_OVR (bus 0 bus_irq 10 global_irq 10 high level)
[    0.007674] ACPI: INT_SRC_OVR (bus 0 bus_irq 11 global_irq 11 high level)
[    0.007677] ACPI: Using ACPI (MADT) for SMP configuration information
[    0.007682] CPU topo: Max. logical packages:   2
[    0.007683] CPU topo: Max. logical dies:       2
[    0.007683] CPU topo: Max. dies per package:   1
[    0.007687] CPU topo: Max. threads per core:   1
[    0.007687] CPU topo: Num. cores per package:     1
[    0.007688] CPU topo: Num. threads per package:   1
[    0.007688] CPU topo: Allowing 2 present CPUs plus 0 hotplug CPUs
[    0.007708] kvm-guest: APIC: eoi() replaced with kvm_guest_apic_eoi_write()
[    0.007724] PM: hibernation: Registered nosave memory: [mem 0x00000000-0x00000fff]
[    0.007725] PM: hibernation: Registered nosave memory: [mem 0x0009f000-0x000fffff]
[    0.007726] PM: hibernation: Registered nosave memory: [mem 0xbffdd000-0xffffffff]
[    0.007728] [mem 0xc0000000-0xfeffbfff] available for PCI devices
[    0.007729] Booting paravirtualized kernel on KVM
[    0.007731] clocksource: refined-jiffies: mask: 0xffffffff max_cycles: 0xffffffff, max_idle_ns: 1910969940391419 ns
[    0.007737] setup_percpu: NR_CPUS:8192 nr_cpumask_bits:2 nr_cpu_ids:2 nr_node_ids:1
[    0.007838] percpu: Embedded 88 pages/cpu s237568 r8192 d114688 u1048576
[    0.007868] kvm-guest: PV spinlocks disabled, no host support
[    0.007869] Kernel command line: BOOT_IMAGE=/vmlinuz-6.14.0-37-generic root=UUID=0905329d-4022-4692-bb5d-b614c117dd8c ro console=tty1 console=ttyS0
[    0.007923] Unknown kernel command line parameters "BOOT_IMAGE=/vmlinuz-6.14.0-37-generic", will be passed to user space.
[    0.007935] random: crng init done
[    0.007936] printk: log buffer data + meta data: 262144 + 917504 = 1179648 bytes
[    0.008086] Dentry cache hash table entries: 524288 (order: 10, 4194304 bytes, linear)
[    0.008173] Inode-cache hash table entries: 262144 (order: 9, 2097152 bytes, linear)
[    0.008200] Fallback order for Node 0: 0 
[    0.008203] Built 1 zonelists, mobility grouping on.  Total pages: 1048443
[    0.008203] Policy zone: Normal
[    0.008210] mem auto-init: stack:all(zero), heap alloc:on, heap free:off
[    0.008214] software IO TLB: area num 2.
[    0.018599] SLUB: HWalign=64, Order=0-3, MinObjects=0, CPUs=2, Nodes=1
[    0.018632] ftrace: allocating 60485 entries in 237 pages
[    0.042998] ftrace: allocated 237 pages with 6 groups
[    0.043923] Dynamic Preempt: voluntary
[    0.043962] rcu: Preemptible hierarchical RCU implementation.
[    0.043963] rcu: 	RCU restricting CPUs from NR_CPUS=8192 to nr_cpu_ids=2.
[    0.043964] 	Trampoline variant of Tasks RCU enabled.
[    0.043965] 	Rude variant of Tasks RCU enabled.
[    0.043965] 	Tracing variant of Tasks RCU enabled.
[    0.043966] rcu: RCU calculated value of scheduler-enlistment delay is 100 jiffies.
[    0.043966] rcu: Adjusting geometry for rcu_fanout_leaf=16, nr_cpu_ids=2
[    0.043972] RCU Tasks: Setting shift to 1 and lim to 1 rcu_task_cb_adjust=1 rcu_task_cpu_ids=2.
[    0.043974] RCU Tasks Rude: Setting shift to 1 and lim to 1 rcu_task_cb_adjust=1 rcu_task_cpu_ids=2.
[    0.043975] RCU Tasks Trace: Setting shift to 1 and lim to 1 rcu_task_cb_adjust=1 rcu_task_cpu_ids=2.
[    0.046701] NR_IRQS: 524544, nr_irqs: 440, preallocated irqs: 16
[    0.046923] rcu: srcu_init: Setting srcu_struct sizes based on contention.
[    0.065007] Console: colour VGA+ 80x25
[    0.065012] printk: legacy console [tty1] enabled
[    0.112662] printk: legacy console [ttyS0] enabled
[    0.308084] ACPI: Core revision 20240827
[    0.309477] APIC: Switch to symmetric I/O mode setup
[    0.311233] x2apic enabled
[    0.312534] APIC: Switched APIC routing to: physical x2apic
[    0.315388] ..TIMER: vector=0x30 apic1=0 pin1=2 apic2=-1 pin2=-1
[    0.317188] tsc: Marking TSC unstable due to TSCs unsynchronized
[    0.318994] Calibrating delay loop (skipped) preset value.. 4792.80 BogoMIPS (lpj=2396400)
[    0.322090] x86/cpu: User Mode Instruction Prevention (UMIP) activated
[    0.324077] Last level iTLB entries: 4KB 512, 2MB 255, 4MB 127
[    0.325344] Last level dTLB entries: 4KB 512, 2MB 255, 4MB 127, 1GB 0
[    0.326996] Spectre V1 : Mitigation: usercopy/swapgs barriers and __user pointer sanitization
[    0.329995] Spectre V2 : Mitigation: Retpolines
[    0.331327] Spectre V2 : Spectre v2 / SpectreRSB: Filling RSB on context switch and VMEXIT
[    0.332996] Spectre V2 : Enabling Speculation Barrier for firmware calls
[    0.336991] RETBleed: Mitigation: untrained return thunk
[    0.338329] Spectre V2 : mitigation: Enabling conditional Indirect Branch Prediction Barrier
[    0.339993] Speculative Store Bypass: Vulnerable
[    0.342302] Speculative Return Stack Overflow: IBPB-extending microcode not applied!
[    0.343997] Speculative Return Stack Overflow: WARNING: See https://kernel.org/doc/html/latest/admin-guide/hw-vuln/srso.html for mitigation options.
[    0.343999] x86/bugs: return thunk changed
[    0.348995] Speculative Return Stack Overflow: Vulnerable: Safe RET, no microcode
[    0.352009] x86/fpu: Supporting XSAVE feature 0x001: 'x87 floating point registers'
[    0.353993] x86/fpu: Supporting XSAVE feature 0x002: 'SSE registers'
[    0.355993] x86/fpu: Supporting XSAVE feature 0x004: 'AVX registers'
[    0.357993] x86/fpu: xstate_offset[2]:  576, xstate_sizes[2]:  256
[    0.359992] x86/fpu: Enabled xstate features 0x7, context size is 832 bytes, using 'compacted' format.
[    0.393221] Freeing SMP alternatives memory: 48K
[    0.394346] pid_max: default: 32768 minimum: 301
[    0.396055] LSM: initializing lsm=lockdown,capability,landlock,yama,apparmor,ima,evm
[    0.404002] landlock: Up and running.
[    0.405993] Yama: becoming mindful.
[    0.407030] AppArmor: AppArmor initialized
[    0.408379] Mount-cache hash table entries: 8192 (order: 4, 65536 bytes, linear)
[    0.410994] Mountpoint-cache hash table entries: 8192 (order: 4, 65536 bytes, linear)
[    0.515877] smpboot: CPU0: AMD EPYC-Rome Processor (family: 0x17, model: 0x31, stepping: 0x0)
[    0.516862] Performance Events: Fam17h+ core perfctr, AMD PMU driver.
[    0.517381] ... version:                0
[    0.518993] ... bit width:              48
[    0.520315] ... generic registers:      6
[    0.521325] ... value mask:             0000ffffffffffff
[    0.522344] ... max period:             00007fffffffffff
[    0.523993] ... fixed-purpose events:   0
[    0.525312] ... event mask:             000000000000003f
[    0.527086] signal: max sigframe size: 1776
[    0.528368] rcu: Hierarchical SRCU implementation.
[    0.529993] rcu: 	Max phase no-delay instances is 400.
[    0.531412] Timer migration: 1 hierarchy levels; 8 children per group; 1 crossnode level
[    0.536810] smp: Bringing up secondary CPUs ...
[    0.538145] smpboot: x86: Booting SMP configuration:
[    0.539993] .... node  #0, CPUs:      #1
[    0.540169] smp: Brought up 1 node, 2 CPUs
[    0.543314] smpboot: Total of 2 processors activated (9585.60 BogoMIPS)
[    0.544603] Memory: 3919088K/4193772K available (21475K kernel code, 4587K rwdata, 15072K rodata, 5140K init, 4412K bss, 267764K reserved, 0K cma-reserved)
[    0.546056] devtmpfs: initialized
[    0.547065] x86/mm: Memory block size: 128MB
[    0.549393] clocksource: jiffies: mask: 0xffffffff max_cycles: 0xffffffff, max_idle_ns: 1911260446275000 ns
[    0.550996] futex hash table entries: 512 (order: 3, 32768 bytes, linear)
[    0.552461] pinctrl core: initialized pinctrl subsystem
[    0.554211] PM: RTC time: 18:37:48, date: 2026-02-05
[    0.556457] NET: Registered PF_NETLINK/PF_ROUTE protocol family
[    0.558151] DMA: preallocated 512 KiB GFP_KERNEL pool for atomic allocations
[    0.559418] DMA: preallocated 512 KiB GFP_KERNEL|GFP_DMA pool for atomic allocations
[    0.561014] DMA: preallocated 512 KiB GFP_KERNEL|GFP_DMA32 pool for atomic allocations
[    0.563004] audit: initializing netlink subsys (disabled)
[    0.564384] audit: type=2000 audit(1770316669.451:1): state=initialized audit_enabled=0 res=1
[    0.564384] thermal_sys: Registered thermal governor 'fair_share'
[    0.565993] thermal_sys: Registered thermal governor 'bang_bang'
[    0.567993] thermal_sys: Registered thermal governor 'step_wise'
[    0.569993] thermal_sys: Registered thermal governor 'user_space'
[    0.571366] thermal_sys: Registered thermal governor 'power_allocator'
[    0.572374] cpuidle: using governor ladder
[    0.575005] cpuidle: using governor menu
[    0.577480] acpiphp: ACPI Hot Plug PCI Controller Driver version: 0.5
[    0.578631] PCI: Using configuration type 1 for base access
[    0.579346] PCI: Using configuration type 1 for extended access
[    0.581168] kprobes: kprobe jump-optimization is enabled. All kprobes are optimized if possible.
[    0.597990] HugeTLB: registered 1.00 GiB page size, pre-allocated 0 pages
[    0.600410] HugeTLB: 16380 KiB vmemmap can be freed for a 1.00 GiB page
[    0.602382] HugeTLB: registered 2.00 MiB page size, pre-allocated 0 pages
[    0.604376] HugeTLB: 28 KiB vmemmap can be freed for a 2.00 MiB page
[    0.606990] ACPI: Added _OSI(Module Device)
[    0.608310] ACPI: Added _OSI(Processor Device)
[    0.609999] ACPI: Added _OSI(Processor Aggregator Device)
[    0.612813] ACPI: 1 ACPI AML tables successfully acquired and loaded
[    0.617230] ACPI: Interpreter enabled
[    0.619320] ACPI: PM: (supports S0 S3 S4 S5)
[    0.619993] ACPI: Using IOAPIC for interrupt routing
[    0.621551] PCI: Using host bridge windows from ACPI; if necessary, use "pci=nocrs" and report a bug
[    0.624533] PCI: Using E820 reservations for host bridge windows
[    0.626525] ACPI: Enabled 2 GPEs in block 00 to 0F
[    0.631960] ACPI: PCI Root Bridge [PCI0] (domain 0000 [bus 00-ff])
[    0.634381] acpi PNP0A03:00: _OSC: OS supports [ExtendedConfig ASPM ClockPM Segments MSI EDR HPX-Type3]
[    0.637237] acpiphp: Slot [3] registered
[    0.638339] acpiphp: Slot [4] registered
[    0.640334] acpiphp: Slot [5] registered
[    0.641027] acpiphp: Slot [6] registered
[    0.642337] acpiphp: Slot [7] registered
[    0.644337] acpiphp: Slot [8] registered
[    0.646342] acpiphp: Slot [9] registered
[    0.647008] acpiphp: Slot [10] registered
[    0.648349] acpiphp: Slot [11] registered
[    0.650335] acpiphp: Slot [12] registered
[    0.651022] acpiphp: Slot [13] registered
[    0.652349] acpiphp: Slot [14] registered
[    0.654334] acpiphp: Slot [15] registered
[    0.655024] acpiphp: Slot [16] registered
[    0.656351] acpiphp: Slot [17] registered
[    0.658332] acpiphp: Slot [18] registered
[    0.659026] acpiphp: Slot [19] registered
[    0.660355] acpiphp: Slot [20] registered
[    0.662342] acpiphp: Slot [21] registered
[    0.663022] acpiphp: Slot [22] registered
[    0.664345] acpiphp: Slot [23] registered
[    0.666344] acpiphp: Slot [24] registered
[    0.667022] acpiphp: Slot [25] registered
[    0.668336] acpiphp: Slot [26] registered
[    0.670342] acpiphp: Slot [27] registered
[    0.671024] acpiphp: Slot [28] registered
[    0.672333] acpiphp: Slot [29] registered
[    0.674333] acpiphp: Slot [30] registered
[    0.676347] acpiphp: Slot [31] registered
[    0.677022] PCI host bridge to bus 0000:00
[    0.678324] pci_bus 0000:00: root bus resource [io  0x0000-0x0cf7 window]
[    0.680424] pci_bus 0000:00: root bus resource [io  0x0d00-0xffff window]
[    0.682388] pci_bus 0000:00: root bus resource [mem 0x000a0000-0x000bffff window]
[    0.685478] pci_bus 0000:00: root bus resource [mem 0xc0000000-0xfebfffff window]
[    0.686993] pci_bus 0000:00: root bus resource [mem 0xc000000000-0xc07fffffff window]
[    0.689994] pci_bus 0000:00: root bus resource [bus 00-ff]
[    0.691299] pci 0000:00:00.0: [8086:1237] type 00 class 0x060000 conventional PCI endpoint
[    0.694869] pci 0000:00:01.0: [8086:7000] type 00 class 0x060100 conventional PCI endpoint
[    0.698294] pci 0000:00:01.1: [8086:7010] type 00 class 0x010180 conventional PCI endpoint
[    0.702048] pci 0000:00:01.1: BAR 4 [io  0xc180-0xc18f]
[    0.704405] pci 0000:00:01.1: BAR 0 [io  0x01f0-0x01f7]: legacy IDE quirk
[    0.706994] pci 0000:00:01.1: BAR 1 [io  0x03f6]: legacy IDE quirk
[    0.707994] pci 0000:00:01.1: BAR 2 [io  0x0170-0x0177]: legacy IDE quirk
[    0.709994] pci 0000:00:01.1: BAR 3 [io  0x0376]: legacy IDE quirk
[    0.712282] pci 0000:00:01.3: [8086:7113] type 00 class 0x068000 conventional PCI endpoint
[    0.715556] pci 0000:00:01.3: quirk: [io  0x0600-0x063f] claimed by PIIX4 ACPI
[    0.718530] pci 0000:00:01.3: quirk: [io  0x0700-0x070f] claimed by PIIX4 SMB
[    0.720359] pci 0000:00:02.0: [1b36:0100] type 00 class 0x030000 conventional PCI endpoint
[    0.727009] pci 0000:00:02.0: BAR 0 [mem 0xf4000000-0xf7ffffff]
[    0.729371] pci 0000:00:02.0: BAR 1 [mem 0xf8000000-0xfbffffff]
[    0.731367] pci 0000:00:02.0: BAR 2 [mem 0xfc090000-0xfc091fff]
[    0.732375] pci 0000:00:02.0: BAR 3 [io  0xc140-0xc15f]
[    0.735035] pci 0000:00:02.0: ROM [mem 0xfc080000-0xfc08ffff pref]
[    0.736445] pci 0000:00:02.0: Video device with shadowed ROM at [mem 0x000c0000-0x000dffff]
[    0.739445] pci 0000:00:03.0: [1af4:1000] type 00 class 0x020000 conventional PCI endpoint
[    0.744010] pci 0000:00:03.0: BAR 0 [io  0xc080-0xc0bf]
[    0.746356] pci 0000:00:03.0: BAR 1 [mem 0xfc092000-0xfc092fff]
[    0.747409] pci 0000:00:03.0: BAR 4 [mem 0xc000000000-0xc000003fff 64bit pref]
[    0.750009] pci 0000:00:03.0: ROM [mem 0xfc000000-0xfc07ffff pref]
[    0.754412] pci 0000:00:04.0: [1af4:1003] type 00 class 0x078000 conventional PCI endpoint
[    0.759147] pci 0000:00:04.0: BAR 0 [io  0xc0c0-0xc0ff]
[    0.761008] pci 0000:00:04.0: BAR 1 [mem 0xfc093000-0xfc093fff]
[    0.762048] pci 0000:00:04.0: BAR 4 [mem 0xc000004000-0xc000007fff 64bit pref]
[    0.767212] pci 0000:00:05.0: [1af4:1001] type 00 class 0x010000 conventional PCI endpoint
[    0.772008] pci 0000:00:05.0: BAR 0 [io  0xc000-0xc07f]
[    0.773008] pci 0000:00:05.0: BAR 1 [mem 0xfc094000-0xfc094fff]
[    0.775048] pci 0000:00:05.0: BAR 4 [mem 0xc000008000-0xc00000bfff 64bit pref]
[    0.779765] pci 0000:00:06.0: [1af4:1002] type 00 class 0x00ff00 conventional PCI endpoint
[    0.783660] pci 0000:00:06.0: BAR 0 [io  0xc100-0xc13f]
[    0.786009] pci 0000:00:06.0: BAR 1 [mem 0xfc095000-0xfc095fff]
[    0.787048] pci 0000:00:06.0: BAR 4 [mem 0xc00000c000-0xc00000ffff 64bit pref]
[    0.792034] pci 0000:00:07.0: [1af4:1005] type 00 class 0x00ff00 conventional PCI endpoint
[    0.796008] pci 0000:00:07.0: BAR 0 [io  0xc160-0xc17f]
[    0.798363] pci 0000:00:07.0: BAR 1 [mem 0xfc096000-0xfc096fff]
[    0.800413] pci 0000:00:07.0: BAR 4 [mem 0xc000010000-0xc000013fff 64bit pref]
[    0.812094] ACPI: PCI: Interrupt link LNKA configured for IRQ 10
[    0.814124] ACPI: PCI: Interrupt link LNKB configured for IRQ 10
[    0.816197] ACPI: PCI: Interrupt link LNKC configured for IRQ 11
[    0.818196] ACPI: PCI: Interrupt link LNKD configured for IRQ 11
[    0.820096] ACPI: PCI: Interrupt link LNKS configured for IRQ 9
[    0.823026] iommu: Default domain type: Translated
[    0.823993] iommu: DMA domain TLB invalidation policy: lazy mode
[    0.827224] SCSI subsystem initialized
[    0.828347] ACPI: bus type USB registered
[    0.830019] usbcore: registered new interface driver usbfs
[    0.837008] usbcore: registered new interface driver hub
[    0.839010] usbcore: registered new device driver usb
[    0.840366] pps_core: LinuxPPS API ver. 1 registered
[    0.841328] pps_core: Software ver. 5.3.6 - Copyright 2005-2007 Rodolfo Giometti <giometti@linux.it>
[    0.843998] PTP clock support registered
[    0.846029] EDAC MC: Ver: 3.0.0
[    0.847263] NetLabel: Initializing
[    0.849298] NetLabel:  domain hash size = 128
[    0.849993] NetLabel:  protocols = UNLABELED CIPSOv4 CALIPSO
[    0.852372] NetLabel:  unlabeled traffic allowed by default
[    0.853405] mctp: management component transport protocol core
[    0.856355] NET: Registered PF_MCTP protocol family
[    0.857359] PCI: Using ACPI for IRQ routing
[    0.859318] pci 0000:00:02.0: vgaarb: setting as boot VGA device
[    0.859990] pci 0000:00:02.0: vgaarb: bridge control possible
[    0.859990] pci 0000:00:02.0: vgaarb: VGA device added: decodes=io+mem,owns=io+mem,locks=none
[    0.865995] vgaarb: loaded
[    0.867103] clocksource: Switched to clocksource kvm-clock
[    0.868928] VFS: Disk quotas dquot_6.6.0
[    0.870272] VFS: Dquot-cache hash table entries: 512 (order 0, 4096 bytes)
[    0.872592] AppArmor: AppArmor Filesystem Enabled
[    0.874145] pnp: PnP ACPI init
[    0.875642] pnp: PnP ACPI: found 5 devices
[    0.883129] clocksource: acpi_pm: mask: 0xffffff max_cycles: 0xffffff, max_idle_ns: 2085701024 ns
[    0.886516] NET: Registered PF_INET protocol family
[    0.888118] IP idents hash table entries: 65536 (order: 7, 524288 bytes, linear)
[    0.904367] tcp_listen_portaddr_hash hash table entries: 2048 (order: 3, 32768 bytes, linear)
[    0.906980] Table-perturb hash table entries: 65536 (order: 6, 262144 bytes, linear)
[    0.909389] TCP established hash table entries: 32768 (order: 6, 262144 bytes, linear)
[    0.911851] TCP bind hash table entries: 32768 (order: 8, 1048576 bytes, linear)
[    0.914167] TCP: Hash tables configured (established 32768 bind 32768)
[    0.916696] MPTCP token hash table entries: 4096 (order: 4, 98304 bytes, linear)
[    0.918985] UDP hash table entries: 2048 (order: 5, 131072 bytes, linear)
[    0.921047] UDP-Lite hash table entries: 2048 (order: 5, 131072 bytes, linear)
[    0.923339] NET: Registered PF_UNIX/PF_LOCAL protocol family
[    0.925104] NET: Registered PF_XDP protocol family
[    0.926634] pci_bus 0000:00: resource 4 [io  0x0000-0x0cf7 window]
[    0.928516] pci_bus 0000:00: resource 5 [io  0x0d00-0xffff window]
[    0.930434] pci_bus 0000:00: resource 6 [mem 0x000a0000-0x000bffff window]
[    0.932515] pci_bus 0000:00: resource 7 [mem 0xc0000000-0xfebfffff window]
[    0.934568] pci_bus 0000:00: resource 8 [mem 0xc000000000-0xc07fffffff window]
[    0.936846] pci 0000:00:01.0: PIIX3: Enabling Passive Release
[    0.938634] pci 0000:00:00.0: Limiting direct PCI/PCI transfers
[    0.940599] PCI: CLS 0 bytes, default 64
[    0.942020] Trying to unpack rootfs image as initramfs...
[    0.943432] PCI-DMA: Using software bounce buffering for IO (SWIOTLB)
[    0.946373] software IO TLB: mapped [mem 0x00000000bbfdd000-0x00000000bffdd000] (64MB)
[    0.969469] Initialise system trusted keyrings
[    0.970908] Key type blacklist registered
[    0.972285] workingset: timestamp_bits=36 max_order=20 bucket_order=0
[    0.974275] zbud: loaded
[    0.976029] squashfs: version 4.0 (2009/01/31) Phillip Lougher
[    0.977960] fuse: init (API version 7.42)
[    0.979447] integrity: Platform Keyring initialized
[    0.981013] integrity: Machine keyring initialized
[    0.993351] Key type asymmetric registered
[    0.994722] Asymmetric key parser 'x509' registered
[    0.996515] Block layer SCSI generic (bsg) driver version 0.4 loaded (major 243)
[    0.999103] io scheduler mq-deadline registered
[    1.001062] ledtrig-cpu: registered to indicate activity on CPUs
[    1.003091] shpchp: Standard Hot Plug PCI Controller Driver version: 0.4
[    1.006125] input: Power Button as /devices/LNXSYSTM:00/LNXPWRBN:00/input/input0
[    1.008717] ACPI: button: Power Button [PWRF]
[    1.012263] ACPI: \_SB_.LNKC: Enabled at IRQ 11
[    1.017626] ACPI: \_SB_.LNKD: Enabled at IRQ 10
[    1.023019] ACPI: \_SB_.LNKA: Enabled at IRQ 10
[    1.028326] ACPI: \_SB_.LNKB: Enabled at IRQ 11
[    1.037748] Serial: 8250/16550 driver, 32 ports, IRQ sharing enabled
[    1.045257] Freeing initrd memory: 74928K
[    1.067503] 00:00: ttyS0 at I/O 0x3f8 (irq = 4, base_baud = 115200) is a 16550A
[    1.093664] Linux agpgart interface v0.103
[    1.097855] loop: module loaded
[    1.099387] virtio_blk virtio2: 2/0/0 default/read/poll queues
[    1.102932] virtio_blk virtio2: [vda] 104857600 512-byte logical blocks (53.7 GB/50.0 GiB)
[    1.107588]  vda: vda1 vda14 vda15 vda16
[    1.110803] scsi host0: ata_piix
[    1.112314] scsi host1: ata_piix
[    1.113658] ata1: PATA max MWDMA2 cmd 0x1f0 ctl 0x3f6 bmdma 0xc180 irq 14 lpm-pol 0
[    1.116413] ata2: PATA max MWDMA2 cmd 0x170 ctl 0x376 bmdma 0xc188 irq 15 lpm-pol 0
[    1.119198] ACPI: bus type drm_connector registered
[    1.121455] tun: Universal TUN/TAP device driver, 1.6
[    1.127132] PPP generic driver version 2.4.2
[    1.128963] i8042: PNP: PS/2 Controller [PNP0303:KBD,PNP0f13:MOU] at 0x60,0x64 irq 1,12
[    1.133023] serio: i8042 KBD port at 0x60,0x64 irq 1
[    1.134881] serio: i8042 AUX port at 0x60,0x64 irq 12
[    1.136677] mousedev: PS/2 mouse device common for all mice
[    1.138642] rtc_cmos 00:04: RTC can wake from S4
[    1.140933] input: AT Translated Set 2 keyboard as /devices/platform/i8042/serio0/input/input1
[    1.143761] rtc_cmos 00:04: registered as rtc0
[    1.145616] rtc_cmos 00:04: setting system clock to 2026-02-05T18:37:49 UTC (1770316669)
[    1.148208] rtc_cmos 00:04: alarms up to one day, y3k, 242 bytes nvram
[    1.150224] i2c_dev: i2c /dev entries driver
[    1.151652] device-mapper: core: CONFIG_IMA_DISABLE_HTABLE is disabled. Duplicate IMA measurements will not be recorded in the IMA log.
[    1.155842] device-mapper: uevent: version 1.0.3
[    1.157392] device-mapper: ioctl: 4.49.0-ioctl (2025-01-17) initialised: dm-devel@lists.linux.dev
[    1.160060] amd_pstate: the _CPC object is not present in SBIOS or ACPI disabled
[    1.162505] drop_monitor: Initializing network drop monitor service
[    1.164556] NET: Registered PF_INET6 protocol family
[    1.172735] Segment Routing with IPv6
[    1.174001] In-situ OAM (IOAM) with IPv6
[    1.175337] NET: Registered PF_PACKET protocol family
[    1.177002] Key type dns_resolver registered
[    1.178706] IPI shorthand broadcast: enabled
[    1.182307] sched_clock: Marking stable (917006650, 265061562)->(1202844787, -20776575)
[    1.185520] registered taskstats version 1
[    1.187351] Loading compiled-in X.509 certificates
[    1.189395] Loaded X.509 cert 'Build time autogenerated kernel key: b878835a90265075bf75bb69cfcef4210fdf14ae'
[    1.192721] Loaded X.509 cert 'Canonical Ltd. Live Patch Signing 2025 Kmod: d541cef61dc7e793b7eb7e899970a2eef0b5dc8c'
[    1.196238] Loaded X.509 cert 'Canonical Ltd. Live Patch Signing: 14df34d1a87cf37625abec039ef2bf521249b969'
[    1.199574] Loaded X.509 cert 'Canonical Ltd. Kernel Module Signing: 88f752e560a1e0737e31163a466ad7b70a850c19'
[    1.202558] blacklist: Loading compiled-in revocation X.509 certificates
[    1.204634] Loaded X.509 cert 'Canonical Ltd. Secure Boot Signing: 61482aa2830d0ab2ad5af10b7250da9033ddcef0'
[    1.207600] Loaded X.509 cert 'Canonical Ltd. Secure Boot Signing (2017): 242ade75ac4a15e50d50c84b0d45ff3eae707a03'
[    1.210693] Loaded X.509 cert 'Canonical Ltd. Secure Boot Signing (ESM 2018): 365188c1d374d6b07c3c8f240f8ef722433d6a8b'
[    1.213891] Loaded X.509 cert 'Canonical Ltd. Secure Boot Signing (2019): c0746fd6c5da3ae827864651ad66ae47fe24b3e8'
[    1.217625] Loaded X.509 cert 'Canonical Ltd. Secure Boot Signing (2021 v1): a8d54bbb3825cfb94fa13c9f8a594a195c107b8d'
[    1.220824] Loaded X.509 cert 'Canonical Ltd. Secure Boot Signing (2021 v2): 4cf046892d6fd3c9a5b03f98d845f90851dc6a8c'
[    1.224018] Loaded X.509 cert 'Canonical Ltd. Secure Boot Signing (2021 v3): 100437bb6de6e469b581e61cd66bce3ef4ed53af'
[    1.227240] Loaded X.509 cert 'Canonical Ltd. Secure Boot Signing (Ubuntu Core 2019): c1d57b8f6b743f23ee41f4f7ee292f06eecadfb9'
[    1.235890] Demotion targets for Node 0: null
[    1.237543] Key type .fscrypt registered
[    1.238849] Key type fscrypt-provisioning registered
[    1.246192] cryptd: max_cpu_qlen set to 1000
[    1.272622] ata1: found unknown device (class 0)
[    1.275353] ata1.00: ATAPI: QEMU DVD-ROM, 2.5+, max UDMA/100
[    1.278646] scsi 0:0:0:0: CD-ROM            QEMU     QEMU DVD-ROM     2.5+ PQ: 0 ANSI: 5
[    1.299251] sr 0:0:0:0: [sr0] scsi3-mmc drive: 4x/4x cd/rw xa/form2 tray
[    1.301306] cdrom: Uniform CD-ROM driver Revision: 3.20
[    1.317510] sr 0:0:0:0: Attached scsi generic sg0 type 5
[    1.322231] AES CTR mode by8 optimization enabled
[    1.335962] Key type encrypted registered
[    1.337326] AppArmor: AppArmor sha256 policy hashing enabled
[    1.339102] ima: No TPM chip found, activating TPM-bypass!
[    1.340831] Loading compiled-in module X.509 certificates
[    1.342902] Loaded X.509 cert 'Build time autogenerated kernel key: b878835a90265075bf75bb69cfcef4210fdf14ae'
[    1.345871] ima: Allocated hash algorithm: sha256
[    1.347414] ima: No architecture policies found
[    1.348901] evm: Initialising EVM extended attributes:
[    1.350587] evm: security.selinux
[    1.351821] evm: security.SMACK64
[    1.352947] evm: security.SMACK64EXEC
[    1.359788] evm: security.SMACK64TRANSMUTE
[    1.361134] evm: security.SMACK64MMAP
[    1.362351] evm: security.apparmor
[    1.363523] evm: security.ima
[    1.365088] evm: security.capability
[    1.366292] evm: HMAC attrs: 0x1
[    1.367720] PM:   Magic number: 14:839:644
[    1.371732] RAS: Correctable Errors collector initialized.
[    1.384152] clk: Disabling unused clocks
[    1.385471] PM: genpd: Disabling unused power domains
[    1.388928] Freeing unused decrypted memory: 2028K
[    1.390784] Freeing unused kernel image (initmem) memory: 5140K
[    1.392213] Write protecting the kernel read-only data: 38912k
[    1.394079] Freeing unused kernel image (text/rodata gap) memory: 1052K
[    1.396427] Freeing unused kernel image (rodata/data gap) memory: 1312K
[    1.445824] x86/mm: Checked W+X mappings: passed, no W+X pages found.
[    1.447390] Run /init as init process
Loading, please wait...
Starting systemd-udevd version 255.4-1ubuntu8.11
[    1.571898] virtio_net virtio0 ens3: renamed from eth0
[    1.585235] input: VirtualPS/2 VMware VMMouse as /devices/platform/i8042/serio1/input/input4
[    1.600911] FDC 0 is a S82078B
[    1.608917] input: VirtualPS/2 VMware VMMouse as /devices/platform/i8042/serio1/input/input3
Begin: Loading essential drivers ... [    2.798073] raid6: avx2x4   gen() 48128 MB/s
[    2.816077] raid6: avx2x2   gen() 56686 MB/s
[    2.834075] raid6: avx2x1   gen() 46618 MB/s
[    2.835693] raid6: using algorithm avx2x2 gen() 56686 MB/s
[    2.853073] raid6: .... xor() 32592 MB/s, rmw enabled
[    2.854339] raid6: using avx2x2 recovery algorithm
[    2.856419] xor: automatically using best checksumming function   avx       
[    2.858823] async_tx: api initialized (async)
done.
Begin: Running /scripts/init-premount ... done.
Begin: Mounting root file system ... Begin: Running /scripts/local-top ... done.
Begin: Running /scripts/local-premount ... [    2.972604] Btrfs loaded, zoned=yes, fsverity=yes
Scanning for Btrfs filesystems
done.
Begin: Will now check root file system ... fsck from util-linux 2.39.3
[/usr/sbin/fsck.ext4 (1) -- /dev/vda1] fsck.ext4 -a -C0 /dev/vda1 
cloudimg-rootfs: clean, 189172/6422528 files, 2017007/12844795 blocks
done.
[    3.031822] EXT4-fs (vda1): mounted filesystem 0905329d-4022-4692-bb5d-b614c117dd8c ro with ordered data mode. Quota mode: none.
done.
Begin: Running /scripts/local-bottom ... done.
Begin: Running /scripts/init-bottom ... done.
[    3.192637] systemd[1]: Inserted module 'autofs4'
[    3.215474] systemd[1]: systemd 255.4-1ubuntu8.11 running in system mode (+PAM +AUDIT +SELINUX +APPARMOR +IMA +SMACK +SECCOMP +GCRYPT -GNUTLS +OPENSSL +ACL +BLKID +CURL +ELFUTILS +FIDO2 +IDN2 -IDN +IPTC +KMOD +LIBCRYPTSETUP +LIBFDISK +PCRE2 -PWQUALITY +P11KIT +QRENCODE +TPM2 +BZIP2 +LZ4 +XZ +ZLIB +ZSTD -BPF_FRAMEWORK -XKBCOMMON +UTMP +SYSVINIT default-hierarchy=unified)
[    3.222406] systemd[1]: Detected virtualization kvm.
[    3.223666] systemd[1]: Detected architecture x86-64.

Welcome to [1mUbuntu 24.04.3 LTS[0m!

[    3.228418] systemd[1]: Hostname set to <github-runner>.
[    3.437561] systemd[1]: Queued start job for default target graphical.target.
[    3.452680] systemd[1]: Created slice system-modprobe.slice - Slice /system/modprobe.
[[0;32m  OK  [0m] Created slice [0;1;39msystem-modprobe.slice[0m - Slice /system/modprobe.
[    3.456900] systemd[1]: Created slice system-serial\x2dgetty.slice - Slice /system/serial-getty.
[[0;32m  OK  [0m] Created slice [0;1;39msystem-serial\x2dget���slice[0m - Slice /system/serial-getty.
[    3.461374] systemd[1]: Created slice system-systemd\x2dfsck.slice - Slice /system/systemd-fsck.
[[0;32m  OK  [0m] Created slice [0;1;39msystem-systemd\x2dfs���slice[0m - Slice /system/systemd-fsck.
[    3.466348] systemd[1]: Created slice user.slice - User and Session Slice.
[[0;32m  OK  [0m] Created slice [0;1;39muser.slice[0m - User and Session Slice.
[    3.469697] systemd[1]: Started systemd-ask-password-wall.path - Forward Password Requests to Wall Directory Watch.
[[0;32m  OK  [0m] Started [0;1;39msystemd-ask-password-wall.���[0md Requests to Wall Directory Watch.
[    3.474241] systemd[1]: Set up automount proc-sys-fs-binfmt_misc.automount - Arbitrary Executable File Formats File System Automount Point.
[[0;32m  OK  [0m] Set up automount [0;1;39mproc-sys-fs-binfm���[0mormats File System Automount Point.
[    3.479035] systemd[1]: Expecting device dev-disk-by\x2dlabel-BOOT.device - /dev/disk/by-label/BOOT...
         Expecting device [0;1;39mdev-disk-by\x2dla���device[0m - /dev/disk/by-label/BOOT...
[    3.483005] systemd[1]: Expecting device dev-disk-by\x2dlabel-UEFI.device - /dev/disk/by-label/UEFI...
         Expecting device [0;1;39mdev-disk-by\x2dla���device[0m - /dev/disk/by-label/UEFI...
[    3.486951] systemd[1]: Expecting device dev-ttyS0.device - /dev/ttyS0...
         Expecting device [0;1;39mdev-ttyS0.device[0m - /dev/ttyS0...
[    3.489970] systemd[1]: Reached target integritysetup.target - Local Integrity Protected Volumes.
[[0;32m  OK  [0m] Reached target [0;1;39mintegritysetup.targ���[0m Local Integrity Protected Volumes.
[    3.494060] systemd[1]: Reached target slices.target - Slice Units.
[[0;32m  OK  [0m] Reached target [0;1;39mslices.target[0m - Slice Units.
[    3.497662] systemd[1]: Reached target snapd.mounts-pre.target - Mounting snaps.
[[0;32m  OK  [0m] Reached target [0;1;39msnapd.mounts-pre.target[0m - Mounting snaps.
[    3.501181] systemd[1]: Reached target swap.target - Swaps.
[[0;32m  OK  [0m] Reached target [0;1;39mswap.target[0m - Swaps.
[    3.503922] systemd[1]: Reached target veritysetup.target - Local Verity Protected Volumes.
[[0;32m  OK  [0m] Reached target [0;1;39mveritysetup.target[0m - Local Verity Protected Volumes.
[    3.507893] systemd[1]: Listening on dm-event.socket - Device-mapper event daemon FIFOs.
[[0;32m  OK  [0m] Listening on [0;1;39mdm-event.socket[0m - Device-mapper event daemon FIFOs.
[    3.511842] systemd[1]: Listening on lvm2-lvmpolld.socket - LVM2 poll daemon socket.
[[0;32m  OK  [0m] Listening on [0;1;39mlvm2-lvmpolld.socket[0m - LVM2 poll daemon socket.
[    3.515563] systemd[1]: Listening on multipathd.socket - multipathd control socket.
[[0;32m  OK  [0m] Listening on [0;1;39mmultipathd.socket[0m - multipathd control socket.
[    3.519307] systemd[1]: Listening on syslog.socket - Syslog Socket.
[[0;32m  OK  [0m] Listening on [0;1;39msyslog.socket[0m - Syslog Socket.
[    3.522430] systemd[1]: Listening on systemd-fsckd.socket - fsck to fsckd communication Socket.
[[0;32m  OK  [0m] Listening on [0;1;39msystemd-fsckd.socket[0m ���fsck to fsckd communication Socket.
[    3.527061] systemd[1]: Listening on systemd-initctl.socket - initctl Compatibility Named Pipe.
[[0;32m  OK  [0m] Listening on [0;1;39msystemd-initctl.socke���[0m- initctl Compatibility Named Pipe.
[    3.531276] systemd[1]: Listening on systemd-journald-dev-log.socket - Journal Socket (/dev/log).
[[0;32m  OK  [0m] Listening on [0;1;39msystemd-journald-dev-���socket[0m - Journal Socket (/dev/log).
[    3.535451] systemd[1]: Listening on systemd-journald.socket - Journal Socket.
[[0;32m  OK  [0m] Listening on [0;1;39msystemd-journald.socket[0m - Journal Socket.
[    3.539042] systemd[1]: Listening on systemd-networkd.socket - Network Service Netlink Socket.
[[0;32m  OK  [0m] Listening on [0;1;39msystemd-networkd.socket[0m - Network Service Netlink Socket.
[    3.543018] systemd[1]: systemd-pcrextend.socket - TPM2 PCR Extension (Varlink) was skipped because of an unmet condition check (ConditionSecurity=measured-uki).
[    3.546404] systemd[1]: Listening on systemd-udevd-control.socket - udev Control Socket.
[[0;32m  OK  [0m] Listening on [0;1;39msystemd-udevd-control.socket[0m - udev Control Socket.
[    3.550222] systemd[1]: Listening on systemd-udevd-kernel.socket - udev Kernel Socket.
[[0;32m  OK  [0m] Listening on [0;1;39msystemd-udevd-kernel.socket[0m - udev Kernel Socket.
[    3.562158] systemd[1]: Mounting dev-hugepages.mount - Huge Pages File System...
         Mounting [0;1;39mdev-hugepages.mount[0m - Huge Pages File System...
[    3.566443] systemd[1]: Mounting dev-mqueue.mount - POSIX Message Queue File System...
         Mounting [0;1;39mdev-mqueue.mount[0m - POSIX Message Queue File System...
[    3.570900] systemd[1]: Mounting sys-kernel-debug.mount - Kernel Debug File System...
         Mounting [0;1;39msys-kernel-debug.mount[0m - Kernel Debug File System...
[    3.575270] systemd[1]: Mounting sys-kernel-tracing.mount - Kernel Trace File System...
         Mounting [0;1;39msys-kernel-tracing.mount[0m - Kernel Trace File System...
[    3.581191] systemd[1]: Starting systemd-journald.service - Journal Service...
         Starting [0;1;39msystemd-journald.service[0m - Journal Service...
[    3.586219] systemd[1]: Starting keyboard-setup.service - Set the console keyboard layout...
         Starting [0;1;39mkeyboard-setup.service[0m - Set the console keyboard layout...
[    3.594618] systemd[1]: Starting kmod-static-nodes.service - Create List of Static Device Nodes...
[    3.596430] systemd-journald[312]: Collecting audit messages is disabled.
         Starting [0;1;39mkmod-static-nodes.service[0m���eate List of Static Device Nodes...
[    3.606552] systemd[1]: Starting lvm2-monitor.service - Monitoring of LVM2 mirrors, snapshots etc. using dmeventd or progress polling...
         Starting [0;1;39mlvm2-monitor.service[0m - Mo���ing dmeventd or progress polling...
[    3.614603] systemd[1]: Starting modprobe@configfs.service - Load Kernel Module configfs...
         Starting [0;1;39mmodprobe@configfs.service[0m - Load Kernel Module configfs...
[    3.621812] systemd[1]: Starting modprobe@dm_mod.service - Load Kernel Module dm_mod...
         Starting [0;1;39mmodprobe@dm_mod.service[0m - Load Kernel Module dm_mod...
[    3.631468] systemd[1]: Starting modprobe@drm.service - Load Kernel Module drm...
         Starting [0;1;39mmodprobe@drm.service[0m - Load Kernel Module drm...
[    3.635709] systemd[1]: Starting modprobe@efi_pstore.service - Load Kernel Module efi_pstore...
         Starting [0;1;39mmodprobe@efi_pstore.servi���[0m - Load Kernel Module efi_pstore...
[    3.640543] systemd[1]: Starting modprobe@fuse.service - Load Kernel Module fuse...
         Starting [0;1;39mmodprobe@fuse.service[0m - Load Kernel Module fuse...
[    3.650268] systemd[1]: Starting modprobe@loop.service - Load Kernel Module loop...
         Starting [0;1;39mmodprobe@loop.service[0m - Load Kernel Module loop...
[    3.653915] systemd[1]: netplan-ovs-cleanup.service - OpenVSwitch configuration for cleanup was skipped because of an unmet condition check (ConditionFileIsExecutable=/usr/bin/ovs-vsctl).
[    3.659178] systemd[1]: systemd-fsck-root.service - File System Check on Root Device was skipped because of an unmet condition check (ConditionPathExists=!/run/initramfs/fsck-root).
[    3.668851] systemd[1]: Starting systemd-modules-load.service - Load Kernel Modules...
         Starting [0;1;39msystemd-modules-load.service[0m - Load Kernel Modules...
[    3.673624] systemd[1]: systemd-pcrmachine.service - TPM2 PCR Machine ID Measurement was skipped because of an unmet condition check (ConditionSecurity=measured-uki).
[    3.680009] systemd[1]: Starting systemd-remount-fs.service - Remount Root and Kernel File Systems...
         Starting [0;1;39msystemd-remount-fs.servic���[0munt Root and Kernel File Systems...
[    3.685490] systemd[1]: systemd-tpm2-setup-early.service - TPM2 SRK Setup (Early) was skipped because of an unmet condition check (ConditionSecurity=measured-uki).
[    3.691223] systemd[1]: Starting systemd-udev-trigger.service - Coldplug All udev Devices...
         Starting [0;1;39msystemd-udev-trigger.service[0m - Coldplug All udev Devices...
[    3.696661] EXT4-fs (vda1): re-mounted 0905329d-4022-4692-bb5d-b614c117dd8c r/w.
[    3.699912] systemd[1]: Started systemd-journald.service - Journal Service.
[[0;32m  OK  [0m] Started [0;1;39msystemd-journald.service[0m - Journal Service.
[[0;32m  OK  [0m] Mounted [0;1;39mdev-hugepages.mount[0m - Huge Pages File System.
[[0;32m  OK  [0m] Mounted [0;1;39mdev-mqueue.mount[0m - POSIX Message Queue File System.
[[0;32m  OK  [0m] Mounted [0;1;39msys-kernel-debug.mount[0m - Kernel Debug File System.
[[0;32m  OK  [0m] Mounted [0;1;39msys-kernel-tracing.mount[0m - Kernel Trace File System.
[[0;32m  OK  [0m] Finished [0;1;39mkeyboard-setup.service[0m - Set the console keyboard layout.
[[0;32m  OK  [0m] Finished [0;1;39mkmod-static-nodes.service[0m���Create List of Static Device Nodes.
[[0;32m  OK  [0m] Finished [0;1;39mlvm2-monitor.service[0m - Mo���using dmeventd or progress polling.
[[0;32m  OK  [0m] Finished [0;1;39mmodprobe@configfs.service[0m - Load Kernel Module configfs.
[[0;32m  OK  [0m] Finished [0;1;39mmodprobe@dm_mod.service[0m - Load Kernel Module dm_mod.
[[0;32m  OK  [0m] Finished [0;1;39mmodprobe@drm.service[0m - Load Kernel Module drm.
[[0;32m  OK  [0m] Finished [0;1;39mmodprobe@efi_pstore.service[0m - Load Kernel Module efi_pstore.
[[0;32m  OK  [0m] Finished [0;1;39mmodprobe@fuse.service[0m - Load Kernel Module fuse.
[[0;32m  OK  [0m] Finished [0;1;39mmodprobe@loop.service[0m - Load Kernel Module loop.
[[0;32m  OK  [0m] Finished [0;1;39msystemd-modules-load.service[0m - Load Kernel Modules.
[[0;32m  OK  [0m] Finished [0;1;39msystemd-remount-fs.servic���[0mmount Root and Kernel File Systems.
         Mounting [0;1;39msys-fs-fuse-connections.mount[0m - FUSE Control File System...
         Mounting [0;1;39msys-kernel-config.mount[0m - Kernel Configuration File System...
         Starting [0;1;39mmultipathd.service[0m - Devi���pper Multipath Device Controller...
         Starting [0;1;39msystemd-journal-flush.ser���[0msh Journal to Persistent Storage...
         Starting [0;1;39msystemd-random-seed.service[0m - Load/Save OS Random Seed...
         Starting [0;1;39msystemd-sysctl.service[0m - Apply Kernel Variables...
         Starting [0;1;39msystemd-tmpfiles-setup-de���[0m Device Nodes in /dev gracefully...
[[0;32m  OK  [0m] Mounted [0;1;39msys-fs-fuse-connections.mount[0m - FUSE Control File System.
[[0;32m  OK  [0m] Mounted [0;1;39msys-kernel-config.mount[0m - Kernel Configuration File System.
[    3.790336] systemd-journald[312]: Received client request to flush runtime journal.
[[0;32m  OK  [0m] Finished [0;1;39msystemd-random-seed.service[0m - Load/Save OS Random Seed.
[[0;32m  OK  [0m] Finished [0;1;39msystemd-sysctl.service[0m - Apply Kernel Variables.
[[0;32m  OK  [0m] Finished [0;1;39msystemd-tmpfiles-setup-de���[0mic Device Nodes in /dev gracefully.
         Starting [0;1;39msystemd-tmpfiles-setup-de���[0meate Static Device Nodes in /dev...
[[0;32m  OK  [0m] Started [0;1;39mmultipathd.service[0m - Devic���Mapper Multipath Device Controller.
[[0;32m  OK  [0m] Finished [0;1;39msystemd-tmpfiles-setup-de���[0mCreate Static Device Nodes in /dev.
[[0;32m  OK  [0m] Reached target [0;1;39mlocal-fs-pre.target[0m���Preparation for Local File Systems.
         Mounting [0;1;39msnap-aproxy-70.mount[0m - Mount unit for aproxy, revision 70...
         Mounting [0;1;39msnap-core22-2163.mount[0m - ���t unit for core22, revision 2163...
         Mounting [0;1;39msnap-snapd-25577.mount[0m - ���t unit for snapd, revision 25577...
         Starting [0;1;39msystemd-udevd.service[0m - R���ager for Device Events and Files...
[[0;32m  OK  [0m] Mounted [0;1;39msnap-aproxy-70.mount[0m - Mount unit for aproxy, revision 70.
[[0;32m  OK  [0m] Mounted [0;1;39msnap-core22-2163.mount[0m - Mount unit for core22, revision 2163.
[[0;32m  OK  [0m] Mounted [0;1;39msnap-snapd-25577.mount[0m - Mount unit for snapd, revision 25577.
[[0;32m  OK  [0m] Reached target [0;1;39msnapd.mounts.target[0m - Mounted snaps.
[[0;32m  OK  [0m] Finished [0;1;39msystemd-udev-trigger.service[0m - Coldplug All udev Devices.
[[0;32m  OK  [0m] Started [0;1;39msystemd-udevd.service[0m - Ru���anager for Device Events and Files.
[[0;32m  OK  [0m] Started [0;1;39msystemd-ask-password-conso���[0mequests to Console Directory Watch.
[[0;32m  OK  [0m] Reached target [0;1;39mcryptsetup.target[0m - Local Encrypted Volumes.
[[0;32m  OK  [0m] Finished [0;1;39msystemd-journal-flush.ser���[0mlush Journal to Persistent Storage.
[[0;32m  OK  [0m] Found device [0;1;39mdev-ttyS0.device[0m - /dev/ttyS0.
[[0;32m  OK  [0m] Found device [0;1;39mdev-disk-by\x2dlabel-���I.device[0m - /dev/disk/by-label/UEFI.
[[0;32m  OK  [0m] Found device [0;1;39mdev-disk-by\x2dlabel-���T.device[0m - /dev/disk/by-label/BOOT.
         Starting [0;1;39msystemd-fsck@dev-disk-by\���[0mCheck on /dev/disk/by-label/BOOT...
         Starting [0;1;39msystemd-fsck@dev-disk-by\���[0mCheck on /dev/disk/by-label/UEFI...
[[0;32m  OK  [0m] Started [0;1;39msystemd-fsckd.service[0m - Fi���stem Check Daemon to report status.
Checking in progress on 1 disk (0.0% complete)[[0;32m  OK  [0m] Finished [0;1;39msystemd-fsck@dev-disk-by\���[0mm Check on /dev/disk/by-label/UEFI.
Checking in progress on 0 disks (100.0% complete)[[0;32m  OK  [0m] Finished [0;1;39msystemd-fsck@dev-disk-by\���[0mm Check on /dev/disk/by-label/BOOT.
[[0;32m  OK  [0m] Listening on [0;1;39msystemd-rfkill.socket[0m���ll Switch Status /dev/rfkill Watch.
         Mounting [0;1;39mboot.mount[0m - /boot...
[[0;32m  OK  [0m] Mounted [0;1;39mboot.mount[0m - /boot.
         Mounting [0;1;39mboot-efi.mount[0m - /boot/efi...
[[0;32m  OK  [0m] Mounted [0;1;39mboot-efi.mount[0m - /boot/efi.
[[0;32m  OK  [0m] Reached target [0;1;39mlocal-fs.target[0m - Local File Systems.
[[0;32m  OK  [0m] Listening on [0;1;39msystemd-sysext.socket[0m���tension Image Management (Varlink).
         Starting [0;1;39mapparmor.service[0m - Load AppArmor profiles...
         Starting [0;1;39mconsole-setup.service[0m - Set console font and keymap...
         Starting [0;1;39mfinalrd.service[0m - Create ���time dir for shutdown pivot root...
         Starting [0;1;39mplymouth-read-write.servi���[0mymouth To Write Out Runtime Data...
         Starting [0;1;39msystemd-binfmt.service[0m - Set Up Additional Binary Formats...
         Starting [0;1;39msystemd-tmpfiles-setup.se���[0me Volatile Files and Directories...
         Starting [0;1;39mufw.service[0m - Uncomplicated firewall...
[[0;32m  OK  [0m] Finished [0;1;39mconsole-setup.service[0m - Set console font and keymap.
[[0;32m  OK  [0m] Finished [0;1;39mfinalrd.service[0m - Create ���untime dir for shutdown pivot root.
[[0;32m  OK  [0m] Finished [0;1;39mufw.service[0m - Uncomplicated firewall.
         Mounting [0;1;39mproc-sys-fs-binfmt_misc.m���[0mcutable File Formats File System...
[[0;32m  OK  [0m] Finished [0;1;39mplymouth-read-write.servi���[0mPlymouth To Write Out Runtime Data.
[[0;32m  OK  [0m] Mounted [0;1;39mproc-sys-fs-binfmt_misc.mo���[0mxecutable File Formats File System.
[[0;32m  OK  [0m] Finished [0;1;39msystemd-binfmt.service[0m - Set Up Additional Binary Formats.
[[0;32m  OK  [0m] Finished [0;1;39msystemd-tmpfiles-setup.se���[0mate Volatile Files and Directories.
         Starting [0;1;39msystemd-resolved.service[0m - Network Name Resolution...
         Starting [0;1;39msystemd-timesyncd.service[0m - Network Time Synchronization...
         Starting [0;1;39msystemd-update-utmp.servi���[0mord System Boot/Shutdown in UTMP...
[[0;32m  OK  [0m] Finished [0;1;39msystemd-update-utmp.servi���[0mecord System Boot/Shutdown in UTMP.
[[0;32m  OK  [0m] Started [0;1;39msystemd-timesyncd.service[0m - Network Time Synchronization.
[[0;32m  OK  [0m] Reached target [0;1;39mtime-set.target[0m - System Time Set.
[[0;32m  OK  [0m] Started [0;1;39msystemd-resolved.service[0m - Network Name Resolution.
[[0;32m  OK  [0m] Reached target [0;1;39mnss-lookup.target[0m - Host and Network Name Lookups.
[[0;32m  OK  [0m] Finished [0;1;39mapparmor.service[0m - Load AppArmor profiles.
         Starting [0;1;39msnapd.apparmor.service[0m - ���iles managed internally by snapd...
         Starting [0;1;39mcloud-init-local.service[0m ���-init: Local Stage (pre-network)...
[[0;32m  OK  [0m] Finished [0;1;39msnapd.apparmor.service[0m - ���ofiles managed internally by snapd.
[    5.421272] cloud-init[644]: Cloud-init v. 25.2-0ubuntu1~24.04.1 running 'init-local' at Thu, 05 Feb 2026 18:37:54 +0000. Up 5.41 seconds.
[[0;32m  OK  [0m] Finished [0;1;39mcloud-init-local.service[0m ���ud-init: Local Stage (pre-network).
[[0;32m  OK  [0m] Reached target [0;1;39mnetwork-pre.target[0m - Preparation for Network.
         Starting [0;1;39msystemd-networkd.service[0m - Network Configuration...
[[0;32m  OK  [0m] Started [0;1;39msystemd-networkd.service[0m - Network Configuration.
[[0;32m  OK  [0m] Reached target [0;1;39mnetwork.target[0m - Network.
         Starting [0;1;39msystemd-networkd-wait-onl���[0mait for Network to be Configured...
[[0;32m  OK  [0m] Finished [0;1;39msystemd-networkd-wait-onl���[0m Wait for Network to be Configured.
         Starting [0;1;39mcloud-init.service[0m - Cloud-init: Network Stage...
[    8.101604] cloud-init[720]: Cloud-init v. 25.2-0ubuntu1~24.04.1 running 'init' at Thu, 05 Feb 2026 18:37:56 +0000. Up 8.08 seconds.
[    8.109322] cloud-init[720]: ci-info: +++++++++++++++++++++++++++++++++++++++Net device info+++++++++++++++++++++++++++++++++++++++
[    8.111853] cloud-init[720]: ci-info: +--------+------+------------------------------+---------------+--------+-------------------+
[    8.114465] cloud-init[720]: ci-info: | Device |  Up  |           Address            |      Mask     | Scope  |     Hw-Address    |
[    8.117053] cloud-init[720]: ci-info: +--------+------+------------------------------+---------------+--------+-------------------+
[    8.119602] cloud-init[720]: ci-info: |  ens3  | True |        10.151.122.47         | 255.255.255.0 | global | fa:16:3e:a0:db:83 |
[    8.122453] cloud-init[720]: ci-info: |  ens3  | True | fe80::f816:3eff:fea0:db83/64 |       .       |  link  | fa:16:3e:a0:db:83 |
