06:25:48 WARNING unexpected facade SSHServer received from the controller
06:25:48 INFO Adding model github-pr-a94c6-lxd:test-debug-ssh-7qdb on cloud localhost
06:25:48 WARNING unexpected facade SSHServer received from the controller
06:25:48 WARNING unexpected facade SSHSession received from the controller
06:25:48 WARNING unexpected facade SSHTunneler received from the controller
06:25:50 INFO Deploying ch:amd64/jammy/github-runner-image-builder-128
06:26:02 INFO Deploying local:jammy/github-runner-0
06:26:02 INFO Waiting for model:
  test-yqp30vcs/0 [allocating] waiting: waiting for machine
  github-runner-image-builder-yqp30vcs/0 [allocating] waiting: waiting for machine
06:26:32 INFO Waiting for model:
  test-yqp30vcs/0 [allocating] waiting: waiting for machine
  github-runner-image-builder-yqp30vcs/0 [allocating] waiting: waiting for machine
06:27:03 INFO Waiting for model:
  test-yqp30vcs/0 [executing] maintenance: installing charm software
  github-runner-image-builder-yqp30vcs/0 [executing] maintenance: Setting up Builder.
06:27:33 INFO Waiting for model:
  test-yqp30vcs/0 [executing] maintenance: installing charm software
  github-runner-image-builder-yqp30vcs/0 [executing] maintenance: Setting up Builder.
06:28:03 INFO Waiting for model:
  test-yqp30vcs/0 [idle] blocked: Please provide image integration.
  github-runner-image-builder-yqp30vcs/0 [executing] maintenance: Setting up Builder.
06:28:33 INFO Waiting for model:
  test-yqp30vcs/0 [idle] blocked: Please provide image integration.
  github-runner-image-builder-yqp30vcs/0 [executing] maintenance: Setting up Builder.
06:29:03 INFO Waiting for model:
  test-yqp30vcs/0 [idle] waiting: Waiting for image over integration.
  github-runner-image-builder-yqp30vcs/0 [executing] active: Building image.
06:29:34 INFO Waiting for model:
  test-yqp30vcs/0 [idle] waiting: Waiting for image over integration.
  github-runner-image-builder-yqp30vcs/0 [executing] active: Building image.
06:30:04 INFO Waiting for model:
  test-yqp30vcs/0 [idle] waiting: Waiting for image over integration.
  github-runner-image-builder-yqp30vcs/0 [executing] active: Building image.
06:30:35 INFO Waiting for model:
  test-yqp30vcs/0 [idle] waiting: Waiting for image over integration.
  github-runner-image-builder-yqp30vcs/0 [executing] active: Building image.
06:31:05 INFO Waiting for model:
  test-yqp30vcs/0 [idle] waiting: Waiting for image over integration.
  github-runner-image-builder-yqp30vcs/0 [executing] active: Building image.
06:31:35 INFO Waiting for model:
  test-yqp30vcs/0 [idle] waiting: Waiting for image over integration.
  github-runner-image-builder-yqp30vcs/0 [executing] active: Building image.
06:32:06 INFO Waiting for model:
  test-yqp30vcs/0 [idle] waiting: Waiting for image over integration.
  github-runner-image-builder-yqp30vcs/0 [executing] active: Building image.
06:32:36 INFO Waiting for model:
  test-yqp30vcs/0 [idle] waiting: Waiting for image over integration.
  github-runner-image-builder-yqp30vcs/0 [executing] active: Building image.
06:33:07 INFO Waiting for model:
  test-yqp30vcs/0 [idle] waiting: Waiting for image over integration.
  github-runner-image-builder-yqp30vcs/0 [executing] active: Building image.
06:33:37 INFO Waiting for model:
  test-yqp30vcs/0 [idle] waiting: Waiting for image over integration.
  github-runner-image-builder-yqp30vcs/0 [executing] active: Building image.
06:34:07 INFO Waiting for model:
  test-yqp30vcs/0 [idle] waiting: Waiting for image over integration.
  github-runner-image-builder-yqp30vcs/0 [executing] active: Building image.
06:34:38 INFO Waiting for model:
  test-yqp30vcs/0 [idle] waiting: Waiting for image over integration.
  github-runner-image-builder-yqp30vcs/0 [executing] active: Building image.
06:35:08 INFO Waiting for model:
  test-yqp30vcs/0 [idle] waiting: Waiting for image over integration.
  github-runner-image-builder-yqp30vcs/0 [executing] active: Building image.
06:35:39 INFO Waiting for model:
  test-yqp30vcs/0 [idle] waiting: Waiting for image over integration.
  github-runner-image-builder-yqp30vcs/0 [executing] active: Building image.
06:36:09 INFO Waiting for model:
  test-yqp30vcs/0 [idle] waiting: Waiting for image over integration.
  github-runner-image-builder-yqp30vcs/0 [executing] active: Building image.
06:36:39 INFO Waiting for model:
  test-yqp30vcs/0 [idle] waiting: Waiting for image over integration.
  github-runner-image-builder-yqp30vcs/0 [executing] active: Building image.
06:37:10 INFO Waiting for model:
  test-yqp30vcs/0 [idle] waiting: Waiting for image over integration.
  github-runner-image-builder-yqp30vcs/0 [executing] active: Building image.
06:37:40 INFO Waiting for model:
  test-yqp30vcs/0 [idle] waiting: Waiting for image over integration.
  github-runner-image-builder-yqp30vcs/0 [executing] active: Building image.
06:38:10 INFO Waiting for model:
  test-yqp30vcs/0 [idle] waiting: Waiting for image over integration.
  github-runner-image-builder-yqp30vcs/0 [executing] active: Building image.
06:38:41 INFO Waiting for model:
  test-yqp30vcs/0 [idle] waiting: Waiting for image over integration.
  github-runner-image-builder-yqp30vcs/0 [executing] active: Building image.
06:39:11 INFO Waiting for model:
  test-yqp30vcs/0 [idle] waiting: Waiting for image over integration.
  github-runner-image-builder-yqp30vcs/0 [executing] active: Building image.
06:39:42 INFO Waiting for model:
  test-yqp30vcs/0 [idle] waiting: Waiting for image over integration.
  github-runner-image-builder-yqp30vcs/0 [executing] active: Building image.
06:40:12 INFO Waiting for model:
  test-yqp30vcs/0 [idle] waiting: Waiting for image over integration.
  github-runner-image-builder-yqp30vcs/0 [executing] active: Building image.
06:40:42 INFO Waiting for model:
  test-yqp30vcs/0 [idle] waiting: Waiting for image over integration.
  github-runner-image-builder-yqp30vcs/0 [executing] active: Building image.
06:41:12 INFO Waiting for model:
  test-yqp30vcs/0 [idle] waiting: Waiting for image over integration.
  github-runner-image-builder-yqp30vcs/0 [executing] active: Building image.
06:41:42 INFO Waiting for model:
  test-yqp30vcs/0 [idle] waiting: Waiting for image over integration.
  github-runner-image-builder-yqp30vcs/0 [executing] active: Building image.
06:42:12 INFO Waiting for model:
  test-yqp30vcs/0 [idle] waiting: Waiting for image over integration.
  github-runner-image-builder-yqp30vcs/0 [executing] active: Building image.
06:42:43 INFO Waiting for model:
  test-yqp30vcs/0 [idle] waiting: Waiting for image over integration.
  github-runner-image-builder-yqp30vcs/0 [executing] active: Building image.
06:43:13 INFO Waiting for model:
  test-yqp30vcs/0 [idle] waiting: Waiting for image over integration.
  github-runner-image-builder-yqp30vcs/0 [executing] active: Building image.
06:43:44 INFO Waiting for model:
  test-yqp30vcs/0 [idle] active: 
06:44:00 INFO Deploying ch:amd64/jammy/tmate-ssh-server-18
06:44:01 WARNING relate is deprecated and will be removed. Use integrate instead.
06:44:01 INFO Waiting for model:
  tmate-ssh-server/0 [allocating] waiting: waiting for machine
06:44:31 INFO Waiting for model:
  tmate-ssh-server/0 [allocating] waiting: waiting for machine
06:45:01 INFO Waiting for model:
  tmate-ssh-server/0 [executing] maintenance: Starting tmate-ssh-server daemon.
06:45:31 INFO Waiting for model:
  tmate-ssh-server/0 [executing] maintenance: Starting tmate-ssh-server daemon.
06:46:02 INFO Waiting for model:
  tmate-ssh-server/0 [executing] maintenance: Starting tmate-ssh-server daemon.
06:46:12 INFO Application log: 
2025-11-08 06:43:25,596 - INFO - root - Starting GitHub runner manager service version: 0.6.3
2025-11-08 06:43:25,601 - INFO - github_runner_manager.http_server - Starting the server...
2025-11-08 06:43:25,601 - INFO - github_runner_manager.reconcile_service - Starting the reconcile service...
 * Serving Flask app 'github_runner_manager.http_server'
 * Debug mode: off
2025-11-08 06:43:25,602 - INFO - github_runner_manager.reconcile_service - Start reconciliation
2025-11-08 06:43:25,602 - INFO - github_runner_manager.reconcile_service - Reconcile ID: c3b63b8e-02e0-4ca0-ba66-75a35d9711a3
2025-11-08 06:43:25,620 - INFO - werkzeug - [31m[1mWARNING: This is a development server. Do not use it in a production deployment. Use a production WSGI server instead.[0m
 * Running on http://127.0.0.1:55555
2025-11-08 06:43:25,620 - INFO - werkzeug - [33mPress CTRL+C to quit[0m
2025-11-08 06:43:25,620 - INFO - github_runner_manager.manager.runner_scaler - Start reconcile. base_quantity 0. max_quantity: 0.
2025-11-08 06:43:25,620 - INFO - github_runner_manager.manager.runner_manager - runner_manager::cleanup
2025-11-08 06:43:25,620 - INFO - github_runner_manager.openstack_cloud.openstack_cloud - Getting all openstack servers managed by the charm
2025-11-08 06:43:25,954 - WARNING - github_runner_manager.openstack_cloud.openstack_cloud - The maximum compute API version 2.96 is greater than the supported version 2.91. Using the maximum supported version.
2025-11-08 06:43:26,590 - INFO - github_runner_manager.manager.runner_manager - VMs: []
2025-11-08 06:43:27,276 - INFO - github_runner_manager.manager.runner_manager - Runner health: RunnersHealthResponse(requested_runners=[], failed_requested_runners=[], non_requested_runners=[])
2025-11-08 06:43:28,029 - INFO - github_runner_manager.openstack_cloud.openstack_cloud - Cleaning up SSH key files
2025-11-08 06:43:28,029 - INFO - github_runner_manager.openstack_cloud.openstack_cloud - Found 0 key files, clean up 0 key files
2025-11-08 06:43:28,029 - INFO - github_runner_manager.openstack_cloud.openstack_cloud - Cleaning up openstack keypairs
2025-11-08 06:43:28,057 - INFO - github_runner_manager.manager.runner_manager - Cleaning up platform runners: []
2025-11-08 06:43:28,057 - INFO - github_runner_manager.platform.github_provider - Delete runners from GitHub provider: []
2025-11-08 06:43:28,057 - INFO - github_runner_manager.manager.runner_manager - Cleaned up platform runners: []
2025-11-08 06:43:28,057 - INFO - github_runner_manager.manager.runner_manager - Extracting metrics from VMs: []
2025-11-08 06:43:28,057 - INFO - github_runner_manager.manager.runner_manager - Cleaning up VMs: []
2025-11-08 06:43:28,057 - INFO - github_runner_manager.manager.runner_manager - Cleaned up VMs: []
2025-11-08 06:43:28,057 - INFO - github_runner_manager.openstack_cloud.openstack_cloud - Getting all openstack servers managed by the charm
2025-11-08 06:43:28,759 - INFO - github_runner_manager.manager.runner_manager - list vms response: []
2025-11-08 06:43:29,460 - INFO - github_runner_manager.manager.runner_manager - runner health response RunnersHealthResponse(requested_runners=[], failed_requested_runners=[], non_requested_runners=[])
2025-11-08 06:43:29,460 - INFO - github_runner_manager.manager.runner_scaler - Reconcile runners from 0 to 0
2025-11-08 06:43:29,460 - INFO - github_runner_manager.manager.runner_scaler - No changes to the number of runners.
2025-11-08 06:43:29,460 - INFO - github_runner_manager.openstack_cloud.openstack_cloud - Getting all openstack servers managed by the charm
2025-11-08 06:43:30,169 - INFO - github_runner_manager.manager.runner_manager - list vms response: []
2025-11-08 06:43:30,812 - INFO - github_runner_manager.manager.runner_manager - runner health response RunnersHealthResponse(requested_runners=[], failed_requested_runners=[], non_requested_runners=[])
2025-11-08 06:43:30,812 - INFO - github_runner_manager.manager.runner_scaler - Found 0 busy runners: []
2025-11-08 06:43:30,812 - INFO - github_runner_manager.manager.runner_scaler - Found 0 idle runners: []
2025-11-08 06:43:30,812 - INFO - github_runner_manager.manager.runner_scaler - Found 0 offline runners that are healthy: []
2025-11-08 06:43:30,812 - INFO - github_runner_manager.manager.runner_scaler - Found 0 unhealthy runners: []
2025-11-08 06:43:30,812 - INFO - github_runner_manager.manager.runner_scaler - Current available runners (idle + healthy offline): set()
2025-11-08 06:43:30,812 - INFO - github_runner_manager.manager.runner_scaler - Current active runners: set()
2025-11-08 06:43:30,812 - INFO - github_runner_manager.manager.runner_scaler - Finished reconciliation.
2025-11-08 06:43:30,813 - INFO - github_runner_manager.reconcile_service - Change in number of runner after reconcile: 0
2025-11-08 06:43:30,813 - INFO - github_runner_manager.reconcile_service - End reconciliation
2025-11-08 06:43:40,174 - INFO - werkzeug - 127.0.0.1 - - [08/Nov/2025 06:43:40] "[35m[1mGET /health HTTP/1.1[0m" 204 -
2025-11-08 06:43:40,181 - INFO - werkzeug - 127.0.0.1 - - [08/Nov/2025 06:43:40] "[35m[1mGET /health HTTP/1.1[0m" 204 -
2025-11-08 06:43:40,188 - INFO - github_runner_manager.http_server - Attempting to acquire the lock: unlocked
2025-11-08 06:43:40,188 - INFO - github_runner_manager.http_server - Flushing runners...
2025-11-08 06:43:40,206 - INFO - github_runner_manager.http_server - Flushing busy: False
2025-11-08 06:43:40,206 - INFO - github_runner_manager.manager.runner_manager - runner_manager::cleanup
2025-11-08 06:43:40,206 - INFO - github_runner_manager.openstack_cloud.openstack_cloud - Getting all openstack servers managed by the charm
2025-11-08 06:43:40,532 - WARNING - github_runner_manager.openstack_cloud.openstack_cloud - The maximum compute API version 2.96 is greater than the supported version 2.91. Using the maximum supported version.
2025-11-08 06:43:41,220 - INFO - github_runner_manager.manager.runner_manager - VMs: []
2025-11-08 06:43:41,898 - INFO - github_runner_manager.manager.runner_manager - Runner health: RunnersHealthResponse(requested_runners=[], failed_requested_runners=[], non_requested_runners=[])
2025-11-08 06:43:42,631 - INFO - github_runner_manager.openstack_cloud.openstack_cloud - Cleaning up SSH key files
2025-11-08 06:43:42,631 - INFO - github_runner_manager.openstack_cloud.openstack_cloud - Found 0 key files, clean up 0 key files
2025-11-08 06:43:42,631 - INFO - github_runner_manager.openstack_cloud.openstack_cloud - Cleaning up openstack keypairs
2025-11-08 06:43:42,657 - INFO - github_runner_manager.manager.runner_manager - Cleaning up platform runners: []
2025-11-08 06:43:42,657 - INFO - github_runner_manager.platform.github_provider - Delete runners from GitHub provider: []
2025-11-08 06:43:42,657 - INFO - github_runner_manager.manager.runner_manager - Cleaned up platform runners: []
2025-11-08 06:43:42,657 - INFO - github_runner_manager.manager.runner_manager - Extracting metrics from VMs: []
2025-11-08 06:43:42,657 - INFO - github_runner_manager.manager.runner_manager - Cleaning up VMs: []
2025-11-08 06:43:42,657 - INFO - github_runner_manager.manager.runner_manager - Cleaned up VMs: []
2025-11-08 06:43:42,657 - INFO - github_runner_manager.manager.runner_manager - runner_manager::flush_runners. mode FlushMode.FLUSH_IDLE
2025-11-08 06:43:42,657 - INFO - github_runner_manager.openstack_cloud.openstack_cloud - Getting all openstack servers managed by the charm
2025-11-08 06:43:43,355 - INFO - github_runner_manager.manager.runner_manager - VMs: []
2025-11-08 06:43:43,994 - INFO - github_runner_manager.manager.runner_manager - Runner health: RunnersHealthResponse(requested_runners=[], failed_requested_runners=[], non_requested_runners=[])
2025-11-08 06:43:43,995 - INFO - github_runner_manager.manager.runner_manager - Runners to clean up: set()
2025-11-08 06:43:43,995 - INFO - github_runner_manager.manager.runner_manager - Runners to flush: set()
2025-11-08 06:43:43,995 - INFO - github_runner_manager.manager.runner_manager - Deleting platform runners: []
2025-11-08 06:43:43,995 - INFO - github_runner_manager.platform.github_provider - Delete runners from GitHub provider: []
2025-11-08 06:43:43,995 - INFO - github_runner_manager.manager.runner_manager - Deleted runners: []
2025-11-08 06:43:43,995 - INFO - github_runner_manager.manager.runner_manager - Extracting metrics from VMs: []
2025-11-08 06:43:43,995 - INFO - github_runner_manager.manager.runner_manager - Deleting VMs: []
2025-11-08 06:43:43,995 - INFO - github_runner_manager.manager.runner_manager - Deleted VMs: []
2025-11-08 06:43:43,995 - INFO - github_runner_manager.http_server - Flushed 0 runners
2025-11-08 06:43:43,995 - INFO - werkzeug - 127.0.0.1 - - [08/Nov/2025 06:43:43] "[35m[1mPOST /runner/flush?flush-busy=False HTTP/1.1[0m" 204 -
2025-11-08 06:44:03,545 - INFO - root - Starting GitHub runner manager service version: 0.6.3
2025-11-08 06:44:03,553 - INFO - github_runner_manager.http_server - Starting the server...
2025-11-08 06:44:03,553 - INFO - github_runner_manager.reconcile_service - Starting the reconcile service...
 * Serving Flask app 'github_runner_manager.http_server'
 * Debug mode: off
2025-11-08 06:44:03,553 - INFO - github_runner_manager.reconcile_service - Start reconciliation
2025-11-08 06:44:03,553 - INFO - github_runner_manager.reconcile_service - Reconcile ID: 7f342225-0d2b-41a4-a942-de1bda305af0
2025-11-08 06:44:03,559 - INFO - werkzeug - [31m[1mWARNING: This is a development server. Do not use it in a production deployment. Use a production WSGI server instead.[0m
 * Running on http://127.0.0.1:55555
2025-11-08 06:44:03,672 - INFO - werkzeug - [33mPress CTRL+C to quit[0m
2025-11-08 06:44:03,692 - INFO - github_runner_manager.manager.runner_scaler - Start reconcile. base_quantity 1. max_quantity: 0.
2025-11-08 06:44:03,692 - INFO - github_runner_manager.manager.runner_manager - runner_manager::cleanup
2025-11-08 06:44:03,692 - INFO - github_runner_manager.openstack_cloud.openstack_cloud - Getting all openstack servers managed by the charm
2025-11-08 06:44:04,045 - WARNING - github_runner_manager.openstack_cloud.openstack_cloud - The maximum compute API version 2.96 is greater than the supported version 2.91. Using the maximum supported version.
2025-11-08 06:44:04,761 - INFO - github_runner_manager.manager.runner_manager - VMs: []
2025-11-08 06:44:05,399 - INFO - github_runner_manager.manager.runner_manager - Runner health: RunnersHealthResponse(requested_runners=[], failed_requested_runners=[], non_requested_runners=[])
2025-11-08 06:44:06,179 - INFO - github_runner_manager.openstack_cloud.openstack_cloud - Cleaning up SSH key files
2025-11-08 06:44:06,179 - INFO - github_runner_manager.openstack_cloud.openstack_cloud - Found 0 key files, clean up 0 key files
2025-11-08 06:44:06,179 - INFO - github_runner_manager.openstack_cloud.openstack_cloud - Cleaning up openstack keypairs
2025-11-08 06:44:06,208 - INFO - github_runner_manager.manager.runner_manager - Cleaning up platform runners: []
2025-11-08 06:44:06,208 - INFO - github_runner_manager.platform.github_provider - Delete runners from GitHub provider: []
2025-11-08 06:44:06,208 - INFO - github_runner_manager.manager.runner_manager - Cleaned up platform runners: []
2025-11-08 06:44:06,208 - INFO - github_runner_manager.manager.runner_manager - Extracting metrics from VMs: []
2025-11-08 06:44:06,208 - INFO - github_runner_manager.manager.runner_manager - Cleaning up VMs: []
2025-11-08 06:44:06,208 - INFO - github_runner_manager.manager.runner_manager - Cleaned up VMs: []
2025-11-08 06:44:06,208 - INFO - github_runner_manager.openstack_cloud.openstack_cloud - Getting all openstack servers managed by the charm
2025-11-08 06:44:06,914 - INFO - github_runner_manager.manager.runner_manager - list vms response: []
2025-11-08 06:44:07,612 - INFO - github_runner_manager.manager.runner_manager - runner health response RunnersHealthResponse(requested_runners=[], failed_requested_runners=[], non_requested_runners=[])
2025-11-08 06:44:07,612 - INFO - github_runner_manager.manager.runner_scaler - Reconcile runners from 0 to 1
2025-11-08 06:44:07,612 - INFO - github_runner_manager.manager.runner_manager - Creating 1 runners
2025-11-08 06:44:08,160 - INFO - github_runner_manager.openstack_cloud.openstack_cloud - Creating openstack server with RunnerIdentity(instance_id=InstanceID('test-yqp30vcs-0-n-d5e0d9ac53cc'), metadata=RunnerMetadata(platform_name=<Platform.GITHUB: 'github'>, runner_id='179071', url=None))
2025-11-08 06:44:09,576 - INFO - github_runner_manager.openstack_cloud.openstack_runner_manager - Runner test-yqp30vcs-0-n-d5e0d9ac53cc created successfully
2025-11-08 06:44:09,576 - INFO - github_runner_manager.openstack_cloud.openstack_cloud - Getting all openstack servers managed by the charm
2025-11-08 06:44:10,274 - INFO - github_runner_manager.manager.runner_manager - list vms response: [VM(instance_id=InstanceID('test-yqp30vcs-0-n-d5e0d9ac53cc'), metadata=RunnerMetadata(platform_name='github', runner_id='179071', url=None), state=<VMState.CREATED: '1'>, created_at=datetime.datetime(2025, 11, 8, 6, 44, 9, tzinfo=datetime.timezone.utc))]
2025-11-08 06:44:10,990 - INFO - github_runner_manager.manager.runner_manager - runner health response RunnersHealthResponse(requested_runners=[PlatformRunnerHealth(identity=VM(instance_id=InstanceID('test-yqp30vcs-0-n-d5e0d9ac53cc'), metadata=RunnerMetadata(platform_name='github', runner_id='179071', url=None), state=<VMState.CREATED: '1'>, created_at=datetime.datetime(2025, 11, 8, 6, 44, 9, tzinfo=datetime.timezone.utc)), online=False, busy=False, deletable=False, runner_in_platform=True)], failed_requested_runners=[], non_requested_runners=[])
2025-11-08 06:44:10,990 - INFO - github_runner_manager.manager.runner_scaler - Runner test-yqp30vcs-0-n-d5e0d9ac53cc: state=PlatformRunnerState.OFFLINE, health=HealthState.UNKNOWN
2025-11-08 06:44:10,990 - INFO - github_runner_manager.manager.runner_scaler - Found 0 busy runners: []
2025-11-08 06:44:10,990 - INFO - github_runner_manager.manager.runner_scaler - Found 0 idle runners: []
2025-11-08 06:44:10,990 - INFO - github_runner_manager.manager.runner_scaler - Found 0 offline runners that are healthy: []
2025-11-08 06:44:10,990 - INFO - github_runner_manager.manager.runner_scaler - Found 1 unhealthy runners: [RunnerInstance(name='test-yqp30vcs-0-n-d5e0d9ac53cc', instance_id=InstanceID('test-yqp30vcs-0-n-d5e0d9ac53cc'), metadata=RunnerMetadata(platform_name='github', runner_id='179071', url=None), platform_state=<PlatformRunnerState.OFFLINE: '3'>, platform_health=PlatformRunnerHealth(identity=VM(instance_id=InstanceID('test-yqp30vcs-0-n-d5e0d9ac53cc'), metadata=RunnerMetadata(platform_name='github', runner_id='179071', url=None), state=<VMState.CREATED: '1'>, created_at=datetime.datetime(2025, 11, 8, 6, 44, 9, tzinfo=datetime.timezone.utc)), online=False, busy=False, deletable=False, runner_in_platform=True), cloud_state=<VMState.CREATED: '1'>)]
2025-11-08 06:44:10,990 - INFO - github_runner_manager.manager.runner_scaler - Current available runners (idle + healthy offline): set()
2025-11-08 06:44:10,991 - INFO - github_runner_manager.manager.runner_scaler - Current active runners: set()
2025-11-08 06:44:10,991 - INFO - github_runner_manager.manager.runner_scaler - Finished reconciliation.
2025-11-08 06:44:10,994 - INFO - github_runner_manager.reconcile_service - Change in number of runner after reconcile: 1
2025-11-08 06:44:10,994 - INFO - github_runner_manager.reconcile_service - End reconciliation
2025-11-08 06:44:18,101 - INFO - werkzeug - 127.0.0.1 - - [08/Nov/2025 06:44:18] "[35m[1mGET /health HTTP/1.1[0m" 204 -
2025-11-08 06:46:11,071 - INFO - github_runner_manager.reconcile_service - Start reconciliation
2025-11-08 06:46:11,071 - INFO - github_runner_manager.reconcile_service - Reconcile ID: 791e50a0-d008-44e9-98c7-e3cb4da18260
2025-11-08 06:46:11,088 - INFO - github_runner_manager.manager.runner_scaler - Start reconcile. base_quantity 1. max_quantity: 0.
2025-11-08 06:46:11,088 - INFO - github_runner_manager.manager.runner_manager - runner_manager::cleanup
2025-11-08 06:46:11,088 - INFO - github_runner_manager.openstack_cloud.openstack_cloud - Getting all openstack servers managed by the charm
2025-11-08 06:46:11,416 - WARNING - github_runner_manager.openstack_cloud.openstack_cloud - The maximum compute API version 2.96 is greater than the supported version 2.91. Using the maximum supported version.

06:46:13 INFO Reactive log: 
cat: '/var/log/reactive_runner/*.log': No such file or directory

06:46:14 INFO Metrics log: 
{"timestamp": 1762584210.8126698, "event": "reconciliation", "flavor": "test-yqp30vcs", "crashed_runners": 0, "idle_runners": 0, "active_runners": 0, "expected_runners": 0, "duration": 5.191666126251221}
{"timestamp": 1762584250.9911385, "event": "reconciliation", "flavor": "test-yqp30vcs", "crashed_runners": 0, "idle_runners": 0, "active_runners": 0, "expected_runners": 1, "duration": 7.298277854919434}

06:46:15 INFO OpenStack servers: [openstack.compute.v2.server.Server(id=c87f8e33-d96f-4483-946d-aa44b9a52b46, name=test-yqp30vcs-0-n-d5e0d9ac53cc, status=ACTIVE, tenant_id=5094adb2b2594752ba2421a5dd2905cf, user_id=1f7600bcec3d44c093c20673d7647848, metadata={'platform_name': 'github', 'runner_id': '179071', 'prefix': 'test-yqp30vcs-0'}, hostId=628ca0d5fe65fde18e31c47c51bd4d64c370c3ea4b9c3394fa92c6d0, image={'id': 'da4dc8e0-a532-4140-812c-9bde03f077f1', 'links': [{'rel': 'bookmark', 'href': 'https://nova.ps7.canonical.com:8774/images/da4dc8e0-a532-4140-812c-9bde03f077f1'}]}, flavor={'vcpus': 2, 'ram': 4096, 'disk': 50, 'ephemeral': 0, 'swap': 0, 'original_name': 'shared.xsmall', 'extra_specs': {'aggregate_instance_extra_specs:commit': 'amd64', 'hw:cpu_policy': 'shared', 'hw:mem_page_size': 'large', 'hw:pci_numa_affinity_policy': 'preferred'}}, created=2025-11-08T06:44:09Z, updated=2025-11-08T06:45:30Z, addresses={'net_stg-ps7-github-runner-test-amd64': [{'version': 4, 'addr': '10.151.122.83', 'OS-EXT-IPS:type': 'fixed', 'OS-EXT-IPS-MAC:mac_addr': 'fa:16:3e:d8:fe:84'}]}, accessIPv4=, accessIPv6=, links=[{'rel': 'self', 'href': 'https://nova.ps7.canonical.com:8774/v2.1/servers/c87f8e33-d96f-4483-946d-aa44b9a52b46'}, {'rel': 'bookmark', 'href': 'https://nova.ps7.canonical.com:8774/servers/c87f8e33-d96f-4483-946d-aa44b9a52b46'}], OS-DCF:diskConfig=MANUAL, progress=0, OS-EXT-AZ:availability_zone=AZ2, pinned_availability_zone=None, config_drive=True, key_name=test-yqp30vcs-0-n-d5e0d9ac53cc, OS-SRV-USG:launched_at=2025-11-08T06:45:29.000000, OS-SRV-USG:terminated_at=None, OS-EXT-SRV-ATTR:host=ps7-ra3-n5.ps7.canonical.com, OS-EXT-SRV-ATTR:instance_name=instance-00221f87, OS-EXT-SRV-ATTR:hypervisor_hostname=ps7-ra3-n5.ps7.canonical.com, OS-EXT-SRV-ATTR:reservation_id=r-ticjep3s, OS-EXT-SRV-ATTR:launch_index=0, OS-EXT-SRV-ATTR:hostname=test-yqp30vcs-0-n-d5e0d9ac53cc, OS-EXT-SRV-ATTR:kernel_id=, OS-EXT-SRV-ATTR:ramdisk_id=, OS-EXT-SRV-ATTR:root_device_name=/dev/vda, OS-EXT-SRV-ATTR:user_data=IyEvYmluL3NoCgpzZXQgLWUKCmhvc3RuYW1lY3RsIHNldC1ob3N0bmFtZSBnaXRodWItcnVubmVyCgojIFdyaXRlIC5lbnYgY29udGVudHMKc3UgLSB1YnVudHUgLWMgJ2NkIH4vYWN0aW9ucy1ydW5uZXIgJiYgZWNobyAiUEFUSD0vaG9tZS91YnVudHUvLmxvY2FsL2JpbjovdXNyL2xvY2FsL3NiaW46L3Vzci9sb2NhbC9iaW46L3Vzci9zYmluOi91c3IvYmluOi9zYmluOi9iaW46L3NuYXAvYmluCgpMQU5HPUMuVVRGLTgKQUNUSU9OU19SVU5ORVJfSE9PS19KT0JfU1RBUlRFRD0vaG9tZS91YnVudHUvYWN0aW9ucy1ydW5uZXIvcHJlLWpvYi5zaAoiID4gLmVudicKCnNuYXAgcmVmcmVzaCAtLWhvbGQ9NDhoCnNuYXAgd2F0Y2ggLS1sYXN0PWF1dG8tcmVmcmVzaD8KCgpzbmFwIGluc3RhbGwgYXByb3h5IC0tZWRnZQpzbmFwIHNldCBhcHJveHkgcHJveHk9ZWdyZXNzLnBzNy5pbnRlcm5hbDozMTI4IGxpc3Rlbj06NTQ5NjkKY2F0IDw8IEVPRiA+IC9ldGMvbmZ0YWJsZXMuY29uZgpkZWZpbmUgZGVmYXVsdC1pcHY0ID0gJChpcCByb3V0ZSBnZXQgJChpcCByb3V0ZSBzaG93IDAuMC4wLjAvMCB8IGdyZXAgLW9QICd2aWEgXEtcUysnKSB8IGdyZXAgLW9QICdzcmMgXEtcUysnKQp0YWJsZSBpcCBhcHJveHkKZmx1c2ggdGFibGUgaXAgYXByb3h5CnRhYmxlIGlwIGFwcm94eSB7CiAgICAgIHNldCBleGNsdWRlIHsKICAgICAgICAgIHR5cGUgaXB2NF9hZGRyOwogICAgICAgICAgZmxhZ3MgaW50ZXJ2YWw7IGF1dG8tbWVyZ2U7CiAgICAgICAgICBlbGVtZW50cyA9IHsgMTI3LjAuMC4wLzgsIDEwLjAuMC4wLzgsIDE3Mi4xNi4wLjAvMTIsIDE5Mi4xNjguMC4wLzE2IH0KICAgICAgfQogICAgICBjaGFpbiBwcmVyb3V0aW5nIHsKICAgICAgICAgICAgICB0eXBlIG5hdCBob29rIHByZXJvdXRpbmcgcHJpb3JpdHkgZHN0bmF0OyBwb2xpY3kgYWNjZXB0OwogICAgICAgICAgICAgIGlwIGRhZGRyICE9IEBleGNsdWRlIHRjcCBkcG9ydCB7IDEtMzEyNywgMzEyOS02NTUzNSB9IGNvdW50ZXIgZG5hdCB0byBcJGRlZmF1bHQtaXB2NDo1NDk2OQogICAgICB9CiAgICAgIGNoYWluIG91dHB1dCB7CiAgICAgICAgICAgICAgdHlwZSBuYXQgaG9vayBvdXRwdXQgcHJpb3JpdHkgLTEwMDsgcG9saWN5IGFjY2VwdDsKICAgICAgICAgICAgICBpcCBkYWRkciAhPSBAZXhjbHVkZSB0Y3AgZHBvcnQgeyAxLTMxMjcsIDMxMjktNjU1MzUgfSBjb3VudGVyIGRuYXQgdG8gXCRkZWZhdWx0LWlwdjQ6NTQ5NjkKICAgICAgfQp9CkVPRgpzeXN0ZW1jdGwgZW5hYmxlIG5mdGFibGVzLnNlcnZpY2UKbmZ0IC1mIC9ldGMvbmZ0YWJsZXMuY29uZgoKCmFwdC1nZXQgdXBkYXRlCgoKCmFkZHVzZXIgdWJ1bnR1IGx4ZAphZGR1c2VyIHVidW50dSBhZG0KCgoKIyBQcmVwYXJlIG1ldHJpY3MKc3UgLSB1YnVudHUgLWMgJ21rZGlyICIvaG9tZS91YnVudHUvbWV0cmljcy1leGNoYW5nZSInCgojIEluc2VydCBwcmUtam9iIHNjcmlwdCwgd2UgdXNlIGEgc3BlY2lhbCBlbmQgbWFya2VyIGFuZCBub3QgRU9GIG9yIEVPVCB0byBhdm9pZCB0aGF0IHRoZSBzYW1lIGlzIHJldXNlZCBpbnNpZGUgdGhlIHNjcmlwdApjYXQgPDwgJzM1YzY4MWQ3LWUwYjEtNDNhYS1hZmRjLWZmN2QxYzQ4MTBjYScgfCBzdSAtIHVidW50dSAtYyAndGVlIC9ob21lL3VidW50dS9hY3Rpb25zLXJ1bm5lci9wcmUtam9iLnNoJwojIS91c3IvYmluL2VudiBiYXNoCgp0aW1lc3RhbXA9JChkYXRlICslcykKCiMgRGlzYWJsZSBleGl0LW9uLWVycm9yLCBkdWUgdGhlIG5lZWQgZm9yIGVycm9yIGhhbmRsaW5nLgpzZXQgK2UKCgpqcSAtbiBcCiAgLS1hcmcgd29ya2Zsb3cgIiRHSVRIVUJfV09SS0ZMT1ciIFwKICAtLWFyZyByZXBvc2l0b3J5ICIkR0lUSFVCX1JFUE9TSVRPUlkiIFwKICAtLWFyZyBldmVudCAiJEdJVEhVQl9FVkVOVF9OQU1FIiBcCiAgLS1hcmdqc29uIHRpbWVzdGFtcCAiJHRpbWVzdGFtcCIgXAogIC0tYXJnIHdvcmtmbG93X3J1bl9pZCAiJEdJVEhVQl9SVU5fSUQiIFwKICAnewogICAgIndvcmtmbG93IjogJHdvcmtmbG93LAogICAgInJlcG9zaXRvcnkiOiAkcmVwb3NpdG9yeSwKICAgICJldmVudCI6ICRldmVudCwKICAgICJ0aW1lc3RhbXAiOiAkdGltZXN0YW1wLAogICAgIndvcmtmbG93X3J1bl9pZCI6ICR3b3JrZmxvd19ydW5faWQKICB9JyA+ICIvaG9tZS91YnVudHUvbWV0cmljcy1leGNoYW5nZS9wcmUtam9iLW1ldHJpY3MuanNvbiIgfHwgdHJ1ZQoKCgoKaWYgW1sgLW4gIiRET0NLRVJIVUJfTUlSUk9SIiBdXTsgdGhlbgogIGxvZ2dlciAtcyAiQSBwcml2YXRlIGRvY2tlciByZWdpc3RyeSBpcyBzZXR1cCBhcyBhIGRvY2tlcmh1YiBtaXJyb3IgZm9yIHRoaXMgc2VsZi1ob3N0ZWQgcnVubmVyLiIKICBsb2dnZXIgLXMgIlRoZSBkb2NrZXIgZGFlbW9uIG9uIHRoaXMgc2VsZi1ob3N0ZWQgcnVubmVyIGlzIGNvbmZpZ3VyZWQgdG8gdXNlIHRoZSBkb2NrZXJodWIgbWlycm9yLiIKICBsb2dnZXIgLXMgIlRoZSBVUkwgdG8gdGhlIHByaXZhdGUgZG9ja2VyIHJlZ2lzdHJ5IGlzIGluIHRoZSBET0NLRVJIVUJfTUlSUk9SIGVudmlyb25tZW50IHZhcmlhYmxlLiIKICBsb2dnZXIgLXMgIkZvciBtaWNyb2s4cywgc2VlIGluc3RydWN0aW9ucyBoZXJlOiBodHRwczovL21pY3JvazhzLmlvL2RvY3MvZG9ja2VyaHViLWxpbWl0cyIKZmkKCgozNWM2ODFkNy1lMGIxLTQzYWEtYWZkYy1mZjdkMWM0ODEwY2EKCgp3cml0ZV9wb3N0X21ldHJpY3MoKXsKICAgICMgRXhwZWN0cyB0aGUgZXhpdCBjb2RlIG9mIHRoZSBydW4uc2ggc2NyaXB0IGFzIHRoZSBmaXJzdCBhcmd1bWVudC4KCiAgICAjIE9ubHkgd3JpdGUgdGhlIHBvc3Qtam9iIG1ldHJpY3MgaWYgdGhlIGZpbGUgZG9lcyBub3QgYWxyZWFkeSBleGlzdCAtIHdoaWNoIG1heSBpbmRpY2F0ZQogICAgIyB0aGF0IHRoZSBqb2IgaGFzIGZhaWxlZCBpbnNpZGUgcHJlLWpvYi4KCiAgICBpZiBbIC1mIC9ob21lL3VidW50dS9tZXRyaWNzLWV4Y2hhbmdlL3Bvc3Qtam9iLW1ldHJpY3MuanNvbiBdOyB0aGVuCiAgICAgICAgcmV0dXJuCiAgICBmaQoKICAgIHRpbWVzdGFtcD0kKGRhdGUgKyVzKQoKICAgICMgV3JpdGUgdGhlIHBvc3Qtam9iIG1ldHJpY3MgdXNpbmcgc3RhdHVzIGFibm9ybWFsIGFuZCBleGl0IGNvZGUgaWYgZXhpdCBjb2RlIGlzIG5vbi16ZXJvCiAgICBpZiBbICIkMSIgIT0gIjAiIF07IHRoZW4KICAgICAgICBzdWRvIC1nIHVidW50dSAtdSB1YnVudHUganEgLW4gXAogICAgICAgICAgLS1hcmdqc29uIHRpbWVzdGFtcCAiJHRpbWVzdGFtcCIgXAogICAgICAgICAgLS1hcmcgc3RhdHVzICJhYm5vcm1hbCIgXAogICAgICAgICAgLS1hcmdqc29uIGV4aXRfY29kZSAiJDEiIFwKICAgICAgICAgICd7CiAgICAgICAgICAgICJ0aW1lc3RhbXAiOiAkdGltZXN0YW1wLAogICAgICAgICAgICAic3RhdHVzIjogJHN0YXR1cywKICAgICAgICAgICAgInN0YXR1c19pbmZvIjoge2NvZGU6ICRleGl0X2NvZGV9CiAgICAgICAgICB9JyA+ICIvaG9tZS91YnVudHUvbWV0cmljcy1leGNoYW5nZS9wb3N0LWpvYi1tZXRyaWNzLmpzb24iCiAgICAgICAgcmV0dXJuCiAgICBlbHNlCiAgICAgICAgIyBJZiBleGl0IGNvZGUgaXMgemVybywgd3JpdGUgdGhlIHBvc3Qtam9iIG1ldHJpY3MgdXNpbmcgc3RhdHVzIG5vcm1hbAogICAgICAgIHN1ZG8gLWcgdWJ1bnR1IC11IHVidW50dSBqcSAtbiBcCiAgICAgICAgICAtLWFyZ2pzb24gdGltZXN0YW1wICIkdGltZXN0YW1wIiBcCiAgICAgICAgICAnewogICAgICAgICAgICAidGltZXN0YW1wIjogJHRpbWVzdGFtcCwKICAgICAgICAgICAgInN0YXR1cyI6ICJub3JtYWwiCiAgICAgICAgICB9JyA+ICIvaG9tZS91YnVudHUvbWV0cmljcy1leGNoYW5nZS9wb3N0LWpvYi1tZXRyaWNzLmpzb24iCiAgICBmaQp9CgpkYXRlICslcyA+ICAvaG9tZS91YnVudHUvbWV0cmljcy1leGNoYW5nZS9ydW5uZXItaW5zdGFsbGVkLnRpbWVzdGFtcAoKIyBSdW4gcnVubmVyCiMgV2Ugd2FudCB0byBjYXB0dXJlIHRoZSBleGl0IGNvZGUgb2YgdGhlIHJ1biBzY3JpcHQgYW5kIHdyaXRlIHRoZSBwb3N0LWpvYiBtZXRyaWNzLgojIElmIHRoZSBhZ2VudCBwcm92aWRlZCBkb2VzIG5vdCBzdG9wLCB0aGUgbWV0cmljcyB3aWxsIG5vdCBiZSB3cml0dGVuIHRvIHRoZSBmaWxlIGFuZAojIHNob3VsZCBiZSB0YWtlbiBmcm9tIHRoZSBwbGF0Zm9ybSBwcm92aWRlci4KCihzZXQgK2U7IHN1IC0gdWJ1bnR1IC1jICJjZCB+L2FjdGlvbnMtcnVubmVyICYmIC9ob21lL3VidW50dS9hY3Rpb25zLXJ1bm5lci9ydW4uc2ggLS1qaXRjb25maWcgZXlJdWNuVnVibVZ5SWpvaVpYbEtRbG95Vm5Wa1JXeHJTV3B2YVUxVVl6Vk5SR040U1dsM2FWRlhaR3hpYmxKUFdWY3hiRWxxYjJsa1IxWjZaRU14TldOWVFYcE5TRnBxWTNrd2QweFhOSFJhUkZac1RVZFJOVmxYVFRGTk1rNXFTV2wzYVZKSGJIcFpWMHB6V2xaV2QxcEhSakJhVTBrMlNXeFNlV1JYVldsTVEwcEdZMGRvYkdKWFZubFpWM2RwVDJsS1ZXTnVWbXhKYVhkcFZVYzVkbUpGYkd0SmFtOXBUVk5KYzBsc1FuWmlNbmhQV1ZjeGJFbHFjSFZrVjNoelRFTktWRnBZU2pKYVdFcFdZMjEzYVU5cFNtOWtTRkozWTNwdmRrd3pRbkJqUjFaellWYzFiR015Wkc5a1YwcHNaRmhOZVU1RE5XaFpNMUp3WWpJMWVreHRaSEJrUjJneFdXNVdlbHBZU21waU1qVXdXbGMxTUV4dFRuWmlVemg0WVhwR2RscEhiSGxXVjJnMFYycFNTR0l5U25kaWJHUlRXbXRzZDJFd1NYbFdSekYzWVVoTk1XUnFiREZTYTJSMlpWWlNUVTE2U201YU0yaFBWMjVHYkZsVE9HbE1RMHBZWWpOS2NsSnRPWE5hUjFaNVNXcHZhVmd6WkhaamJYTnBURU5LU0dGWVVrbGtWMHBXWTIxM2FVOXBTbTlrU0ZKM1kzcHZka3d5WkhCa1IyZ3hXV2sxYW1JeU1IWlpNa1oxWWpJMWNGa3lSbk5NTW1Sd1pFZG9NVmxwTVhsa1Z6VjFXbGhKZEdJelFteGpiVVl3WWpOSmFVeERTbFJhV0VveVdsaEtWbU50ZUZkTmFVazJTVzFvTUdSSVFucFBhVGgyV1c1S2RtRXlWbmxNYlVacVpFZHNkbUp1VFhWYU1td3dZVWhXYVdSWVRteGpiVTUyWW01U2JHSnVVWFZaTWpsMFRIbEpjMGxzVm5wYVZsbDVVbTE0ZG1SNVNUWkpibEo1WkZkVmFXWlJQVDBpTENJdVkzSmxaR1Z1ZEdsaGJITWlPaUpsZVVwVVdUSm9iR0pYVldsUGFVcFFVVmhXTUdGRFNYTkphMUpvWkVkRmFVOXVjMmxSTW5od1dsYzFNRk5YVVdsUGFVa3pUbnBqTVU5RVZYbE9lVEEwVGxST2FFeFVVbXROZWtsMFQxUnNhVTU1TVd0YVJFWm9UbnBzYkUweVdURmFha1ZwVEVOS1FtUllVbTlpTTBwd1pXMUdNR0ZYT1hWV1dFcHpTV3B2YVdGSVVqQmpTRTAyVEhrNWQyRllRbXhpUjJ4MVdsaE9ibUZJVm1sYVdGWjZUV3BSZFZsWFRqQmhWemwxWTNrMWJtRllVbTlrVjBveFl6SldlVmt5T1hWa1IxWjFaRU0xYW1JeU1IWk5WM040WWpKU2NHTnNWbTlsUm04d1VqSTVhV05ITlZoVmJWcEtZMGQwUTAxc1VuUmpSMmg2VGxoWk5XUlZXa2hpTTJ4VlZFUk5lVm95WkRSVWJIQjRXbGRGZGxneVJuZGhXRTEyWWpKR01XUkhaM2xNTTFKMllUSldkVWx1TVRraUxDSXVZM0psWkdWdWRHbGhiSE5mY25OaGNHRnlZVzF6SWpvaVpYbEthMGxxYjJsbFYwcDZVMWhGZUdGRlZUQlJNalZ6VVc1SmVsWXlWbE5qVkZrelpVUkNVR0ZYTkRSalZrWnJUbFpDY2sxWE9WSlVNMlJUWTBoV05GVlZXVEJsUjNCRVZUQjRkazlGVGpKalIwWklUV3BrWVZKcVRsbFViR1F6VkZaU1YyUklXa3BOUldOM1pFaEdWMVF4WTNkaFJYUTJVV3QwYkU1V1dscE1NR1JWVFZSck1HUnRjRkpXYXpFMlN6Sm5lbVZIU1ROaldHaHlZbFZqZDJGV1RtdFNSbWQ0WkVoQ05sTnJTakZXUjJ4MlltdEdiMXBUZEZSWGJXOTVUVEpyZWxScVJucFpWbWhHVFc1dk5XVnRjRXhOYlhoMlpGZG9VVmxZY0hkVlZXc3pXVmhPYldGWFpGQk9WV3d5WTNwYWVGWjZSak5VVmxaWFZsVldkMUpWY0U1TU1GcE5UVmhPV1ZOcVFuUmpWMFpJVjJ4Q2NrNVhWa2RqTW5CSVQxUnJNRlpIZUhGaVZteHlVMWRGTkUxdE5VaE5XR3hHWWtoa1UxSnJVbkZOTUhCRlZUSndTbFZHUWxkTmJHeGhVV3BzYUZSc1ZsZFZWekZRV1ZaQk0yVkhOVkpPYTJzd1VWWlNTVTV1VWs5a2JsSllWRlpvZG1GWVZYbFpiVlo2VkVjeGVGSnRWbUZrUm1SUFVUSnNlVkV6VWtWYWJWWlVVa2hTYTFkVk9UWmphemx3WTFSb1dWUkhWa2RqU0dSc1RETldlRXN5TVVKVVYzaFBZVEowVEdOdFpFSmFWVzh5WTBaa2NsbHJWbEpRVkRCcFRFTkthMk5EU1RaSmExVjVXa2R6TUZKck1XcFNibFp6V1c1VmRscEVUbWxoU0c4eVRrZDBVVlpxYkdsV2FrMTNaVmRvUmxKNldrUlRWWFIwVERJNE0xUnBPRFJOVjA1NVZsZHdlRmxYU2xwak1XUlhWbE01Y0ZWc1pFTmhSR2hMVWtSc2FHVnFVa05OUlZaYVRWVlpNV1F5U25GUFZGWkNXVlZPYW1WWVJsVk5NRXBHWWtkb1JFOUdTVEZaYTNoWlRtMVZNVlJGT1ZkU2JYUTJVMVV3TW1Sc1pIWmpWVVoyWWpCR1RrNUhkREZQUjFKeFpVaGtWV0pzVWxWVWJrWkpUa1JPZGxWck1UQmxibVJRU3pGR1RFNUhNSHBTUjNnMVZrUkNRbVZZVG1oV01sSTBUa1JrYWxNeFZYZGhlakJwVEVOS2EyTlRTVFpKYkU1dVRrUkdWR0ZJWTNKVk1GWmFWRWR6TTA5RVNUVmtTR3MxWTIxa1JscDZUazFPUm1kNVVqQnNkbEZXUmxCT2JYQk1UakpGZW1OSVVqWlNha1pvWTFkd1Uwd3dOVzFhTVUxNFpGUktNbEo2YTNaa2FtczFZV3M0ZVZveVduaFhhMFl5VFVob1RVNXJhekZrTVdSTFRsZHNNMkpXYUd4U2JGWXlaREJHTkZWSE1XdFNNamd3VG1wWmQxbHJOVFJqTWtWeVkycEdXVkl5Y0RGa1JWcDNZMVpPYVZNd1VuTlpiVko1WTNwc1YxTXdjRVJsYlc4eFlraEtWVXd3WkhaaU1GSXdZa1Y0UzFScE9VaGFlbGwzV1drNVMxSnJNVEpTZWtKd1REQmFTRkpHYUcxTlJEQnBURU5LYkdWSVFuWmliVloxWkVOSk5rbHJSbEpSVlVscFRFTktjR0p1V214amJrNXNWVk5KTmtsdE5VZFpWa1oxWVcxa1QyTkVSbFpsVnpFMVZGVndiV0pyYURGT2VrWlhTekpHYzFSWVVrcGpSbWhLWWxSTmNsUldWbXROUnprMVlrTnpNbU5VWkVOaVNFSnFaRlZzTkZadGJGcFVSbFpQVFhwR1NtTjZUbFJOYlhoWVlWZE9lRk5YYUdGT2VsSTBVbXRTVEdWSE5XeFhiVGxyWTFod2FFOUhaM2xqTVVGM1pGUm9UMU51Y0VWVWVteEtVekJLUTJKR1NscFhWekExVXpOV1ExSlhlRXhPUkVwM1ZVaENNVTFWUlhaaFYyUk9WRzFhVDFOcVduSmtNRFF4VlVoYWRWWldUazVUYmtwWVpXMXdNVmt4YUhSU2VtTTBWRlZrV2xORmF6TmpNVkpIVjFWa2NGRlVNR2xNUTBwMFlqSlNNV0pJVm5wSmFtOXBUa2hPY0dOWVZtOVdSbEpIVmxSUk5Gb3hjR3RaTVU1aFYxVmFUMDFYV1hoUFJFcE9VekZrTUZwR1FURmFiVEEwV2taT2RHVlVVa3hsYW1oeVZWZFZlVnBYTkRGVU1XZDVVakJTYms1dGNEVlBWV1ExVkRKa2VGRllValZUYTJReVZVaEdlbFpxWXpWU00ydDZZMFJhYWxNeFRubFhWM0F5WlVkV1RGcEhTbkZpVkd4eFVXNVNUMVpzU2t4VGVsSXpWbnBTUWsxNlVrbGtTR1JSU3pKU05tVkVVa1ZrVjFWM1RtcFNjRTlJV2xaa1ZVNTBUbFpPZDFSVVpIZGlNR1J6VmxWc1dGVnJlRlprVlZwelpFZDBlVkpyZUUxaGJHaHBUbTVyY2xOV1pGaGtibEpOWkZSR2EyRkZkelJXV0VwSFUydDBlRTVZV2tWUk1ERk1WMWhTVkZRd05IZFVVM1F4VGxkMFIwMUlTbEZpVld4NlduazVSMU5VU25SaU1HUTFaVmN3TUZSV1VuTk9ibG8yVVZWS2NGZEVVbXBoVjBwR1VrZEdiRkl4Umt4UmEwcDVXVlpDTmxSSVNtaE9iRXAzVVRCVk1GVkVVbGhOTUdSU1RrVnZkMkpIYUZCV1ZYaDBVMnQwU1UxWGJHcFhWRkkxVm10d1dWUnRkREZrYlRSMlZHczVWRlY2YUV0aWJsWk9VbFZHUkdKR1pIVmhXRlpvVkZoYVFsUnFTVEJUTW5SSlpVZDRVR0ZWT0haa01HaFBWV2s0ZVdSVlZrOWpha0pHV1ZSV1IxSklWbTVOVTNRelVGUXdhVXhEU25kSmFtOXBTM3BPYkU5SVpIRlJiRVo2V1Zkc1VGbFlhM3BUVjFveVpGZDRhbU5yZEVOTE1sazFXbGRPV2xGcmREQmpNbG8yVkZVMWVWa3lUVEpqZVhSSVlsZHNRazB3U2tWaWVtTjVWa2Q0YmxJemNFOVBWR1JEWkZod1RtUkVRWGhUYkVZMlpHdDBUMkZWVm5OTmJHODFUbGN4YkdWcmEzaFhWa0pwVVZkV1ZHRkdRbXBpUlhCVlRqQTFlRTFVVlRCWFJYQkpZbGhLTTA1SVdUSk1lVGxHWkVWdk5VeDZWblpPVjJSUlVteHJOV1ZGZDNaUFZXUlVXVmhDZWxKSFVsSmFhM1JSVGtSc1NHUnRVbnBPVjFaclRWY3hkMXBFVGtoamFYUkdaVVUxTUdSSGJIbFJiRlp5VUZOSmMwbHVSV2xQYVVreFpFUm9URkZVVms1V01WbzBZa2RHVEZaWVNrbGpSV2h0VGpGR2RsRlZNVVZhV0U1MlkyMVdNMVpUYzNaalIzUnpUMGh3WVZORVFtaE9WMVpzWkZkTk5VOVVXbXRrYWs0ellWTjBhMlJGUm5WVVJVNDFZek5KZVZkR2F6TkxlbWMwV1RKU2RGbHJlR3BqYlZaRlRqSmFhRkZVYkhwV2JFWktZMnQ0UmxKWVNqSmlhelZXVGxaT1NGTnFXWGxhYkdnMFZHNVdRMlJVYkZaak1HY3hWVlYwVTA1R1NqSmpSMVl5WWxaV2JVNUdVbGhsVjBaUVZESlpkbE5VYUhaT2FscHZZMnM0ZWt0NldtbFViWEJoVDFVNVEwc3laSE5sUm04eFZrUktXRkpIU25OVk1EQTVTVzR3UFNKOSI7IHdyaXRlX3Bvc3RfbWV0cmljcyAkPykKCnN1IC0gdWJ1bnR1IC1jICJ0b3VjaCAvaG9tZS91YnVudHUvcnVuLWNvbXBsZXRlZCI=, OS-EXT-STS:task_state=None, OS-EXT-STS:vm_state=active, OS-EXT-STS:power_state=1, os-extended-volumes:volumes_attached=[], locked=False, locked_reason=None, description=None, tags=[], trusted_image_certificates=None, security_groups=[{'name': 'github-runner-v1'}], location=Munch({'cloud': 'testcloud', 'region_name': 'prodstack7', 'zone': 'AZ2', 'project': Munch({'id': '5094adb2b2594752ba2421a5dd2905cf', 'name': 'stg-ps7-github-runner-test-amd64_project', 'domain_id': None, 'domain_name': 'Default'})}), public_v4=, public_v6=, private_v4=10.151.122.83, interface_ip=)]
06:46:15 INFO Server test-yqp30vcs-0-n-d5e0d9ac53cc console log:
[    0.000000] Linux version 6.14.0-35-generic (buildd@lcy02-amd64-078) (x86_64-linux-gnu-gcc-13 (Ubuntu 13.3.0-6ubuntu2~24.04) 13.3.0, GNU ld (GNU Binutils for Ubuntu) 2.42) #35~24.04.1-Ubuntu SMP PREEMPT_DYNAMIC Tue Oct 14 13:55:17 UTC 2 (Ubuntu 6.14.0-35.35~24.04.1-generic 6.14.11)
[    0.000000] Command line: BOOT_IMAGE=/vmlinuz-6.14.0-35-generic root=UUID=7ab48270-8594-4062-9858-50b03e39749e ro console=tty1 console=ttyS0
[    0.000000] KERNEL supported cpus:
[    0.000000]   Intel GenuineIntel
[    0.000000]   AMD AuthenticAMD
[    0.000000]   Hygon HygonGenuine
[    0.000000]   Centaur CentaurHauls
[    0.000000]   zhaoxin   Shanghai  
[    0.000000] BIOS-provided physical RAM map:
[    0.000000] BIOS-e820: [mem 0x0000000000000000-0x000000000009fbff] usable
[    0.000000] BIOS-e820: [mem 0x000000000009fc00-0x000000000009ffff] reserved
[    0.000000] BIOS-e820: [mem 0x00000000000f0000-0x00000000000fffff] reserved
[    0.000000] BIOS-e820: [mem 0x0000000000100000-0x00000000bffdcfff] usable
[    0.000000] BIOS-e820: [mem 0x00000000bffdd000-0x00000000bfffffff] reserved
[    0.000000] BIOS-e820: [mem 0x00000000feffc000-0x00000000feffffff] reserved
[    0.000000] BIOS-e820: [mem 0x00000000fffc0000-0x00000000ffffffff] reserved
[    0.000000] BIOS-e820: [mem 0x0000000100000000-0x000000013fffffff] usable
[    0.000000] BIOS-e820: [mem 0x000000fd00000000-0x000000ffffffffff] reserved
[    0.000000] NX (Execute Disable) protection: active
[    0.000000] APIC: Static calls initialized
[    0.000000] SMBIOS 2.8 present.
[    0.000000] DMI: OpenStack Foundation OpenStack Nova, BIOS 1.16.3-debian-1.16.3-2~backport22.04.202412060920~ubuntu22.04.1 04/01/2014
[    0.000000] DMI: Memory slots populated: 1/1
[    0.000000] Hypervisor detected: KVM
[    0.000000] kvm-clock: Using msrs 4b564d01 and 4b564d00
[    0.000000] kvm-clock: using sched offset of 1951708287 cycles
[    0.000002] clocksource: kvm-clock: mask: 0xffffffffffffffff max_cycles: 0x1cd42e4dffb, max_idle_ns: 881590591483 ns
[    0.000004] tsc: Detected 2396.398 MHz processor
[    0.000889] last_pfn = 0x140000 max_arch_pfn = 0x400000000
[    0.000925] MTRR map: 4 entries (3 fixed + 1 variable; max 19), built from 8 variable MTRRs
[    0.000928] x86/PAT: Configuration [0-7]: WB  WC  UC- UC  WB  WP  UC- WT  
[    0.000986] last_pfn = 0xbffdd max_arch_pfn = 0x400000000
[    0.003222] found SMP MP-table at [mem 0x000f53c0-0x000f53cf]
[    0.003236] Using GB pages for direct mapping
[    0.003457] RAMDISK: [mem 0x2ee41000-0x33717fff]
[    0.003833] ACPI: Early table checksum verification disabled
[    0.003836] ACPI: RSDP 0x00000000000F5140 000014 (v00 BOCHS )
[    0.003840] ACPI: RSDT 0x00000000BFFE2334 000034 (v01 BOCHS  BXPC     00000001 BXPC 00000001)
[    0.003845] ACPI: FACP 0x00000000BFFE2150 000074 (v01 BOCHS  BXPC     00000001 BXPC 00000001)
[    0.003849] ACPI: DSDT 0x00000000BFFE0040 002110 (v01 BOCHS  BXPC     00000001 BXPC 00000001)
[    0.003851] ACPI: FACS 0x00000000BFFE0000 000040
[    0.003853] ACPI: APIC 0x00000000BFFE21C4 000080 (v03 BOCHS  BXPC     00000001 BXPC 00000001)
[    0.003855] ACPI: SRAT 0x00000000BFFE2244 0000C8 (v01 BOCHS  BXPC     00000001 BXPC 00000001)
[    0.003856] ACPI: WAET 0x00000000BFFE230C 000028 (v01 BOCHS  BXPC     00000001 BXPC 00000001)
[    0.003858] ACPI: Reserving FACP table memory at [mem 0xbffe2150-0xbffe21c3]
[    0.003859] ACPI: Reserving DSDT table memory at [mem 0xbffe0040-0xbffe214f]
[    0.003860] ACPI: Reserving FACS table memory at [mem 0xbffe0000-0xbffe003f]
[    0.003860] ACPI: Reserving APIC table memory at [mem 0xbffe21c4-0xbffe2243]
[    0.003861] ACPI: Reserving SRAT table memory at [mem 0xbffe2244-0xbffe230b]
[    0.003861] ACPI: Reserving WAET table memory at [mem 0xbffe230c-0xbffe2333]
[    0.003923] ACPI: SRAT: Node 0 PXM 0 [mem 0x00000000-0x0009ffff]
[    0.003925] ACPI: SRAT: Node 0 PXM 0 [mem 0x00100000-0xbfffffff]
[    0.003926] ACPI: SRAT: Node 0 PXM 0 [mem 0x100000000-0x13fffffff]
[    0.003928] NUMA: Node 0 [mem 0x00001000-0x0009ffff] + [mem 0x00100000-0xbfffffff] -> [mem 0x00001000-0xbfffffff]
[    0.003930] NUMA: Node 0 [mem 0x00001000-0xbfffffff] + [mem 0x100000000-0x13fffffff] -> [mem 0x00001000-0x13fffffff]
[    0.003937] NODE_DATA(0) allocated [mem 0x13ffd3540-0x13fffdfff]
[    0.004092] Zone ranges:
[    0.004092]   DMA      [mem 0x0000000000001000-0x0000000000ffffff]
[    0.004094]   DMA32    [mem 0x0000000001000000-0x00000000ffffffff]
[    0.004095]   Normal   [mem 0x0000000100000000-0x000000013fffffff]
[    0.004096]   Device   empty
[    0.004097] Movable zone start for each node
[    0.004098] Early memory node ranges
[    0.004098]   node   0: [mem 0x0000000000001000-0x000000000009efff]
[    0.004100]   node   0: [mem 0x0000000000100000-0x00000000bffdcfff]
[    0.004101]   node   0: [mem 0x0000000100000000-0x000000013fffffff]
[    0.004101] Initmem setup node 0 [mem 0x0000000000001000-0x000000013fffffff]
[    0.004106] On node 0, zone DMA: 1 pages in unavailable ranges
[    0.004118] On node 0, zone DMA: 97 pages in unavailable ranges
[    0.006686] On node 0, zone Normal: 35 pages in unavailable ranges
[    0.007090] ACPI: PM-Timer IO Port: 0x608
[    0.007101] ACPI: LAPIC_NMI (acpi_id[0xff] dfl dfl lint[0x1])
[    0.007128] IOAPIC[0]: apic_id 0, version 17, address 0xfec00000, GSI 0-23
[    0.007131] ACPI: INT_SRC_OVR (bus 0 bus_irq 0 global_irq 2 dfl dfl)
[    0.007132] ACPI: INT_SRC_OVR (bus 0 bus_irq 5 global_irq 5 high level)
[    0.007133] ACPI: INT_SRC_OVR (bus 0 bus_irq 9 global_irq 9 high level)
[    0.007134] ACPI: INT_SRC_OVR (bus 0 bus_irq 10 global_irq 10 high level)
[    0.007135] ACPI: INT_SRC_OVR (bus 0 bus_irq 11 global_irq 11 high level)
[    0.007138] ACPI: Using ACPI (MADT) for SMP configuration information
[    0.007142] CPU topo: Max. logical packages:   2
[    0.007143] CPU topo: Max. logical dies:       2
[    0.007143] CPU topo: Max. dies per package:   1
[    0.007147] CPU topo: Max. threads per core:   1
[    0.007148] CPU topo: Num. cores per package:     1
[    0.007148] CPU topo: Num. threads per package:   1
[    0.007148] CPU topo: Allowing 2 present CPUs plus 0 hotplug CPUs
[    0.007166] kvm-guest: APIC: eoi() replaced with kvm_guest_apic_eoi_write()
[    0.007180] PM: hibernation: Registered nosave memory: [mem 0x00000000-0x00000fff]
[    0.007182] PM: hibernation: Registered nosave memory: [mem 0x0009f000-0x000fffff]
[    0.007183] PM: hibernation: Registered nosave memory: [mem 0xbffdd000-0xffffffff]
[    0.007184] [mem 0xc0000000-0xfeffbfff] available for PCI devices
[    0.007185] Booting paravirtualized kernel on KVM
[    0.007187] clocksource: refined-jiffies: mask: 0xffffffff max_cycles: 0xffffffff, max_idle_ns: 1910969940391419 ns
[    0.007193] setup_percpu: NR_CPUS:8192 nr_cpumask_bits:2 nr_cpu_ids:2 nr_node_ids:1
[    0.007292] percpu: Embedded 88 pages/cpu s237568 r8192 d114688 u1048576
[    0.007320] kvm-guest: PV spinlocks disabled, no host support
[    0.007321] Kernel command line: BOOT_IMAGE=/vmlinuz-6.14.0-35-generic root=UUID=7ab48270-8594-4062-9858-50b03e39749e ro console=tty1 console=ttyS0
[    0.007372] Unknown kernel command line parameters "BOOT_IMAGE=/vmlinuz-6.14.0-35-generic", will be passed to user space.
[    0.007384] random: crng init done
[    0.007385] printk: log buffer data + meta data: 262144 + 917504 = 1179648 bytes
[    0.007526] Dentry cache hash table entries: 524288 (order: 10, 4194304 bytes, linear)
[    0.007600] Inode-cache hash table entries: 262144 (order: 9, 2097152 bytes, linear)
[    0.007626] Fallback order for Node 0: 0 
[    0.007628] Built 1 zonelists, mobility grouping on.  Total pages: 1048443
[    0.007628] Policy zone: Normal
[    0.007634] mem auto-init: stack:all(zero), heap alloc:on, heap free:off
[    0.007640] software IO TLB: area num 2.
[    0.018023] SLUB: HWalign=64, Order=0-3, MinObjects=0, CPUs=2, Nodes=1
[    0.018055] ftrace: allocating 60406 entries in 236 pages
[    0.042305] ftrace: allocated 236 pages with 5 groups
[    0.043169] Dynamic Preempt: voluntary
[    0.043205] rcu: Preemptible hierarchical RCU implementation.
[    0.043206] rcu: 	RCU restricting CPUs from NR_CPUS=8192 to nr_cpu_ids=2.
[    0.043207] 	Trampoline variant of Tasks RCU enabled.
[    0.043207] 	Rude variant of Tasks RCU enabled.
[    0.043207] 	Tracing variant of Tasks RCU enabled.
[    0.043208] rcu: RCU calculated value of scheduler-enlistment delay is 100 jiffies.
[    0.043209] rcu: Adjusting geometry for rcu_fanout_leaf=16, nr_cpu_ids=2
[    0.043214] RCU Tasks: Setting shift to 1 and lim to 1 rcu_task_cb_adjust=1 rcu_task_cpu_ids=2.
[    0.043216] RCU Tasks Rude: Setting shift to 1 and lim to 1 rcu_task_cb_adjust=1 rcu_task_cpu_ids=2.
[    0.043217] RCU Tasks Trace: Setting shift to 1 and lim to 1 rcu_task_cb_adjust=1 rcu_task_cpu_ids=2.
[    0.045904] NR_IRQS: 524544, nr_irqs: 440, preallocated irqs: 16
[    0.046131] rcu: srcu_init: Setting srcu_struct sizes based on contention.
[    0.055404] Console: colour VGA+ 80x25
[    0.055408] printk: legacy console [tty1] enabled
[    0.091066] printk: legacy console [ttyS0] enabled
[    0.198828] ACPI: Core revision 20240827
[    0.199676] APIC: Switch to symmetric I/O mode setup
[    0.200790] x2apic enabled
[    0.201634] APIC: Switched APIC routing to: physical x2apic
[    0.203708] ..TIMER: vector=0x30 apic1=0 pin1=2 apic2=-1 pin2=-1
[    0.204784] tsc: Marking TSC unstable due to TSCs unsynchronized
[    0.206485] Calibrating delay loop (skipped) preset value.. 4792.79 BogoMIPS (lpj=2396398)
[    0.208576] x86/cpu: User Mode Instruction Prevention (UMIP) activated
[    0.209832] Last level iTLB entries: 4KB 512, 2MB 255, 4MB 127
[    0.210735] Last level dTLB entries: 4KB 512, 2MB 255, 4MB 127, 1GB 0
[    0.211753] Spectre V1 : Mitigation: usercopy/swapgs barriers and __user pointer sanitization
[    0.213484] Spectre V2 : Mitigation: Retpolines
[    0.214483] Spectre V2 : Spectre v2 / SpectreRSB: Filling RSB on context switch and VMEXIT
[    0.215851] Spectre V2 : Enabling Speculation Barrier for firmware calls
[    0.216761] RETBleed: Mitigation: untrained return thunk
[    0.217729] Spectre V2 : mitigation: Enabling conditional Indirect Branch Prediction Barrier
[    0.219483] Speculative Store Bypass: Vulnerable
[    0.220484] Speculative Return Stack Overflow: IBPB-extending microcode not applied!
[    0.221853] Speculative Return Stack Overflow: WARNING: See https://kernel.org/doc/html/latest/admin-guide/hw-vuln/srso.html for mitigation options.
[    0.221854] x86/bugs: return thunk changed
[    0.224695] Speculative Return Stack Overflow: Vulnerable: Safe RET, no microcode
[    0.226498] x86/fpu: Supporting XSAVE feature 0x001: 'x87 floating point registers'
[    0.227862] x86/fpu: Supporting XSAVE feature 0x002: 'SSE registers'
[    0.228766] x86/fpu: Supporting XSAVE feature 0x004: 'AVX registers'
[    0.229767] x86/fpu: xstate_offset[2]:  576, xstate_sizes[2]:  256
[    0.230761] x86/fpu: Enabled xstate features 0x7, context size is 832 bytes, using 'compacted' format.
[    0.263101] Freeing SMP alternatives memory: 48K
[    0.263745] pid_max: default: 32768 minimum: 301
[    0.264793] LSM: initializing lsm=lockdown,capability,landlock,yama,apparmor,ima,evm
[    0.269489] landlock: Up and running.
[    0.270711] Yama: becoming mindful.
[    0.271522] AppArmor: AppArmor initialized
[    0.272371] Mount-cache hash table entries: 8192 (order: 4, 65536 bytes, linear)
[    0.273486] Mountpoint-cache hash table entries: 8192 (order: 4, 65536 bytes, linear)
[    0.377731] smpboot: CPU0: AMD EPYC-Rome Processor (family: 0x17, model: 0x31, stepping: 0x0)
[    0.379219] Performance Events: Fam17h+ core perfctr, AMD PMU driver.
[    0.380486] ... version:                0
[    0.381260] ... bit width:              48
[    0.381713] ... generic registers:      6
[    0.382711] ... value mask:             0000ffffffffffff
[    0.383742] ... max period:             00007fffffffffff
[    0.384740] ... fixed-purpose events:   0
[    0.386348] ... event mask:             000000000000003f
[    0.387534] signal: max sigframe size: 1776
[    0.388426] rcu: Hierarchical SRCU implementation.
[    0.388729] rcu: 	Max phase no-delay instances is 400.
[    0.389794] Timer migration: 1 hierarchy levels; 8 children per group; 1 crossnode level
[    0.395306] smp: Bringing up secondary CPUs ...
[    0.395866] smpboot: x86: Booting SMP configuration:
[    0.396735] .... node  #0, CPUs:      #1
[    0.397528] smp: Brought up 1 node, 2 CPUs
[    0.399267] smpboot: Total of 2 processors activated (9585.59 BogoMIPS)
[    0.400613] Memory: 3919428K/4193772K available (21451K kernel code, 4568K rwdata, 15064K rodata, 5140K init, 4432K bss, 267424K reserved, 0K cma-reserved)
[    0.402484] devtmpfs: initialized
[    0.403216] x86/mm: Memory block size: 128MB
[    0.404799] clocksource: jiffies: mask: 0xffffffff max_cycles: 0xffffffff, max_idle_ns: 1911260446275000 ns
[    0.406492] futex hash table entries: 512 (order: 3, 32768 bytes, linear)
[    0.407849] pinctrl core: initialized pinctrl subsystem
[    0.408890] PM: RTC time: 06:45:31, date: 2025-11-08
[    0.410535] NET: Registered PF_NETLINK/PF_ROUTE protocol family
[    0.411628] DMA: preallocated 512 KiB GFP_KERNEL pool for atomic allocations
[    0.412810] DMA: preallocated 512 KiB GFP_KERNEL|GFP_DMA pool for atomic allocations
[    0.414504] DMA: preallocated 512 KiB GFP_KERNEL|GFP_DMA32 pool for atomic allocations
[    0.416493] audit: initializing netlink subsys (disabled)
[    0.417519] audit: type=2000 audit(1762584331.528:1): state=initialized audit_enabled=0 res=1
[    0.417654] thermal_sys: Registered thermal governor 'fair_share'
[    0.418887] thermal_sys: Registered thermal governor 'bang_bang'
[    0.420483] thermal_sys: Registered thermal governor 'step_wise'
[    0.421483] thermal_sys: Registered thermal governor 'user_space'
[    0.422484] thermal_sys: Registered thermal governor 'power_allocator'
[    0.423781] cpuidle: using governor ladder
[    0.425715] cpuidle: using governor menu
[    0.426968] acpiphp: ACPI Hot Plug PCI Controller Driver version: 0.5
[    0.428584] PCI: Using configuration type 1 for base access
[    0.429484] PCI: Using configuration type 1 for extended access
[    0.430633] kprobes: kprobe jump-optimization is enabled. All kprobes are optimized if possible.
[    0.448587] HugeTLB: registered 1.00 GiB page size, pre-allocated 0 pages
[    0.449790] HugeTLB: 16380 KiB vmemmap can be freed for a 1.00 GiB page
[    0.450779] HugeTLB: registered 2.00 MiB page size, pre-allocated 0 pages
[    0.451777] HugeTLB: 28 KiB vmemmap can be freed for a 2.00 MiB page
[    0.454114] ACPI: Added _OSI(Module Device)
[    0.454717] ACPI: Added _OSI(Processor Device)
[    0.455726] ACPI: Added _OSI(Processor Aggregator Device)
[    0.458619] ACPI: 1 ACPI AML tables successfully acquired and loaded
[    0.461582] ACPI: Interpreter enabled
[    0.462338] ACPI: PM: (supports S0 S3 S4 S5)
[    0.462714] ACPI: Using IOAPIC for interrupt routing
[    0.463945] PCI: Using host bridge windows from ACPI; if necessary, use "pci=nocrs" and report a bug
[    0.465904] PCI: Using E820 reservations for host bridge windows
[    0.466893] ACPI: Enabled 2 GPEs in block 00 to 0F
[    0.471694] ACPI: PCI Root Bridge [PCI0] (domain 0000 [bus 00-ff])
[    0.472776] acpi PNP0A03:00: _OSC: OS supports [ExtendedConfig ASPM ClockPM Segments MSI EDR HPX-Type3]
[    0.475689] acpiphp: Slot [3] registered
[    0.476487] acpiphp: Slot [4] registered
[    0.477270] acpiphp: Slot [5] registered
[    0.477728] acpiphp: Slot [6] registered
[    0.478721] acpiphp: Slot [7] registered
[    0.479503] acpiphp: Slot [8] registered
[    0.480291] acpiphp: Slot [9] registered
[    0.480725] acpiphp: Slot [10] registered
[    0.481724] acpiphp: Slot [11] registered
[    0.482722] acpiphp: Slot [12] registered
[    0.483500] acpiphp: Slot [13] registered
[    0.484303] acpiphp: Slot [14] registered
[    0.484723] acpiphp: Slot [15] registered
[    0.485728] acpiphp: Slot [16] registered
[    0.486728] acpiphp: Slot [17] registered
[    0.487502] acpiphp: Slot [18] registered
[    0.488297] acpiphp: Slot [19] registered
[    0.488726] acpiphp: Slot [20] registered
[    0.489727] acpiphp: Slot [21] registered
[    0.490722] acpiphp: Slot [22] registered
[    0.491500] acpiphp: Slot [23] registered
[    0.492293] acpiphp: Slot [24] registered
[    0.492729] acpiphp: Slot [25] registered
[    0.493724] acpiphp: Slot [26] registered
[    0.494727] acpiphp: Slot [27] registered
[    0.495501] acpiphp: Slot [28] registered
[    0.496288] acpiphp: Slot [29] registered
[    0.496722] acpiphp: Slot [30] registered
[    0.497726] acpiphp: Slot [31] registered
[    0.498722] PCI host bridge to bus 0000:00
[    0.499489] pci_bus 0000:00: root bus resource [io  0x0000-0x0cf7 window]
[    0.500778] pci_bus 0000:00: root bus resource [io  0x0d00-0xffff window]
[    0.501780] pci_bus 0000:00: root bus resource [mem 0x000a0000-0x000bffff window]
[    0.502863] pci_bus 0000:00: root bus resource [mem 0xc0000000-0xfebfffff window]
[    0.504868] pci_bus 0000:00: root bus resource [mem 0xc000000000-0xc07fffffff window]
[    0.506872] pci_bus 0000:00: root bus resource [bus 00-ff]
[    0.507894] pci 0000:00:00.0: [8086:1237] type 00 class 0x060000 conventional PCI endpoint
[    0.509949] pci 0000:00:01.0: [8086:7000] type 00 class 0x060100 conventional PCI endpoint
[    0.511935] pci 0000:00:01.1: [8086:7010] type 00 class 0x010180 conventional PCI endpoint
[    0.514517] pci 0000:00:01.1: BAR 4 [io  0xc180-0xc18f]
[    0.515516] pci 0000:00:01.1: BAR 0 [io  0x01f0-0x01f7]: legacy IDE quirk
[    0.516484] pci 0000:00:01.1: BAR 1 [io  0x03f6]: legacy IDE quirk
[    0.517761] pci 0000:00:01.1: BAR 2 [io  0x0170-0x0177]: legacy IDE quirk
[    0.518776] pci 0000:00:01.1: BAR 3 [io  0x0376]: legacy IDE quirk
[    0.519943] pci 0000:00:01.3: [8086:7113] type 00 class 0x068000 conventional PCI endpoint
[    0.522191] pci 0000:00:01.3: quirk: [io  0x0600-0x063f] claimed by PIIX4 ACPI
[    0.523491] pci 0000:00:01.3: quirk: [io  0x0700-0x070f] claimed by PIIX4 SMB
[    0.524998] pci 0000:00:02.0: [1b36:0100] type 00 class 0x030000 conventional PCI endpoint
[    0.530493] pci 0000:00:02.0: BAR 0 [mem 0xf4000000-0xf7ffffff]
[    0.530772] pci 0000:00:02.0: BAR 1 [mem 0xf8000000-0xfbffffff]
[    0.532491] pci 0000:00:02.0: BAR 2 [mem 0xfc090000-0xfc091fff]
[    0.533764] pci 0000:00:02.0: BAR 3 [io  0xc140-0xc15f]
[    0.534769] pci 0000:00:02.0: ROM [mem 0xfc080000-0xfc08ffff pref]
[    0.536524] pci 0000:00:02.0: Video device with shadowed ROM at [mem 0x000c0000-0x000dffff]
[    0.538146] pci 0000:00:03.0: [1af4:1000] type 00 class 0x020000 conventional PCI endpoint
[    0.541315] pci 0000:00:03.0: BAR 0 [io  0xc080-0xc0bf]
[    0.542491] pci 0000:00:03.0: BAR 1 [mem 0xfc092000-0xfc092fff]
[    0.543509] pci 0000:00:03.0: BAR 4 [mem 0xc000000000-0xc000003fff 64bit pref]
[    0.544855] pci 0000:00:03.0: ROM [mem 0xfc000000-0xfc07ffff pref]
[    0.547875] pci 0000:00:04.0: [1af4:1003] type 00 class 0x078000 conventional PCI endpoint
[    0.550492] pci 0000:00:04.0: BAR 0 [io  0xc0c0-0xc0ff]
[    0.551492] pci 0000:00:04.0: BAR 1 [mem 0xfc093000-0xfc093fff]
[    0.552784] pci 0000:00:04.0: BAR 4 [mem 0xc000004000-0xc000007fff 64bit pref]
[    0.555842] pci 0000:00:05.0: [1af4:1001] type 00 class 0x010000 conventional PCI endpoint
[    0.558497] pci 0000:00:05.0: BAR 0 [io  0xc000-0xc07f]
[    0.559753] pci 0000:00:05.0: BAR 1 [mem 0xfc094000-0xfc094fff]
[    0.560781] pci 0000:00:05.0: BAR 4 [mem 0xc000008000-0xc00000bfff 64bit pref]
[    0.564117] pci 0000:00:06.0: [1af4:1002] type 00 class 0x00ff00 conventional PCI endpoint
[    0.567107] pci 0000:00:06.0: BAR 0 [io  0xc100-0xc13f]
[    0.567753] pci 0000:00:06.0: BAR 1 [mem 0xfc095000-0xfc095fff]
[    0.568792] pci 0000:00:06.0: BAR 4 [mem 0xc00000c000-0xc00000ffff 64bit pref]
[    0.572376] pci 0000:00:07.0: [1af4:1005] type 00 class 0x00ff00 conventional PCI endpoint
[    0.575048] pci 0000:00:07.0: BAR 0 [io  0xc160-0xc17f]
[    0.575749] pci 0000:00:07.0: BAR 1 [mem 0xfc096000-0xfc096fff]
[    0.576778] pci 0000:00:07.0: BAR 4 [mem 0xc000010000-0xc000013fff 64bit pref]
[    0.587367] ACPI: PCI: Interrupt link LNKA configured for IRQ 10
[    0.588632] ACPI: PCI: Interrupt link LNKB configured for IRQ 10
[    0.589625] ACPI: PCI: Interrupt link LNKC configured for IRQ 11
[    0.590892] ACPI: PCI: Interrupt link LNKD configured for IRQ 11
[    0.591831] ACPI: PCI: Interrupt link LNKS configured for IRQ 9
[    0.593772] iommu: Default domain type: Translated
[    0.594736] iommu: DMA domain TLB invalidation policy: lazy mode
[    0.596530] SCSI subsystem initialized
[    0.597526] ACPI: bus type USB registered
[    0.597727] usbcore: registered new interface driver usbfs
[    0.602493] usbcore: registered new interface driver hub
[    0.602751] usbcore: registered new device driver usb
[    0.603759] pps_core: LinuxPPS API ver. 1 registered
[    0.604729] pps_core: Software ver. 5.3.6 - Copyright 2005-2007 Rodolfo Giometti <giometti@linux.it>
[    0.606905] PTP clock support registered
[    0.607528] EDAC MC: Ver: 3.0.0
[    0.608750] NetLabel: Initializing
[    0.609484] NetLabel:  domain hash size = 128
[    0.610486] NetLabel:  protocols = UNLABELED CIPSOv4 CALIPSO
[    0.611502] NetLabel:  unlabeled traffic allowed by default
[    0.612537] mctp: management component transport protocol core
[    0.613484] NET: Registered PF_MCTP protocol family
[    0.614499] PCI: Using ACPI for IRQ routing
[    0.615659] pci 0000:00:02.0: vgaarb: setting as boot VGA device
[    0.616482] pci 0000:00:02.0: vgaarb: bridge control possible
[    0.616482] pci 0000:00:02.0: vgaarb: VGA device added: decodes=io+mem,owns=io+mem,locks=none
[    0.619484] vgaarb: loaded
[    0.619708] clocksource: Switched to clocksource kvm-clock
[    0.620718] VFS: Disk quotas dquot_6.6.0
[    0.621516] VFS: Dquot-cache hash table entries: 512 (order 0, 4096 bytes)
[    0.623833] AppArmor: AppArmor Filesystem Enabled
[    0.625182] pnp: PnP ACPI init
[    0.626181] pnp: PnP ACPI: found 5 devices
[    0.633016] clocksource: acpi_pm: mask: 0xffffff max_cycles: 0xffffff, max_idle_ns: 2085701024 ns
[    0.634741] NET: Registered PF_INET protocol family
[    0.635713] IP idents hash table entries: 65536 (order: 7, 524288 bytes, linear)
[    0.651357] tcp_listen_portaddr_hash hash table entries: 2048 (order: 3, 32768 bytes, linear)
[    0.652983] Table-perturb hash table entries: 65536 (order: 6, 262144 bytes, linear)
[    0.654958] TCP established hash table entries: 32768 (order: 6, 262144 bytes, linear)
[    0.656496] TCP bind hash table entries: 32768 (order: 8, 1048576 bytes, linear)
[    0.657937] TCP: Hash tables configured (established 32768 bind 32768)
[    0.659177] MPTCP token hash table entries: 4096 (order: 4, 98304 bytes, linear)
[    0.660591] UDP hash table entries: 2048 (order: 5, 131072 bytes, linear)
[    0.661846] UDP-Lite hash table entries: 2048 (order: 5, 131072 bytes, linear)
[    0.663236] NET: Registered PF_UNIX/PF_LOCAL protocol family
[    0.664288] NET: Registered PF_XDP protocol family
[    0.665216] pci_bus 0000:00: resource 4 [io  0x0000-0x0cf7 window]
[    0.666339] pci_bus 0000:00: resource 5 [io  0x0d00-0xffff window]
[    0.667476] pci_bus 0000:00: resource 6 [mem 0x000a0000-0x000bffff window]
[    0.668724] pci_bus 0000:00: resource 7 [mem 0xc0000000-0xfebfffff window]
[    0.669971] pci_bus 0000:00: resource 8 [mem 0xc000000000-0xc07fffffff window]
[    0.671398] pci 0000:00:01.0: PIIX3: Enabling Passive Release
[    0.672507] pci 0000:00:00.0: Limiting direct PCI/PCI transfers
[    0.673676] PCI: CLS 0 bytes, default 64
[    0.674489] PCI-DMA: Using software bounce buffering for IO (SWIOTLB)
[    0.675459] Trying to unpack rootfs image as initramfs...
[    0.675668] software IO TLB: mapped [mem 0x00000000bbfdd000-0x00000000bffdd000] (64MB)
[    0.692458] Initialise system trusted keyrings
[    0.693380] Key type blacklist registered
[    0.694233] workingset: timestamp_bits=36 max_order=20 bucket_order=0
[    0.695436] zbud: loaded
[    0.696247] squashfs: version 4.0 (2009/01/31) Phillip Lougher
[    0.697447] fuse: init (API version 7.42)
[    0.698375] integrity: Platform Keyring initialized
[    0.699307] integrity: Machine keyring initialized
[    0.710221] Key type asymmetric registered
[    0.711030] Asymmetric key parser 'x509' registered
[    0.711974] Block layer SCSI generic (bsg) driver version 0.4 loaded (major 243)
[    0.713420] io scheduler mq-deadline registered
[    0.715125] ledtrig-cpu: registered to indicate activity on CPUs
[    0.716302] shpchp: Standard Hot Plug PCI Controller Driver version: 0.4
[    0.717674] input: Power Button as /devices/LNXSYSTM:00/LNXPWRBN:00/input/input0
[    0.719171] ACPI: button: Power Button [PWRF]
[    0.721721] ACPI: \_SB_.LNKC: Enabled at IRQ 11
[    0.724951] ACPI: \_SB_.LNKD: Enabled at IRQ 10
[    0.728024] ACPI: \_SB_.LNKA: Enabled at IRQ 10
[    0.731024] ACPI: \_SB_.LNKB: Enabled at IRQ 11
[    0.735808] Serial: 8250/16550 driver, 32 ports, IRQ sharing enabled
[    0.760318] 00:00: ttyS0 at I/O 0x3f8 (irq = 4, base_baud = 115200) is a 16550A
[    0.773415] Freeing initrd memory: 74588K
[    0.775401] Linux agpgart interface v0.103
[    0.778211] loop: module loaded
[    0.779022] virtio_blk virtio2: 2/0/0 default/read/poll queues
[    0.780777] virtio_blk virtio2: [vda] 104857600 512-byte logical blocks (53.7 GB/50.0 GiB)
[    0.783724]  vda: vda1 vda14 vda15 vda16
[    0.785505] scsi host0: ata_piix
[    0.786315] scsi host1: ata_piix
[    0.787036] ata1: PATA max MWDMA2 cmd 0x1f0 ctl 0x3f6 bmdma 0xc180 irq 14 lpm-pol 0
[    0.788491] ata2: PATA max MWDMA2 cmd 0x170 ctl 0x376 bmdma 0xc188 irq 15 lpm-pol 0
[    0.790002] ACPI: bus type drm_connector registered
[    0.791233] tun: Universal TUN/TAP device driver, 1.6
[    0.794108] PPP generic driver version 2.4.2
[    0.795234] i8042: PNP: PS/2 Controller [PNP0303:KBD,PNP0f13:MOU] at 0x60,0x64 irq 1,12
[    0.797428] serio: i8042 KBD port at 0x60,0x64 irq 1
[    0.798399] serio: i8042 AUX port at 0x60,0x64 irq 12
[    0.799486] mousedev: PS/2 mouse device common for all mice
[    0.800854] input: AT Translated Set 2 keyboard as /devices/platform/i8042/serio0/input/input1
[    0.802683] rtc_cmos 00:04: RTC can wake from S4
[    0.803984] rtc_cmos 00:04: registered as rtc0
[    0.805332] rtc_cmos 00:04: setting system clock to 2025-11-08T06:45:32 UTC (1762584332)
[    0.806936] rtc_cmos 00:04: alarms up to one day, y3k, 242 bytes nvram
[    0.808150] i2c_dev: i2c /dev entries driver
[    0.809020] device-mapper: core: CONFIG_IMA_DISABLE_HTABLE is disabled. Duplicate IMA measurements will not be recorded in the IMA log.
[    0.811201] device-mapper: uevent: version 1.0.3
[    0.812142] device-mapper: ioctl: 4.49.0-ioctl (2025-01-17) initialised: dm-devel@lists.linux.dev
[    0.813781] amd_pstate: the _CPC object is not present in SBIOS or ACPI disabled
[    0.815264] drop_monitor: Initializing network drop monitor service
[    0.816532] NET: Registered PF_INET6 protocol family
[    0.823178] Segment Routing with IPv6
[    0.823947] In-situ OAM (IOAM) with IPv6
[    0.824749] NET: Registered PF_PACKET protocol family
[    0.825763] Key type dns_resolver registered
[    0.826842] IPI shorthand broadcast: enabled
[    0.829862] sched_clock: Marking stable (673005572, 156344641)->(830606021, -1255808)
[    0.831546] registered taskstats version 1
[    0.832586] Loading compiled-in X.509 certificates
[    0.833972] Loaded X.509 cert 'Build time autogenerated kernel key: 41d22baa63dd1c71f702c24bd4d59d850d38a476'
[    0.836771] Loaded X.509 cert 'Canonical Ltd. Live Patch Signing 2025 Kmod: d541cef61dc7e793b7eb7e899970a2eef0b5dc8c'
[    0.839083] Loaded X.509 cert 'Canonical Ltd. Live Patch Signing: 14df34d1a87cf37625abec039ef2bf521249b969'
[    0.841256] Loaded X.509 cert 'Canonical Ltd. Kernel Module Signing: 88f752e560a1e0737e31163a466ad7b70a850c19'
[    0.843080] blacklist: Loading compiled-in revocation X.509 certificates
[    0.844332] Loaded X.509 cert 'Canonical Ltd. Secure Boot Signing: 61482aa2830d0ab2ad5af10b7250da9033ddcef0'
[    0.846189] Loaded X.509 cert 'Canonical Ltd. Secure Boot Signing (2017): 242ade75ac4a15e50d50c84b0d45ff3eae707a03'
[    0.848095] Loaded X.509 cert 'Canonical Ltd. Secure Boot Signing (ESM 2018): 365188c1d374d6b07c3c8f240f8ef722433d6a8b'
[    0.850072] Loaded X.509 cert 'Canonical Ltd. Secure Boot Signing (2019): c0746fd6c5da3ae827864651ad66ae47fe24b3e8'
[    0.851983] Loaded X.509 cert 'Canonical Ltd. Secure Boot Signing (2021 v1): a8d54bbb3825cfb94fa13c9f8a594a195c107b8d'
[    0.853934] Loaded X.509 cert 'Canonical Ltd. Secure Boot Signing (2021 v2): 4cf046892d6fd3c9a5b03f98d845f90851dc6a8c'
[    0.855984] Loaded X.509 cert 'Canonical Ltd. Secure Boot Signing (2021 v3): 100437bb6de6e469b581e61cd66bce3ef4ed53af'
[    0.857940] Loaded X.509 cert 'Canonical Ltd. Secure Boot Signing (Ubuntu Core 2019): c1d57b8f6b743f23ee41f4f7ee292f06eecadfb9'
[    0.864894] Demotion targets for Node 0: null
[    0.866361] Key type .fscrypt registered
[    0.867148] Key type fscrypt-provisioning registered
[    0.873134] cryptd: max_cpu_qlen set to 1000
[    0.947743] ata1: found unknown device (class 0)
[    0.949160] ata1.00: ATAPI: QEMU DVD-ROM, 2.5+, max UDMA/100
[    0.951262] scsi 0:0:0:0: CD-ROM            QEMU     QEMU DVD-ROM     2.5+ PQ: 0 ANSI: 5
[    0.962142] sr 0:0:0:0: [sr0] scsi3-mmc drive: 4x/4x cd/rw xa/form2 tray
[    0.963388] cdrom: Uniform CD-ROM driver Revision: 3.20
[    0.972405] sr 0:0:0:0: Attached scsi generic sg0 type 5
[    0.975830] AES CTR mode by8 optimization enabled
[    0.988388] Key type encrypted registered
[    0.989209] AppArmor: AppArmor sha256 policy hashing enabled
[    0.990280] ima: No TPM chip found, activating TPM-bypass!
[    0.991374] Loading compiled-in module X.509 certificates
[    0.992772] Loaded X.509 cert 'Build time autogenerated kernel key: 41d22baa63dd1c71f702c24bd4d59d850d38a476'
[    0.994575] ima: Allocated hash algorithm: sha256
[    0.995479] ima: No architecture policies found
[    0.996370] evm: Initialising EVM extended attributes:
[    0.997340] evm: security.selinux
[    0.998030] evm: security.SMACK64
[    0.998718] evm: security.SMACK64EXEC
[    1.002622] evm: security.SMACK64TRANSMUTE
[    1.003433] evm: security.SMACK64MMAP
[    1.004165] evm: security.apparmor
[    1.004867] evm: security.ima
[    1.005491] evm: security.capability
[    1.006209] evm: HMAC attrs: 0x1
[    1.007181] PM:   Magic number: 1:502:771
[    1.009819] RAS: Correctable Errors collector initialized.
[    1.014796] clk: Disabling unused clocks
[    1.016030] PM: genpd: Disabling unused power domains
[    1.018624] Freeing unused decrypted memory: 2028K
[    1.020061] Freeing unused kernel image (initmem) memory: 5140K
[    1.020977] Write protecting the kernel read-only data: 38912k
[    1.022334] Freeing unused kernel image (text/rodata gap) memory: 1076K
[    1.023560] Freeing unused kernel image (rodata/data gap) memory: 1320K
[    1.071379] x86/mm: Checked W+X mappings: passed, no W+X pages found.
[    1.072413] Run /init as init process
Loading, please wait...
Starting systemd-udevd version 255.4-1ubuntu8.11
[    1.184266] virtio_net virtio0 ens3: renamed from eth0
[    1.190574] input: VirtualPS/2 VMware VMMouse as /devices/platform/i8042/serio1/input/input4
[    1.230675] FDC 0 is a S82078B
[    1.232497] input: VirtualPS/2 VMware VMMouse as /devices/platform/i8042/serio1/input/input3
Begin: Loading essential drivers ... [    2.378354] raid6: avx2x4   gen() 48099 MB/s
[    2.395355] raid6: avx2x2   gen() 51017 MB/s
[    2.412356] raid6: avx2x1   gen() 43029 MB/s
[    2.413051] raid6: using algorithm avx2x2 gen() 51017 MB/s
[    2.430353] raid6: .... xor() 34744 MB/s, rmw enabled
[    2.431140] raid6: using avx2x2 recovery algorithm
[    2.432751] xor: automatically using best checksumming function   avx       
[    2.434416] async_tx: api initialized (async)
done.
Begin: Running /scripts/init-premount ... done.
Begin: Mounting root file system ... Begin: Running /scripts/local-top ... done.
Begin: Running /scripts/local-premount ... [    2.538727] Btrfs loaded, zoned=yes, fsverity=yes
Scanning for Btrfs filesystems
done.
Begin: Will now check root file system ... fsck from util-linux 2.39.3
[/usr/sbin/fsck.ext4 (1) -- /dev/vda1] fsck.ext4 -a -C0 /dev/vda1 
cloudimg-rootfs: clean, 185795/6422528 files, 1999637/12844795 blocks
done.
[    2.591056] EXT4-fs (vda1): mounted filesystem 7ab48270-8594-4062-9858-50b03e39749e ro with ordered data mode. Quota mode: none.
done.
Begin: Running /scripts/local-bottom ... done.
Begin: Running /scripts/init-bottom ... done.
[    2.747218] systemd[1]: Inserted module 'autofs4'
[    2.769285] systemd[1]: systemd 255.4-1ubuntu8.11 running in system mode (+PAM +AUDIT +SELINUX +APPARMOR +IMA +SMACK +SECCOMP +GCRYPT -GNUTLS +OPENSSL +ACL +BLKID +CURL +ELFUTILS +FIDO2 +IDN2 -IDN +IPTC +KMOD +LIBCRYPTSETUP +LIBFDISK +PCRE2 -PWQUALITY +P11KIT +QRENCODE +TPM2 +BZIP2 +LZ4 +XZ +ZLIB +ZSTD -BPF_FRAMEWORK -XKBCOMMON +UTMP +SYSVINIT default-hierarchy=unified)
[    2.773843] systemd[1]: Detected virtualization kvm.
[    2.774633] systemd[1]: Detected architecture x86-64.

Welcome to [1mUbuntu 24.04.3 LTS[0m!

[    2.778262] systemd[1]: Hostname set to <github-runner>.
[    2.964238] systemd[1]: Queued start job for default target graphical.target.
[    2.978893] systemd[1]: Created slice system-modprobe.slice - Slice /system/modprobe.
[[0;32m  OK  [0m] Created slice [0;1;39msystem-modprobe.slice[0m - Slice /system/modprobe.
[    2.981720] systemd[1]: Created slice system-serial\x2dgetty.slice - Slice /system/serial-getty.
[[0;32m  OK  [0m] Created slice [0;1;39msystem-serial\x2dget���slice[0m - Slice /system/serial-getty.
[    2.984664] systemd[1]: Created slice system-systemd\x2dfsck.slice - Slice /system/systemd-fsck.
[[0;32m  OK  [0m] Created slice [0;1;39msystem-systemd\x2dfs���slice[0m - Slice /system/systemd-fsck.
[    2.987573] systemd[1]: Created slice user.slice - User and Session Slice.
[[0;32m  OK  [0m] Created slice [0;1;39muser.slice[0m - User and Session Slice.
[    2.989659] systemd[1]: Started systemd-ask-password-wall.path - Forward Password Requests to Wall Directory Watch.
[[0;32m  OK  [0m] Started [0;1;39msystemd-ask-password-wall.���[0md Requests to Wall Directory Watch.
[    2.992591] systemd[1]: Set up automount proc-sys-fs-binfmt_misc.automount - Arbitrary Executable File Formats File System Automount Point.
[[0;32m  OK  [0m] Set up automount [0;1;39mproc-sys-fs-binfm���[0mormats File System Automount Point.
[    2.996249] systemd[1]: Expecting device dev-disk-by\x2dlabel-BOOT.device - /dev/disk/by-label/BOOT...
         Expecting device [0;1;39mdev-disk-by\x2dla���device[0m - /dev/disk/by-label/BOOT...
[    2.998750] systemd[1]: Expecting device dev-disk-by\x2dlabel-UEFI.device - /dev/disk/by-label/UEFI...
         Expecting device [0;1;39mdev-disk-by\x2dla���device[0m - /dev/disk/by-label/UEFI...
[    3.001197] systemd[1]: Expecting device dev-ttyS0.device - /dev/ttyS0...
         Expecting device [0;1;39mdev-ttyS0.device[0m - /dev/ttyS0...
[    3.003047] systemd[1]: Reached target integritysetup.target - Local Integrity Protected Volumes.
[[0;32m  OK  [0m] Reached target [0;1;39mintegritysetup.targ���[0m Local Integrity Protected Volumes.
[    3.005604] systemd[1]: Reached target slices.target - Slice Units.
[[0;32m  OK  [0m] Reached target [0;1;39mslices.target[0m - Slice Units.
[    3.007456] systemd[1]: Reached target snapd.mounts-pre.target - Mounting snaps.
[[0;32m  OK  [0m] Reached target [0;1;39msnapd.mounts-pre.target[0m - Mounting snaps.
[    3.009635] systemd[1]: Reached target swap.target - Swaps.
[[0;32m  OK  [0m] Reached target [0;1;39mswap.target[0m - Swaps.
[    3.011312] systemd[1]: Reached target veritysetup.target - Local Verity Protected Volumes.
[[0;32m  OK  [0m] Reached target [0;1;39mveritysetup.target[0m - Local Verity Protected Volumes.
[    3.013843] systemd[1]: Listening on dm-event.socket - Device-mapper event daemon FIFOs.
[[0;32m  OK  [0m] Listening on [0;1;39mdm-event.socket[0m - Device-mapper event daemon FIFOs.
[    3.016335] systemd[1]: Listening on lvm2-lvmpolld.socket - LVM2 poll daemon socket.
[[0;32m  OK  [0m] Listening on [0;1;39mlvm2-lvmpolld.socket[0m - LVM2 poll daemon socket.
[    3.018726] systemd[1]: Listening on multipathd.socket - multipathd control socket.
[[0;32m  OK  [0m] Listening on [0;1;39mmultipathd.socket[0m - multipathd control socket.
[    3.021095] systemd[1]: Listening on syslog.socket - Syslog Socket.
[[0;32m  OK  [0m] Listening on [0;1;39msyslog.socket[0m - Syslog Socket.
[    3.023039] systemd[1]: Listening on systemd-fsckd.socket - fsck to fsckd communication Socket.
[[0;32m  OK  [0m] Listening on [0;1;39msystemd-fsckd.socket[0m ���fsck to fsckd communication Socket.
[    3.026199] systemd[1]: Listening on systemd-initctl.socket - initctl Compatibility Named Pipe.
[[0;32m  OK  [0m] Listening on [0;1;39msystemd-initctl.socke���[0m- initctl Compatibility Named Pipe.
[    3.028824] systemd[1]: Listening on systemd-journald-dev-log.socket - Journal Socket (/dev/log).
[[0;32m  OK  [0m] Listening on [0;1;39msystemd-journald-dev-���socket[0m - Journal Socket (/dev/log).
[    3.031485] systemd[1]: Listening on systemd-journald.socket - Journal Socket.
[[0;32m  OK  [0m] Listening on [0;1;39msystemd-journald.socket[0m - Journal Socket.
[    3.033802] systemd[1]: Listening on systemd-networkd.socket - Network Service Netlink Socket.
[[0;32m  OK  [0m] Listening on [0;1;39msystemd-networkd.socket[0m - Network Service Netlink Socket.
[    3.036303] systemd[1]: systemd-pcrextend.socket - TPM2 PCR Extension (Varlink) was skipped because of an unmet condition check (ConditionSecurity=measured-uki).
[    3.039069] systemd[1]: Listening on systemd-udevd-control.socket - udev Control Socket.
[[0;32m  OK  [0m] Listening on [0;1;39msystemd-udevd-control.socket[0m - udev Control Socket.
[    3.041579] systemd[1]: Listening on systemd-udevd-kernel.socket - udev Kernel Socket.
[[0;32m  OK  [0m] Listening on [0;1;39msystemd-udevd-kernel.socket[0m - udev Kernel Socket.
[    3.055424] systemd[1]: Mounting dev-hugepages.mount - Huge Pages File System...
         Mounting [0;1;39mdev-hugepages.mount[0m - Huge Pages File System...
[    3.058329] systemd[1]: Mounting dev-mqueue.mount - POSIX Message Queue File System...
         Mounting [0;1;39mdev-mqueue.mount[0m - POSIX Message Queue File System...
[    3.061236] systemd[1]: Mounting sys-kernel-debug.mount - Kernel Debug File System...
         Mounting [0;1;39msys-kernel-debug.mount[0m - Kernel Debug File System...
[    3.065042] systemd[1]: Mounting sys-kernel-tracing.mount - Kernel Trace File System...
         Mounting [0;1;39msys-kernel-tracing.mount[0m - Kernel Trace File System...
[    3.069488] systemd[1]: Starting systemd-journald.service - Journal Service...
         Starting [0;1;39msystemd-journald.service[0m - Journal Service...
[    3.073271] systemd[1]: Starting keyboard-setup.service - Set the console keyboard layout...
         Starting [0;1;39mkeyboard-setup.service[0m - Set the console keyboard layout...
[    3.079211] systemd[1]: Starting kmod-static-nodes.service - Create List of Static Device Nodes...
         Starting [0;1;39mkmod-static-nodes.service[0m���eate List of Static Device Nodes...
[    3.083787] systemd[1]: Starting lvm2-monitor.service - Monitoring of LVM2 mirrors, snapshots etc. using dmeventd or progress polling...
         Starting [0;1;39mlvm2-monitor.service[0m - Mo���ing dmeventd or progress polling...
[    3.093491] systemd[1]: Starting modprobe@configfs.service - Load Kernel Module configfs...
[    3.094947] systemd-journald[311]: Collecting audit messages is disabled.
         Starting [0;1;39mmodprobe@configfs.service[0m - Load Kernel Module configfs...
[    3.098636] systemd[1]: Starting modprobe@dm_mod.service - Load Kernel Module dm_mod...
         Starting [0;1;39mmodprobe@dm_mod.service[0m - Load Kernel Module dm_mod...
[    3.101543] systemd[1]: Starting modprobe@drm.service - Load Kernel Module drm...
         Starting [0;1;39mmodprobe@drm.service[0m - Load Kernel Module drm...
[    3.106482] systemd[1]: Starting modprobe@efi_pstore.service - Load Kernel Module efi_pstore...
         Starting [0;1;39mmodprobe@efi_pstore.servi���[0m - Load Kernel Module efi_pstore...
[    3.109776] systemd[1]: Starting modprobe@fuse.service - Load Kernel Module fuse...
         Starting [0;1;39mmodprobe@fuse.service[0m - Load Kernel Module fuse...
[    3.114005] systemd[1]: Starting modprobe@loop.service - Load Kernel Module loop...
         Starting [0;1;39mmodprobe@loop.service[0m - Load Kernel Module loop...
[    3.118366] systemd[1]: netplan-ovs-cleanup.service - OpenVSwitch configuration for cleanup was skipped because of an unmet condition check (ConditionFileIsExecutable=/usr/bin/ovs-vsctl).
[    3.124489] systemd[1]: systemd-fsck-root.service - File System Check on Root Device was skipped because of an unmet condition check (ConditionPathExists=!/run/initramfs/fsck-root).
[    3.133288] systemd[1]: Starting systemd-modules-load.service - Load Kernel Modules...
         Starting [0;1;39msystemd-modules-load.service[0m - Load Kernel Modules...
[    3.136442] systemd[1]: systemd-pcrmachine.service - TPM2 PCR Machine ID Measurement was skipped because of an unmet condition check (ConditionSecurity=measured-uki).
[    3.141147] systemd[1]: Starting systemd-remount-fs.service - Remount Root and Kernel File Systems...
         Starting [0;1;39msystemd-remount-fs.servic���[0munt Root and Kernel File Systems...
[    3.145873] systemd[1]: systemd-tpm2-setup-early.service - TPM2 SRK Setup (Early) was skipped because of an unmet condition check (ConditionSecurity=measured-uki).
[    3.151838] systemd[1]: Starting systemd-udev-trigger.service - Coldplug All udev Devices...
         Starting [0;1;39msystemd-udev-trigger.service[0m - Coldplug All udev Devices...
[    3.158809] systemd[1]: Started systemd-journald.service - Journal Service.
[[0;32m  OK  [0m] Started [0;1;39msystemd-journald.service[0m - Journal Service.
[[0;32m  OK  [0m] Mounted [0;1;39mdev-hugepages.mount[0m - Huge Pages File System.
[[0;32m  OK  [0m] Mounted [0;1;39mdev-mqueue.mount[0m - POSIX Message Queue File System.
[[0;32m  OK  [0m] Mounted [0;1;39msys-kernel-debug.mount[0m - Kernel Debug File System.
[[0;32m  OK  [0m] Mounted [0;1;39msys-kernel-tracing.mount[0m - Kernel Trace File System.
[[0;32m  OK  [0m] Finished [0;1;39mkmod-static-nodes.service[0m���Create List of Static Device Nodes.
[[0;32m  OK  [0m] Finished [0;1;39mkeyboard-setup.service[0m - Set the console keyboard layout.
[[0;32m  OK  [0m] Finished [0;1;39mlvm2-monitor.service[0m - Mo���using dmeventd or progress polling.
[[0;32m  OK  [0m] Finished [0;1;39mmodprobe@configfs.service[0m - Load Kernel Module configfs.
[    3.180556] EXT4-fs (vda1): re-mounted 7ab48270-8594-4062-9858-50b03e39749e r/w.
[[0;32m  OK  [0m] Finished [0;1;39mmodprobe@dm_mod.service[0m - Load Kernel Module dm_mod.
[[0;32m  OK  [0m] Finished [0;1;39mmodprobe@drm.service[0m - Load Kernel Module drm.
[[0;32m  OK  [0m] Finished [0;1;39mmodprobe@efi_pstore.service[0m - Load Kernel Module efi_pstore.
[[0;32m  OK  [0m] Finished [0;1;39mmodprobe@fuse.service[0m - Load Kernel Module fuse.
[[0;32m  OK  [0m] Finished [0;1;39mmodprobe@loop.service[0m - Load Kernel Module loop.
[[0;32m  OK  [0m] Finished [0;1;39msystemd-modules-load.service[0m - Load Kernel Modules.
[[0;32m  OK  [0m] Finished [0;1;39msystemd-remount-fs.servic���[0mmount Root and Kernel File Systems.
         Mounting [0;1;39msys-fs-fuse-connections.mount[0m - FUSE Control File System...
         Mounting [0;1;39msys-kernel-config.mount[0m - Kernel Configuration File System...
         Starting [0;1;39mmultipathd.service[0m - Devi���pper Multipath Device Controller...
         Starting [0;1;39msystemd-journal-flush.ser���[0msh Journal to Persistent Storage...
         Starting [0;1;39msystemd-random-seed.service[0m - Load/Save OS Random Seed...
         Starting [0;1;39msystemd-sysctl.service[0m - Apply Kernel Variables...
         Starting [0;1;39msystemd-tmpfiles-setup-de���[0m Device Nodes in /dev gracefully...
[[0;32m  OK  [0m] Mounted [0;1;39msys-fs-fuse-connections.mount[0m - FUSE Control File System.
[[0;32m  OK  [0m] Mounted [0;1;39msys-kernel-config.mount[0m - Kernel Configuration File System.
[    3.242104] systemd-journald[311]: Received client request to flush runtime journal.
[[0;32m  OK  [0m] Finished [0;1;39msystemd-random-seed.service[0m - Load/Save OS Random Seed.
[[0;32m  OK  [0m] Finished [0;1;39msystemd-sysctl.service[0m - Apply Kernel Variables.
[[0;32m  OK  [0m] Finished [0;1;39msystemd-tmpfiles-setup-de���[0mic Device Nodes in /dev gracefully.
         Starting [0;1;39msystemd-tmpfiles-setup-de���[0meate Static Device Nodes in /dev...
[[0;32m  OK  [0m] Finished [0;1;39msystemd-tmpfiles-setup-de���[0mCreate Static Device Nodes in /dev.
[[0;32m  OK  [0m] Started [0;1;39mmultipathd.service[0m - Devic���Mapper Multipath Device Controller.
[[0;32m  OK  [0m] Reached target [0;1;39mlocal-fs-pre.target[0m���Preparation for Local File Systems.
         Mounting [0;1;39msnap-aproxy-62.mount[0m - Mount unit for aproxy, revision 62...
         Mounting [0;1;39msnap-core22-2139.mount[0m - ���t unit for core22, revision 2139...
         Mounting [0;1;39msnap-snapd-25577.mount[0m - ���t unit for snapd, revision 25577...
         Starting [0;1;39msystemd-udevd.service[0m - R���ager for Device Events and Files...
[[0;32m  OK  [0m] Finished [0;1;39msystemd-udev-trigger.service[0m - Coldplug All udev Devices.
[[0;32m  OK  [0m] Mounted [0;1;39msnap-aproxy-62.mount[0m - Mount unit for aproxy, revision 62.
[[0;32m  OK  [0m] Mounted [0;1;39msnap-core22-2139.mount[0m - Mount unit for core22, revision 2139.
[[0;32m  OK  [0m] Mounted [0;1;39msnap-snapd-25577.mount[0m - Mount unit for snapd, revision 25577.
[[0;32m  OK  [0m] Reached target [0;1;39msnapd.mounts.target[0m - Mounted snaps.
[[0;32m  OK  [0m] Started [0;1;39msystemd-udevd.service[0m - Ru���anager for Device Events and Files.
[[0;32m  OK  [0m] Started [0;1;39msystemd-ask-password-conso���[0mequests to Console Directory Watch.
[[0;32m  OK  [0m] Reached target [0;1;39mcryptsetup.target[0m - Local Encrypted Volumes.
[[0;32m  OK  [0m] Found device [0;1;39mdev-disk-by\x2dlabel-���I.device[0m - /dev/disk/by-label/UEFI.
[[0;32m  OK  [0m] Found device [0;1;39mdev-disk-by\x2dlabel-���T.device[0m - /dev/disk/by-label/BOOT.
[[0;32m  OK  [0m] Found device [0;1;39mdev-ttyS0.device[0m - /dev/ttyS0.
         Starting [0;1;39msystemd-fsck@dev-disk-by\���[0mCheck on /dev/disk/by-label/BOOT...
         Starting [0;1;39msystemd-fsck@dev-disk-by\���[0mCheck on /dev/disk/by-label/UEFI...
[[0;32m  OK  [0m] Started [0;1;39msystemd-fsckd.service[0m - Fi���stem Check Daemon to report status.
[[0;32m  OK  [0m] Finished [0;1;39msystemd-journal-flush.ser���[0mlush Journal to Persistent Storage.
Checking in progress on 1 disk (0.0% complete)[[0;32m  OK  [0m] Finished [0;1;39msystemd-fsck@dev-disk-by\���[0mm Check on /dev/disk/by-label/BOOT.
         Mounting [0;1;39mboot.mount[0m - /boot...
Checking in progress on 0 disks (100.0% complete)[[0;32m  OK  [0m] Finished [0;1;39msystemd-fsck@dev-disk-by\���[0mm Check on /dev/disk/by-label/UEFI.
[[0;32m  OK  [0m] Mounted [0;1;39mboot.mount[0m - /boot.
         Mounting [0;1;39mboot-efi.mount[0m - /boot/efi...
[[0;32m  OK  [0m] Mounted [0;1;39mboot-efi.mount[0m - /boot/efi.
[[0;32m  OK  [0m] Reached target [0;1;39mlocal-fs.target[0m - Local File Systems.
[[0;32m  OK  [0m] Listening on [0;1;39msystemd-sysext.socket[0m���tension Image Management (Varlink).
         Starting [0;1;39mapparmor.service[0m - Load AppArmor profiles...
         Starting [0;1;39mconsole-setup.service[0m - Set console font and keymap...
         Starting [0;1;39mfinalrd.service[0m - Create ���time dir for shutdown pivot root...
         Starting [0;1;39mplymouth-read-write.servi���[0mymouth To Write Out Runtime Data...
         Starting [0;1;39msystemd-binfmt.service[0m - Set Up Additional Binary Formats...
         Starting [0;1;39msystemd-tmpfiles-setup.se���[0me Volatile Files and Directories...
         Starting [0;1;39mufw.service[0m - Uncomplicated firewall...
[[0;32m  OK  [0m] Finished [0;1;39mconsole-setup.service[0m - Set console font and keymap.
[[0;32m  OK  [0m] Finished [0;1;39mfinalrd.service[0m - Create ���untime dir for shutdown pivot root.
[[0;32m  OK  [0m] Finished [0;1;39mplymouth-read-write.servi���[0mPlymouth To Write Out Runtime Data.
[[0;32m  OK  [0m] Finished [0;1;39mufw.service[0m - Uncomplicated firewall.
[[0;32m  OK  [0m] Listening on [0;1;39msystemd-rfkill.socket[0m���ll Switch Status /dev/rfkill Watch.
[[0;32m  OK  [0m] Finished [0;1;39msystemd-tmpfiles-setup.se���[0mate Volatile Files and Directories.
         Starting [0;1;39msystemd-resolved.service[0m - Network Name Resolution...
         Starting [0;1;39msystemd-timesyncd.service[0m - Network Time Synchronization...
         Starting [0;1;39msystemd-update-utmp.servi���[0mord System Boot/Shutdown in UTMP...
[[0;32m  OK  [0m] Finished [0;1;39msystemd-update-utmp.servi���[0mecord System Boot/Shutdown in UTMP.
         Mounting [0;1;39mproc-sys-fs-binfmt_misc.m���[0mcutable File Formats File System...
[[0;32m  OK  [0m] Mounted [0;1;39mproc-sys-fs-binfmt_misc.mo���[0mxecutable File Formats File System.
[[0;32m  OK  [0m] Finished [0;1;39msystemd-binfmt.service[0m - Set Up Additional Binary Formats.
[[0;32m  OK  [0m] Started [0;1;39msystemd-timesyncd.service[0m - Network Time Synchronization.
[[0;32m  OK  [0m] Reached target [0;1;39mtime-set.target[0m - System Time Set.
[[0;32m  OK  [0m] Started [0;1;39msystemd-resolved.service[0m - Network Name Resolution.
[[0;32m  OK  [0m] Reached target [0;1;39mnss-lookup.target[0m - Host and Network Name Lookups.
[[0;32m  OK  [0m] Finished [0;1;39mapparmor.service[0m - Load AppArmor profiles.
         Starting [0;1;39msnapd.apparmor.service[0m - ���iles managed internally by snapd...
         Starting [0;1;39mcloud-init-local.service[0m ���-init: Local Stage (pre-network)...
[[0;32m  OK  [0m] Finished [0;1;39msnapd.apparmor.service[0m - ���ofiles managed internally by snapd.
[    4.643080] cloud-init[648]: Cloud-init v. 25.2-0ubuntu1~24.04.1 running 'init-local' at Sat, 08 Nov 2025 06:45:36 +0000. Up 4.63 seconds.
[[0;32m  OK  [0m] Finished [0;1;39mcloud-init-local.service[0m ���ud-init: Local Stage (pre-network).
[[0;32m  OK  [0m] Reached target [0;1;39mnetwork-pre.target[0m - Preparation for Network.
         Starting [0;1;39msystemd-networkd.service[0m - Network Configuration...
[[0;32m  OK  [0m] Started [0;1;39msystemd-networkd.service[0m - Network Configuration.
[[0;32m  OK  [0m] Reached target [0;1;39mnetwork.target[0m - Network.
         Starting [0;1;39msystemd-networkd-wait-onl���[0mait for Network to be Configured...
[[0;32m  OK  [0m] Finished [0;1;39msystemd-networkd-wait-onl���[0m Wait for Network to be Configured.
         Starting [0;1;39mcloud-init.service[0m - Cloud-init: Network Stage...
[    7.279124] cloud-init[725]: Cloud-init v. 25.2-0ubuntu1~24.04.1 running 'init' at Sat, 08 Nov 2025 06:45:39 +0000. Up 7.26 seconds.
[    7.285434] cloud-init[725]: ci-info: +++++++++++++++++++++++++++++++++++++++Net device info+++++++++++++++++++++++++++++++++++++++
[    7.287019] cloud-init[725]: ci-info: +--------+------+------------------------------+---------------+--------+-------------------+
[    7.288518] cloud-init[725]: ci-info: | Device |  Up  |           Address            |      Mask     | Scope  |     Hw-Address    |
[    7.289990] cloud-init[725]: ci-info: +--------+------+------------------------------+---------------+--------+-------------------+
[    7.291478] cloud-init[725]: ci-info: |  ens3  | True |        10.151.122.83         | 255.255.255.0 | global | fa:16:3e:d8:fe:84 |
[    7.292941] cloud-init[725]: ci-info: |  ens3  | True | fe80::f816:3eff:fed8:fe84/64 |       .       |  link  | fa:16:3e:d8:fe:84 |
[    7.294402] cloud-init[725]: ci-info: |   lo   | True |          127.0.0.1           |   255.0.0.0   |  host  |         .         |
[    7.296052] cloud-init[725]: ci-info: |   lo   | True |           ::1/128            |       .       |  host  |         .         |
[    7.297564] cloud-init[725]: ci-info: +--------+------+------------------------------+---------------+--------+-------------------+
[    7.299031] cloud-init[725]: ci-info: ++++++++++++++++++++++++++++++++Route IPv4 info+++++++++++++++++++++++++++++++++
[    7.300460] cloud-init[725]: ci-info: +-------+-----------------+--------------+-----------------+-----------+-------+
[    7.301873] cloud-init[725]: ci-info: | Route |   Destination   |   Gateway    |     Genmask     | Interface | Flags |
[    7.303215] cloud-init[725]: ci-info: +-------+-----------------+--------------+-----------------+-----------+-------+
[    7.304556] cloud-init[725]: ci-info: |   0   |     0.0.0.0     | 10.151.122.1 |     0.0.0.0     |    ens3   |   UG  |
[    7.305884] cloud-init[725]: ci-info: |   1   |   10.151.11.5   | 10.151.122.1 | 255.255.255.255 |    ens3   |  UGH  |
[    7.307313] cloud-init[725]: ci-info: |   2   |   10.151.11.6   | 10.151.122.1 | 255.255.255.255 |    ens3   |  UGH  |
[    7.308647] cloud-init[725]: ci-info: |   3   |   10.151.11.7   | 10.151.122.1 | 255.255.255.255 |    ens3   |  UGH  |
[    7.309977] cloud-init[725]: ci-info: |   4   |   10.151.122.0  |   0.0.0.0    |  255.255.255.0  |    ens3   |   U   |
[    7.311313] cloud-init[725]: ci-info: |   5   |   10.151.122.1  |   0.0.0.0    | 255.255.255.255 |    ens3   |   UH  |
[    7.312649] cloud-init[725]: ci-info: |   6   |   10.151.122.2  |   0.0.0.0    | 255.255.255.255 |    ens3   |   UH  |
[    7.313979] cloud-init[725]: ci-info: |   7   | 169.254.169.254 | 10.151.122.2 | 255.255.255.255 |    ens3   |  UGH  |
[    7.315358] cloud-init[725]: ci-info: +-------+-----------------+--------------+-----------------+-----------+-------+
[    7.316695] cloud-init[725]: ci-info: +++++++++++++++++++Route IPv6 info+++++++++++++++++++
[    7.317769] cloud-init[725]: ci-info: +-------+-------------+---------+-----------+-------+
[    7.318997] cloud-init[725]: ci-info: | Route | Destination | Gateway | Interface | Flags |
[    7.320170] cloud-init[725]: ci-info: +-------+-------------+---------+-----------+-------+
[    7.321318] cloud-init[725]: ci-info: |   0   |  fe80::/64  |    ::   |    ens3   |   U   |
[    7.322422] cloud-init[725]: ci-info: |   2   |    local    |    ::   |    ens3   |   U   |
[    7.323526] cloud-init[725]: ci-info: |   3   |  multicast  |    ::   |    ens3   |   U   |
[    7.324700] cloud-init[725]: ci-info: +-------+-------------+---------+-----------+-------+
[    8.111322] cloud-init[725]: Generating public/private rsa key pair.
[    8.112297] cloud-init[725]: Your identification has been saved in /etc/ssh/ssh_host_rsa_key
[    8.113387] cloud-init[725]: Your public key has been saved in /etc/ssh/ssh_host_rsa_key.pub
[    8.114476] cloud-init[725]: The key fingerprint is:
[    8.115164] cloud-init[725]: SHA256:+5iIVjV3F6JtB2YODO9TiBTUMV5is9mcXYyJuKY1koY root@test-yqp30vcs-0-n-d5e0d9ac53cc
[    8.116474] cloud-init[725]: The key's randomart image is:
[    8.117212] cloud-init[725]: +---[RSA 3072]----+
[    8.117852] cloud-init[725]: |       .==*o.. +.|
[    8.118503] cloud-init[725]: |       . ==@*o+..|
[    8.119156] cloud-init[725]: |       ...*O=o.. |
[    8.119797] cloud-init[725]: |      E *.B.= o  |
[    8.120449] cloud-init[725]: |       oSBo+ o   |
[    8.121089] cloud-init[725]: |      . .. .     |
[    8.121724] cloud-init[725]: |     .  .        |
[    8.122372] cloud-init[725]: |    .. . +       |
[    8.123012] cloud-init[725]: |   .. . o .      |
[    8.123649] cloud-init[725]: +----[SHA256]-----+
[    8.124289] cloud-init[725]: Generating public/private ecdsa key pair.
[    8.125148] cloud-init[725]: Your identification has been saved in /etc/ssh/ssh_host_ecdsa_key
[    8.126250] cloud-init[725]: Your public key has been saved in /etc/ssh/ssh_host_ecdsa_key.pub
[    8.127357] cloud-init[725]: The key fingerprint is:
[    8.128045] cloud-init[725]: SHA256:sKgEahXVV7Wemto4DQ7Qy6sFJzffzWkeSLe7hZXea7s root@test-yqp30vcs-0-n-d5e0d9ac53cc
[    8.129367] cloud-init[725]: The key's randomart image is:
[    8.130098] cloud-init[725]: +---[ECDSA 256]---+
[    8.130733] cloud-init[725]: |   ....   ....   |
[    8.131378] cloud-init[725]: |    .  . .    .  |
[    8.132016] cloud-init[725]: |.  .  o .    .   |
[    8.132651] cloud-init[725]: |...  o +    . . .|
[    8.133293] cloud-init[725]: |... .o++S  . + o |
[    8.133932] cloud-init[725]: |.. .  =+o.o B * .|
[    8.134575] cloud-init[725]: |  .    .+.o= O o.|
[    8.135211] cloud-init[725]: |      .. o+.o +..|
[    8.135842] cloud-init[725]: |     ..  o.. +oEo|
[    8.136492] cloud-init[725]: +----[SHA256]-----+
[    8.137127] cloud-init[725]: Generating public/private ed25519 key pair.
[    8.137989] cloud-init[725]: Your identification has been saved in /etc/ssh/ssh_host_ed25519_key
[    8.139113] cloud-init[725]: Your public key has been saved in /etc/ssh/ssh_host_ed25519_key.pub
[    8.140239] cloud-init[725]: The key fingerprint is:
[    8.140915] cloud-init[725]: SHA256:jP7pIOZWsIAxfTpFG14iAiiwAu+X5Hgk8lPnZFgReS8 root@test-yqp30vcs-0-n-d5e0d9ac53cc
[    8.142209] cloud-init[725]: The key's randomart image is:
[    8.142963] cloud-init[725]: +--[ED25519 256]--+
[    8.143618] cloud-init[725]: |O...+ =+         |
[[0;32m  OK  [0m] Finished [0;1;39mcloud-init.service[0m - Cloud-init: Network Stage.
[[0;32m  OK  [0m] Reached target [0;1;39mcloud-config.target[0m - Cloud-config availability.
[[0;32m  OK  [0m] Reached target [0;1;39mnetwork-online.target[0m - Network is Online.
[    8.146042] cloud-init[725]: |*+.ooB. .        |
[[0;32m  OK  [0m] Reached target [0;1;39msysinit.target[0m - System Initialization.
[    8.148068] cloud-init[725]: |=+o+B +. .       |
[[0;32m  OK  [0m] Started [0;1;39mdpkg-db-backup.timer[0m - Daily dpkg database backup timer.
[    8.149929] cloud-init[725]: |o++B.* oE .      |
[[0;32m  OK  [0m] Started [0;1;39me2scrub_all.timer[0m - Period���Metadata Check for All Filesystems.
[    8.152718] cloud-init[725]: |  =o=oo S.       |
[    8.153367] cloud-init[725]: |   +...          |
[[0;32m  OK  [0m] Started [0;1;39mfstrim.timer[0m - Discard unused filesystem blocks once a week.
[    8.155049] cloud-init[725]: |    o.o          |
[[0;32m  OK  [0m] Started [0;1;39mfwupd-refresh.timer[0m - Refresh fwupd metadata regularly.
[    8.156702] cloud-init[725]: |   o.. o .       |
[[0;32m  OK  [0m] Started [0;1;39mlogrotate.timer[0m - Daily rotation of log files.
[    8.158258] cloud-init[725]: |   ..  .+        |
[[0;32m  OK  [0m] Started [0;1;39mman-db.timer[0m - Daily man-db regeneration.
[    8.159766] cloud-init[725]: +----[SHA256]-----+
[[0;32m  OK  [0m] Started [0;1;39mmotd-news.timer[0m - Message of the Day.
[[0;32m  OK  [0m] Started [0;1;39msysstat-collect.timer[0m - Ru���y accounting tool every 10 minutes.
[[0;32m  OK  [0m] Started [0;1;39msysstat-summary.timer[0m - Ge��� of yesterday's process accounting.
[[0;32m  OK  [0m] Started [0;1;39msystemd-tmpfiles-clean.tim���[0my Cleanup of Temporary Directories.
[[0;32m  OK  [0m] Started [0;1;39mupdate-notifier-download.t���[0mhat failed at package install time.
[[0;32m  OK  [0m] Started [0;1;39mupdate-notifier-motd.timer[0m��� a new version of Ubuntu available.
[[0;32m  OK  [0m] Reached target [0;1;39mpaths.target[0m - Path Units.
[[0;32m  OK  [0m] Reached target [0;1;39mtimers.target[0m - Timer Units.
[[0;32m  OK  [0m] Listening on [0;1;39mcloud-init-hotplugd.s���t[0m - cloud-init hotplug hook socket.
[[0;32m  OK  [0m] Listening on [0;1;39mdbus.socket[0m - D-Bus System Message Bus Socket.
         Starting [0;1;39mdocker.socket[0m - Docker Socket for the API...
[[0;32m  OK  [0m] Listening on [0;1;39miscsid.socket[0m - Open-iSCSI iscsid Socket.
         Starting [0;1;39mlxd-installer.socket[0m - He���er to install lxd snap on demand...
         Starting [0;1;39msnapd.socket[0m - Socket activation for snappy daemon...
[[0;32m  OK  [0m] Listening on [0;1;39mssh.socket[0m - OpenBSD Secure Shell server socket.
[[0;32m  OK  [0m] Listening on [0;1;39muuidd.socket[0m - UUID daemon activation socket.
[[0;32m  OK  [0m] Reached target [0;1;39mremote-fs-pre.targe���[0mreparation for Remote File Systems.
[[0;32m  OK  [0m] Reached target [0;1;39mremote-fs.target[0m - Remote File Systems.
[[0;32m  OK  [0m] Finished [0;1;39mblk-availability.service[0m - Availability of block devices.
[[0;32m  OK  [0m] Listening on [0;1;39mdocker.socket[0m - Docker Socket for the API.
[[0;32m  OK  [0m] Listening on [0;1;39mlxd-installer.socket[0m ���lper to install lxd snap on demand.
[[0;32m  OK  [0m] Listening on [0;1;39msnapd.socket[0m - Socket activation for snappy daemon.
[[0;32m  OK  [0m] Reached target [0;1;39msockets.target[0m - Socket Units.
[[0;32m  OK  [0m] Reached target [0;1;39mbasic.target[0m - Basic System.
