18:46:31 WARNING unexpected facade SSHServer received from the controller
18:46:31 INFO Adding model github-pr-4ab4b-lxd:test-charm-metrics-failure-ivyi on cloud localhost
18:46:31 WARNING unexpected facade SSHServer received from the controller
18:46:31 WARNING unexpected facade SSHSession received from the controller
18:46:31 WARNING unexpected facade SSHTunneler received from the controller
18:46:31 WARNING unexpected facade SSHServer received from the controller
18:46:31 INFO GitHub token rate limit: Rate(reset=2026-02-23 19:46:25+00:00, remaining=4996, limit=5000)
18:46:34 INFO Deploying fake image builder via any-charm for image ID 1ad6e456-fa35-47ef-988f-1e793a60f258
18:46:36 INFO Deploying ch:amd64/noble/any-charm-133
18:46:51 INFO Deploying local:jammy/github-runner-0
18:46:51 INFO Waiting for model:
  test-e0o6k2xi/0 [allocating] waiting: waiting for machine
  github-runner-image-builder-e0o6k2xi/0 [allocating] waiting: waiting for machine
18:47:22 INFO Waiting for model:
  test-e0o6k2xi/0 [allocating] waiting: waiting for machine
  github-runner-image-builder-e0o6k2xi/0 [executing] maintenance: installing charm software
18:47:52 INFO Waiting for model:
  test-e0o6k2xi/0 [allocating] waiting: waiting for machine
18:48:22 INFO Waiting for model:
  test-e0o6k2xi/0 [allocating] waiting: waiting for machine
18:48:52 INFO Waiting for model:
  test-e0o6k2xi/0 [allocating] waiting: agent initialising
18:49:23 INFO Waiting for model:
  test-e0o6k2xi/0 [executing] maintenance: installing charm software
18:49:53 INFO Waiting for model:
  test-e0o6k2xi/0 [executing] maintenance: Update image for runners
18:50:10 INFO cli: juju config --model github-pr-4ab4b-lxd:test-charm-metrics-failure-ivyi test-e0o6k2xi base-virtual-machines=0
18:50:10 INFO Waiting for model:
  test-e0o6k2xi/0 [idle] active: 
18:50:26 INFO Current reconcile ID: 152aa87c-234e-4572-90a8-36f134993e0b
18:50:26 INFO Waiting for reconcile ID: 152aa87c-234e-4572-90a8-36f134993e0b
18:51:27 INFO Current reconcile ID: 152aa87c-234e-4572-90a8-36f134993e0b
18:51:27 INFO Current reconcile ID: 152aa87c-234e-4572-90a8-36f134993e0b, expected reconcile ID: 152aa87c-234e-4572-90a8-36f134993e0b
18:51:27 INFO Waiting for reconcile ID: 152aa87c-234e-4572-90a8-36f134993e0b
18:52:28 INFO Current reconcile ID: 2e56fba0-7195-4484-8cbe-21127dd3aa39
18:52:28 INFO Current reconcile ID: 2e56fba0-7195-4484-8cbe-21127dd3aa39, expected reconcile ID: 152aa87c-234e-4572-90a8-36f134993e0b
18:52:28 INFO cli: juju config --model github-pr-4ab4b-lxd:test-charm-metrics-failure-ivyi test-e0o6k2xi path=canonical/github-runner-operator
18:52:28 INFO cli: juju config --model github-pr-4ab4b-lxd:test-charm-metrics-failure-ivyi test-e0o6k2xi base-virtual-machines=1
18:52:28 INFO Waiting for model:
  test-e0o6k2xi/0 [idle] active: 
18:52:58 INFO Waiting for model:
  test-e0o6k2xi/0 [idle] active: 
18:53:01 INFO Current reconcile ID: 1fcee675-7931-4303-bdb7-205d543e446f
18:53:01 INFO Waiting for reconcile ID: 1fcee675-7931-4303-bdb7-205d543e446f
18:54:02 INFO Current reconcile ID: 1fcee675-7931-4303-bdb7-205d543e446f
18:54:02 INFO Current reconcile ID: 1fcee675-7931-4303-bdb7-205d543e446f, expected reconcile ID: 1fcee675-7931-4303-bdb7-205d543e446f
18:54:02 INFO Waiting for reconcile ID: 1fcee675-7931-4303-bdb7-205d543e446f
18:55:03 INFO Current reconcile ID: 8ec430b9-0682-4cd9-848f-c7224d9d89fa
18:55:03 INFO Current reconcile ID: 8ec430b9-0682-4cd9-848f-c7224d9d89fa, expected reconcile ID: 1fcee675-7931-4303-bdb7-205d543e446f
18:55:14 INFO Application log: 
2026-02-23 18:49:33,819 - INFO - root - Starting GitHub runner manager service version: 0.12.0
2026-02-23 18:49:33,824 - INFO - github_runner_manager.http_server - Starting the server...
 * Serving Flask app 'github_runner_manager.http_server'
 * Debug mode: off
2026-02-23 18:49:33,825 - INFO - werkzeug - [31m[1mWARNING: This is a development server. Do not use it in a production deployment. Use a production WSGI server instead.[0m
 * Running on http://127.0.0.1:55555
2026-02-23 18:49:33,825 - INFO - werkzeug - [33mPress CTRL+C to quit[0m
2026-02-23 18:49:33,825 - INFO - github_runner_manager.reconcile_service - Starting the reconcile service...
2026-02-23 18:49:33,826 - INFO - github_runner_manager.reconcile_service - Start reconciliation
2026-02-23 18:49:33,826 - INFO - github_runner_manager.reconcile_service - Reconcile ID: 19589fcf-be6b-4f94-8516-5f1e7aa14f27
2026-02-23 18:49:33,844 - INFO - github_runner_manager.manager.runner_scaler - Start reconcile. base_quantity 0. max_quantity: 0.
2026-02-23 18:49:33,844 - INFO - github_runner_manager.manager.runner_manager - runner_manager::cleanup
2026-02-23 18:49:33,844 - INFO - github_runner_manager.openstack_cloud.openstack_cloud - Getting all openstack servers managed by the charm
2026-02-23 18:49:34,191 - WARNING - github_runner_manager.openstack_cloud.openstack_cloud - The maximum compute API version 2.96 is greater than the supported version 2.91. Using the maximum supported version.
2026-02-23 18:49:35,142 - INFO - github_runner_manager.manager.runner_manager - VMs: []
2026-02-23 18:49:35,849 - INFO - github_runner_manager.manager.runner_manager - Runner health: RunnersHealthResponse(requested_runners=[], failed_requested_runners=[], non_requested_runners=[])
2026-02-23 18:49:36,704 - INFO - github_runner_manager.openstack_cloud.openstack_cloud - Cleaning up SSH key files
2026-02-23 18:49:36,704 - INFO - github_runner_manager.openstack_cloud.openstack_cloud - Found 0 key files, clean up 0 key files
2026-02-23 18:49:36,704 - INFO - github_runner_manager.openstack_cloud.openstack_cloud - Cleaning up openstack keypairs
2026-02-23 18:49:36,726 - INFO - github_runner_manager.manager.runner_manager - Cleaning up platform runners: []
2026-02-23 18:49:36,726 - INFO - github_runner_manager.platform.github_provider - Delete runners from GitHub provider: []
2026-02-23 18:49:36,726 - INFO - github_runner_manager.manager.runner_manager - Cleaned up platform runners: []
2026-02-23 18:49:36,726 - INFO - github_runner_manager.manager.runner_manager - Extracting metrics from VMs: []
2026-02-23 18:49:36,726 - INFO - github_runner_manager.manager.runner_manager - Cleaning up VMs: []
2026-02-23 18:49:36,726 - INFO - github_runner_manager.manager.runner_manager - Cleaned up VMs: []
2026-02-23 18:49:36,726 - INFO - github_runner_manager.openstack_cloud.openstack_cloud - Getting all openstack servers managed by the charm
2026-02-23 18:49:37,635 - INFO - github_runner_manager.manager.runner_manager - list vms response: []
2026-02-23 18:49:38,373 - INFO - github_runner_manager.manager.runner_manager - runner health response RunnersHealthResponse(requested_runners=[], failed_requested_runners=[], non_requested_runners=[])
2026-02-23 18:49:38,373 - INFO - github_runner_manager.manager.runner_scaler - Reconcile runners from 0 to 0
2026-02-23 18:49:38,373 - INFO - github_runner_manager.manager.runner_scaler - No changes to the number of runners.
2026-02-23 18:49:38,373 - INFO - github_runner_manager.openstack_cloud.openstack_cloud - Getting all openstack servers managed by the charm
2026-02-23 18:49:39,316 - INFO - github_runner_manager.manager.runner_manager - list vms response: []
2026-02-23 18:49:40,023 - INFO - github_runner_manager.manager.runner_manager - runner health response RunnersHealthResponse(requested_runners=[], failed_requested_runners=[], non_requested_runners=[])
2026-02-23 18:49:40,024 - INFO - github_runner_manager.manager.runner_scaler - Found 0 busy runners: []
2026-02-23 18:49:40,024 - INFO - github_runner_manager.manager.runner_scaler - Found 0 idle runners: []
2026-02-23 18:49:40,024 - INFO - github_runner_manager.manager.runner_scaler - Found 0 offline runners that are healthy: []
2026-02-23 18:49:40,024 - INFO - github_runner_manager.manager.runner_scaler - Found 0 unhealthy runners: []
2026-02-23 18:49:40,024 - INFO - github_runner_manager.manager.runner_scaler - Current available runners (idle + healthy offline): set()
2026-02-23 18:49:40,024 - INFO - github_runner_manager.manager.runner_scaler - Current active runners: set()
2026-02-23 18:49:40,024 - INFO - github_runner_manager.manager.runner_scaler - Finished reconciliation.
2026-02-23 18:49:40,024 - INFO - github_runner_manager.reconcile_service - Change in number of runner after reconcile: 0
2026-02-23 18:49:40,024 - INFO - github_runner_manager.reconcile_service - End reconciliation
2026-02-23 18:49:48,490 - INFO - werkzeug - 127.0.0.1 - - [23/Feb/2026 18:49:48] "[35m[1mGET /health HTTP/1.1[0m" 204 -
2026-02-23 18:49:48,496 - INFO - werkzeug - 127.0.0.1 - - [23/Feb/2026 18:49:48] "[35m[1mGET /health HTTP/1.1[0m" 204 -
2026-02-23 18:49:48,502 - INFO - github_runner_manager.http_server - Attempting to acquire the lock: unlocked
2026-02-23 18:49:48,502 - INFO - github_runner_manager.http_server - Flushing runners...
2026-02-23 18:49:48,520 - INFO - github_runner_manager.http_server - Flushing busy: False
2026-02-23 18:49:48,520 - INFO - github_runner_manager.manager.runner_manager - runner_manager::cleanup
2026-02-23 18:49:48,520 - INFO - github_runner_manager.openstack_cloud.openstack_cloud - Getting all openstack servers managed by the charm
2026-02-23 18:49:48,918 - WARNING - github_runner_manager.openstack_cloud.openstack_cloud - The maximum compute API version 2.96 is greater than the supported version 2.91. Using the maximum supported version.
2026-02-23 18:49:49,827 - INFO - github_runner_manager.manager.runner_manager - VMs: []
2026-02-23 18:49:50,568 - INFO - github_runner_manager.manager.runner_manager - Runner health: RunnersHealthResponse(requested_runners=[], failed_requested_runners=[], non_requested_runners=[])
2026-02-23 18:49:51,583 - INFO - github_runner_manager.openstack_cloud.openstack_cloud - Cleaning up SSH key files
2026-02-23 18:49:51,583 - INFO - github_runner_manager.openstack_cloud.openstack_cloud - Found 0 key files, clean up 0 key files
2026-02-23 18:49:51,583 - INFO - github_runner_manager.openstack_cloud.openstack_cloud - Cleaning up openstack keypairs
2026-02-23 18:49:51,599 - INFO - github_runner_manager.manager.runner_manager - Cleaning up platform runners: []
2026-02-23 18:49:51,599 - INFO - github_runner_manager.platform.github_provider - Delete runners from GitHub provider: []
2026-02-23 18:49:51,599 - INFO - github_runner_manager.manager.runner_manager - Cleaned up platform runners: []
2026-02-23 18:49:51,599 - INFO - github_runner_manager.manager.runner_manager - Extracting metrics from VMs: []
2026-02-23 18:49:51,599 - INFO - github_runner_manager.manager.runner_manager - Cleaning up VMs: []
2026-02-23 18:49:51,599 - INFO - github_runner_manager.manager.runner_manager - Cleaned up VMs: []
2026-02-23 18:49:51,599 - INFO - github_runner_manager.manager.runner_manager - runner_manager::flush_runners. mode FlushMode.FLUSH_IDLE
2026-02-23 18:49:51,599 - INFO - github_runner_manager.openstack_cloud.openstack_cloud - Getting all openstack servers managed by the charm
2026-02-23 18:49:52,631 - INFO - github_runner_manager.manager.runner_manager - VMs: []
2026-02-23 18:49:53,302 - INFO - github_runner_manager.manager.runner_manager - Runner health: RunnersHealthResponse(requested_runners=[], failed_requested_runners=[], non_requested_runners=[])
2026-02-23 18:49:53,302 - INFO - github_runner_manager.manager.runner_manager - Runners to clean up: set()
2026-02-23 18:49:53,302 - INFO - github_runner_manager.manager.runner_manager - Runners to flush: set()
2026-02-23 18:49:53,302 - INFO - github_runner_manager.manager.runner_manager - Deleting platform runners: []
2026-02-23 18:49:53,302 - INFO - github_runner_manager.platform.github_provider - Delete runners from GitHub provider: []
2026-02-23 18:49:53,302 - INFO - github_runner_manager.manager.runner_manager - Deleted runners: []
2026-02-23 18:49:53,302 - INFO - github_runner_manager.manager.runner_manager - Extracting metrics from VMs: []
2026-02-23 18:49:53,302 - INFO - github_runner_manager.manager.runner_manager - Deleting VMs: []
2026-02-23 18:49:53,302 - INFO - github_runner_manager.manager.runner_manager - Deleted VMs: []
2026-02-23 18:49:53,302 - INFO - github_runner_manager.http_server - Flushed 0 runners
2026-02-23 18:49:53,302 - INFO - werkzeug - 127.0.0.1 - - [23/Feb/2026 18:49:53] "[35m[1mPOST /runner/flush?flush-busy=False HTTP/1.1[0m" 204 -
2026-02-23 18:51:40,033 - INFO - github_runner_manager.reconcile_service - Start reconciliation
2026-02-23 18:51:40,034 - INFO - github_runner_manager.reconcile_service - Reconcile ID: 152aa87c-234e-4572-90a8-36f134993e0b
2026-02-23 18:51:40,053 - INFO - github_runner_manager.manager.runner_scaler - Start reconcile. base_quantity 0. max_quantity: 0.
2026-02-23 18:51:40,053 - INFO - github_runner_manager.manager.runner_manager - runner_manager::cleanup
2026-02-23 18:51:40,053 - INFO - github_runner_manager.openstack_cloud.openstack_cloud - Getting all openstack servers managed by the charm
2026-02-23 18:51:40,417 - WARNING - github_runner_manager.openstack_cloud.openstack_cloud - The maximum compute API version 2.96 is greater than the supported version 2.91. Using the maximum supported version.
2026-02-23 18:51:41,723 - INFO - github_runner_manager.manager.runner_manager - VMs: []
2026-02-23 18:51:42,463 - INFO - github_runner_manager.manager.runner_manager - Runner health: RunnersHealthResponse(requested_runners=[], failed_requested_runners=[], non_requested_runners=[])
2026-02-23 18:51:43,712 - INFO - github_runner_manager.openstack_cloud.openstack_cloud - Cleaning up SSH key files
2026-02-23 18:51:43,712 - INFO - github_runner_manager.openstack_cloud.openstack_cloud - Found 0 key files, clean up 0 key files
2026-02-23 18:51:43,712 - INFO - github_runner_manager.openstack_cloud.openstack_cloud - Cleaning up openstack keypairs
2026-02-23 18:51:43,731 - INFO - github_runner_manager.manager.runner_manager - Cleaning up platform runners: []
2026-02-23 18:51:43,731 - INFO - github_runner_manager.platform.github_provider - Delete runners from GitHub provider: []
2026-02-23 18:51:43,731 - INFO - github_runner_manager.manager.runner_manager - Cleaned up platform runners: []
2026-02-23 18:51:43,732 - INFO - github_runner_manager.manager.runner_manager - Extracting metrics from VMs: []
2026-02-23 18:51:43,732 - INFO - github_runner_manager.manager.runner_manager - Cleaning up VMs: []
2026-02-23 18:51:43,732 - INFO - github_runner_manager.manager.runner_manager - Cleaned up VMs: []
2026-02-23 18:51:43,732 - INFO - github_runner_manager.openstack_cloud.openstack_cloud - Getting all openstack servers managed by the charm
2026-02-23 18:51:44,897 - INFO - github_runner_manager.manager.runner_manager - list vms response: []
2026-02-23 18:51:45,743 - INFO - github_runner_manager.manager.runner_manager - runner health response RunnersHealthResponse(requested_runners=[], failed_requested_runners=[], non_requested_runners=[])
2026-02-23 18:51:45,743 - INFO - github_runner_manager.manager.runner_scaler - Reconcile runners from 0 to 0
2026-02-23 18:51:45,743 - INFO - github_runner_manager.manager.runner_scaler - No changes to the number of runners.
2026-02-23 18:51:45,743 - INFO - github_runner_manager.openstack_cloud.openstack_cloud - Getting all openstack servers managed by the charm
2026-02-23 18:51:48,756 - INFO - github_runner_manager.manager.runner_manager - list vms response: []
2026-02-23 18:51:49,496 - INFO - github_runner_manager.manager.runner_manager - runner health response RunnersHealthResponse(requested_runners=[], failed_requested_runners=[], non_requested_runners=[])
2026-02-23 18:51:49,497 - INFO - github_runner_manager.manager.runner_scaler - Found 0 busy runners: []
2026-02-23 18:51:49,497 - INFO - github_runner_manager.manager.runner_scaler - Found 0 idle runners: []
2026-02-23 18:51:49,497 - INFO - github_runner_manager.manager.runner_scaler - Found 0 offline runners that are healthy: []
2026-02-23 18:51:49,497 - INFO - github_runner_manager.manager.runner_scaler - Found 0 unhealthy runners: []
2026-02-23 18:51:49,497 - INFO - github_runner_manager.manager.runner_scaler - Current available runners (idle + healthy offline): set()
2026-02-23 18:51:49,497 - INFO - github_runner_manager.manager.runner_scaler - Current active runners: set()
2026-02-23 18:51:49,497 - INFO - github_runner_manager.manager.runner_scaler - Finished reconciliation.
2026-02-23 18:51:49,497 - INFO - github_runner_manager.reconcile_service - Change in number of runner after reconcile: 0
2026-02-23 18:51:49,497 - INFO - github_runner_manager.reconcile_service - End reconciliation
2026-02-23 18:52:29,766 - INFO - root - Starting GitHub runner manager service version: 0.12.0
2026-02-23 18:52:29,771 - INFO - github_runner_manager.http_server - Starting the server...
 * Serving Flask app 'github_runner_manager.http_server'
 * Debug mode: off
2026-02-23 18:52:29,772 - INFO - werkzeug - [31m[1mWARNING: This is a development server. Do not use it in a production deployment. Use a production WSGI server instead.[0m
 * Running on http://127.0.0.1:55555
2026-02-23 18:52:29,772 - INFO - werkzeug - [33mPress CTRL+C to quit[0m
2026-02-23 18:52:29,772 - INFO - github_runner_manager.reconcile_service - Starting the reconcile service...
2026-02-23 18:52:29,772 - INFO - github_runner_manager.reconcile_service - Start reconciliation
2026-02-23 18:52:29,772 - INFO - github_runner_manager.reconcile_service - Reconcile ID: 90c41692-debd-471a-bc39-9f374994d92d
2026-02-23 18:52:29,791 - INFO - github_runner_manager.manager.runner_scaler - Start reconcile. base_quantity 1. max_quantity: 0.
2026-02-23 18:52:29,791 - INFO - github_runner_manager.manager.runner_manager - runner_manager::cleanup
2026-02-23 18:52:29,791 - INFO - github_runner_manager.openstack_cloud.openstack_cloud - Getting all openstack servers managed by the charm
2026-02-23 18:52:30,165 - WARNING - github_runner_manager.openstack_cloud.openstack_cloud - The maximum compute API version 2.96 is greater than the supported version 2.91. Using the maximum supported version.
2026-02-23 18:52:31,320 - INFO - github_runner_manager.manager.runner_manager - VMs: []
2026-02-23 18:52:32,157 - INFO - github_runner_manager.manager.runner_manager - Runner health: RunnersHealthResponse(requested_runners=[], failed_requested_runners=[], non_requested_runners=[])
2026-02-23 18:52:33,533 - INFO - github_runner_manager.openstack_cloud.openstack_cloud - Cleaning up SSH key files
2026-02-23 18:52:33,533 - INFO - github_runner_manager.openstack_cloud.openstack_cloud - Found 0 key files, clean up 0 key files
2026-02-23 18:52:33,533 - INFO - github_runner_manager.openstack_cloud.openstack_cloud - Cleaning up openstack keypairs
2026-02-23 18:52:33,548 - INFO - github_runner_manager.manager.runner_manager - Cleaning up platform runners: []
2026-02-23 18:52:33,548 - INFO - github_runner_manager.platform.github_provider - Delete runners from GitHub provider: []
2026-02-23 18:52:33,548 - INFO - github_runner_manager.manager.runner_manager - Cleaned up platform runners: []
2026-02-23 18:52:33,548 - INFO - github_runner_manager.manager.runner_manager - Extracting metrics from VMs: []
2026-02-23 18:52:33,548 - INFO - github_runner_manager.manager.runner_manager - Cleaning up VMs: []
2026-02-23 18:52:33,548 - INFO - github_runner_manager.manager.runner_manager - Cleaned up VMs: []
2026-02-23 18:52:33,548 - INFO - github_runner_manager.openstack_cloud.openstack_cloud - Getting all openstack servers managed by the charm
2026-02-23 18:52:34,644 - INFO - github_runner_manager.manager.runner_manager - list vms response: []
2026-02-23 18:52:35,349 - INFO - github_runner_manager.manager.runner_manager - runner health response RunnersHealthResponse(requested_runners=[], failed_requested_runners=[], non_requested_runners=[])
2026-02-23 18:52:35,349 - INFO - github_runner_manager.manager.runner_scaler - Reconcile runners from 0 to 1
2026-02-23 18:52:35,349 - INFO - github_runner_manager.manager.runner_manager - Creating 1 runners
2026-02-23 18:52:35,862 - INFO - github_runner_manager.openstack_cloud.openstack_cloud - Creating openstack server with RunnerIdentity(instance_id=InstanceID('test-e0o6k2xi-0-n-30e130c6a604'), metadata=RunnerMetadata(platform_name=<Platform.GITHUB: 'github'>, runner_id='485173', url=None))
2026-02-23 18:52:37,660 - INFO - github_runner_manager.openstack_cloud.openstack_runner_manager - Runner test-e0o6k2xi-0-n-30e130c6a604 created successfully
2026-02-23 18:52:37,660 - INFO - github_runner_manager.openstack_cloud.openstack_cloud - Getting all openstack servers managed by the charm
2026-02-23 18:52:38,782 - INFO - github_runner_manager.manager.runner_manager - list vms response: [VM(instance_id=InstanceID('test-e0o6k2xi-0-n-30e130c6a604'), metadata=RunnerMetadata(platform_name='github', runner_id='485173', url=None), state=<VMState.CREATED: '1'>, created_at=datetime.datetime(2026, 2, 23, 18, 52, 38, tzinfo=datetime.timezone.utc))]
2026-02-23 18:52:39,466 - INFO - github_runner_manager.manager.runner_manager - runner health response RunnersHealthResponse(requested_runners=[PlatformRunnerHealth(identity=VM(instance_id=InstanceID('test-e0o6k2xi-0-n-30e130c6a604'), metadata=RunnerMetadata(platform_name='github', runner_id='485173', url=None), state=<VMState.CREATED: '1'>, created_at=datetime.datetime(2026, 2, 23, 18, 52, 38, tzinfo=datetime.timezone.utc)), online=False, busy=False, deletable=False, runner_in_platform=True)], failed_requested_runners=[], non_requested_runners=[])
2026-02-23 18:52:39,466 - INFO - github_runner_manager.manager.runner_scaler - Runner test-e0o6k2xi-0-n-30e130c6a604: state=PlatformRunnerState.OFFLINE, health=HealthState.UNKNOWN
2026-02-23 18:52:39,466 - INFO - github_runner_manager.manager.runner_scaler - Found 0 busy runners: []
2026-02-23 18:52:39,466 - INFO - github_runner_manager.manager.runner_scaler - Found 0 idle runners: []
2026-02-23 18:52:39,466 - INFO - github_runner_manager.manager.runner_scaler - Found 0 offline runners that are healthy: []
2026-02-23 18:52:39,466 - INFO - github_runner_manager.manager.runner_scaler - Found 1 unhealthy runners: [RunnerInstance(name='test-e0o6k2xi-0-n-30e130c6a604', instance_id=InstanceID('test-e0o6k2xi-0-n-30e130c6a604'), metadata=RunnerMetadata(platform_name='github', runner_id='485173', url=None), platform_state=<PlatformRunnerState.OFFLINE: '3'>, platform_health=PlatformRunnerHealth(identity=VM(instance_id=InstanceID('test-e0o6k2xi-0-n-30e130c6a604'), metadata=RunnerMetadata(platform_name='github', runner_id='485173', url=None), state=<VMState.CREATED: '1'>, created_at=datetime.datetime(2026, 2, 23, 18, 52, 38, tzinfo=datetime.timezone.utc)), online=False, busy=False, deletable=False, runner_in_platform=True), cloud_state=<VMState.CREATED: '1'>)]
2026-02-23 18:52:39,466 - INFO - github_runner_manager.manager.runner_scaler - Current available runners (idle + healthy offline): set()
2026-02-23 18:52:39,466 - INFO - github_runner_manager.manager.runner_scaler - Current active runners: set()
2026-02-23 18:52:39,467 - INFO - github_runner_manager.manager.runner_scaler - Finished reconciliation.
2026-02-23 18:52:39,467 - INFO - github_runner_manager.reconcile_service - Change in number of runner after reconcile: 1
2026-02-23 18:52:39,467 - INFO - github_runner_manager.reconcile_service - End reconciliation
2026-02-23 18:52:44,425 - INFO - werkzeug - 127.0.0.1 - - [23/Feb/2026 18:52:44] "[35m[1mGET /health HTTP/1.1[0m" 204 -
2026-02-23 18:54:39,567 - INFO - github_runner_manager.reconcile_service - Start reconciliation
2026-02-23 18:54:39,567 - INFO - github_runner_manager.reconcile_service - Reconcile ID: 1fcee675-7931-4303-bdb7-205d543e446f
2026-02-23 18:54:39,622 - INFO - github_runner_manager.manager.runner_scaler - Start reconcile. base_quantity 1. max_quantity: 0.
2026-02-23 18:54:39,622 - INFO - github_runner_manager.manager.runner_manager - runner_manager::cleanup
2026-02-23 18:54:39,622 - INFO - github_runner_manager.openstack_cloud.openstack_cloud - Getting all openstack servers managed by the charm
2026-02-23 18:54:40,090 - WARNING - github_runner_manager.openstack_cloud.openstack_cloud - The maximum compute API version 2.96 is greater than the supported version 2.91. Using the maximum supported version.
2026-02-23 18:54:40,931 - INFO - github_runner_manager.manager.runner_manager - VMs: [VM(instance_id=InstanceID('test-e0o6k2xi-0-n-30e130c6a604'), metadata=RunnerMetadata(platform_name='github', runner_id='485173', url=None), state=<VMState.ACTIVE: '2'>, created_at=datetime.datetime(2026, 2, 23, 18, 52, 38, tzinfo=datetime.timezone.utc))]
2026-02-23 18:54:41,632 - INFO - github_runner_manager.manager.runner_manager - Runner health: RunnersHealthResponse(requested_runners=[PlatformRunnerHealth(identity=VM(instance_id=InstanceID('test-e0o6k2xi-0-n-30e130c6a604'), metadata=RunnerMetadata(platform_name='github', runner_id='485173', url=None), state=<VMState.ACTIVE: '2'>, created_at=datetime.datetime(2026, 2, 23, 18, 52, 38, tzinfo=datetime.timezone.utc)), online=True, busy=False, deletable=False, runner_in_platform=True)], failed_requested_runners=[], non_requested_runners=[])
2026-02-23 18:54:42,505 - INFO - github_runner_manager.openstack_cloud.openstack_cloud - Cleaning up SSH key files
2026-02-23 18:54:42,505 - INFO - github_runner_manager.openstack_cloud.openstack_cloud - Found 1 key files, clean up 0 key files
2026-02-23 18:54:42,505 - INFO - github_runner_manager.openstack_cloud.openstack_cloud - Cleaning up openstack keypairs
2026-02-23 18:54:42,521 - INFO - github_runner_manager.manager.runner_manager - Cleaning up platform runners: []
2026-02-23 18:54:42,521 - INFO - github_runner_manager.platform.github_provider - Delete runners from GitHub provider: []
2026-02-23 18:54:42,521 - INFO - github_runner_manager.manager.runner_manager - Cleaned up platform runners: []
2026-02-23 18:54:42,521 - INFO - github_runner_manager.manager.runner_manager - Extracting metrics from VMs: []
2026-02-23 18:54:42,521 - INFO - github_runner_manager.manager.runner_manager - Cleaning up VMs: []
2026-02-23 18:54:42,521 - INFO - github_runner_manager.manager.runner_manager - Cleaned up VMs: []
2026-02-23 18:54:42,521 - INFO - github_runner_manager.openstack_cloud.openstack_cloud - Getting all openstack servers managed by the charm
2026-02-23 18:54:43,501 - INFO - github_runner_manager.manager.runner_manager - list vms response: [VM(instance_id=InstanceID('test-e0o6k2xi-0-n-30e130c6a604'), metadata=RunnerMetadata(platform_name='github', runner_id='485173', url=None), state=<VMState.ACTIVE: '2'>, created_at=datetime.datetime(2026, 2, 23, 18, 52, 38, tzinfo=datetime.timezone.utc))]
2026-02-23 18:54:44,199 - INFO - github_runner_manager.manager.runner_manager - runner health response RunnersHealthResponse(requested_runners=[PlatformRunnerHealth(identity=VM(instance_id=InstanceID('test-e0o6k2xi-0-n-30e130c6a604'), metadata=RunnerMetadata(platform_name='github', runner_id='485173', url=None), state=<VMState.ACTIVE: '2'>, created_at=datetime.datetime(2026, 2, 23, 18, 52, 38, tzinfo=datetime.timezone.utc)), online=True, busy=False, deletable=False, runner_in_platform=True)], failed_requested_runners=[], non_requested_runners=[])
2026-02-23 18:54:44,199 - INFO - github_runner_manager.manager.runner_scaler - Reconcile runners from 1 to 1
2026-02-23 18:54:44,199 - INFO - github_runner_manager.manager.runner_scaler - No changes to the number of runners.
2026-02-23 18:54:44,199 - INFO - github_runner_manager.openstack_cloud.openstack_cloud - Getting all openstack servers managed by the charm
2026-02-23 18:54:45,095 - INFO - github_runner_manager.manager.runner_manager - list vms response: [VM(instance_id=InstanceID('test-e0o6k2xi-0-n-30e130c6a604'), metadata=RunnerMetadata(platform_name='github', runner_id='485173', url=None), state=<VMState.ACTIVE: '2'>, created_at=datetime.datetime(2026, 2, 23, 18, 52, 38, tzinfo=datetime.timezone.utc))]
2026-02-23 18:54:45,816 - INFO - github_runner_manager.manager.runner_manager - runner health response RunnersHealthResponse(requested_runners=[PlatformRunnerHealth(identity=VM(instance_id=InstanceID('test-e0o6k2xi-0-n-30e130c6a604'), metadata=RunnerMetadata(platform_name='github', runner_id='485173', url=None), state=<VMState.ACTIVE: '2'>, created_at=datetime.datetime(2026, 2, 23, 18, 52, 38, tzinfo=datetime.timezone.utc)), online=True, busy=False, deletable=False, runner_in_platform=True)], failed_requested_runners=[], non_requested_runners=[])
2026-02-23 18:54:45,816 - INFO - github_runner_manager.manager.runner_scaler - Runner test-e0o6k2xi-0-n-30e130c6a604: state=PlatformRunnerState.IDLE, health=HealthState.HEALTHY
2026-02-23 18:54:45,816 - INFO - github_runner_manager.manager.runner_scaler - Found 0 busy runners: []
2026-02-23 18:54:45,816 - INFO - github_runner_manager.manager.runner_scaler - Found 1 idle runners: [RunnerInstance(name='test-e0o6k2xi-0-n-30e130c6a604', instance_id=InstanceID('test-e0o6k2xi-0-n-30e130c6a604'), metadata=RunnerMetadata(platform_name='github', runner_id='485173', url=None), platform_state=<PlatformRunnerState.IDLE: '2'>, platform_health=PlatformRunnerHealth(identity=VM(instance_id=InstanceID('test-e0o6k2xi-0-n-30e130c6a604'), metadata=RunnerMetadata(platform_name='github', runner_id='485173', url=None), state=<VMState.ACTIVE: '2'>, created_at=datetime.datetime(2026, 2, 23, 18, 52, 38, tzinfo=datetime.timezone.utc)), online=True, busy=False, deletable=False, runner_in_platform=True), cloud_state=<VMState.ACTIVE: '2'>)]
2026-02-23 18:54:45,816 - INFO - github_runner_manager.manager.runner_scaler - Found 0 offline runners that are healthy: []
2026-02-23 18:54:45,816 - INFO - github_runner_manager.manager.runner_scaler - Found 0 unhealthy runners: []
2026-02-23 18:54:45,816 - INFO - github_runner_manager.manager.runner_scaler - Current available runners (idle + healthy offline): {'test-e0o6k2xi-0-n-30e130c6a604'}
2026-02-23 18:54:45,816 - INFO - github_runner_manager.manager.runner_scaler - Current active runners: set()
2026-02-23 18:54:45,817 - INFO - github_runner_manager.manager.runner_scaler - Finished reconciliation.
2026-02-23 18:54:45,817 - INFO - github_runner_manager.reconcile_service - Change in number of runner after reconcile: 0
2026-02-23 18:54:45,817 - INFO - github_runner_manager.reconcile_service - End reconciliation
2026-02-23 18:55:03,602 - INFO - werkzeug - 127.0.0.1 - - [23/Feb/2026 18:55:03] "[35m[1mGET /health HTTP/1.1[0m" 204 -
2026-02-23 18:55:03,608 - INFO - github_runner_manager.http_server - Checking runners...
2026-02-23 18:55:03,626 - INFO - github_runner_manager.openstack_cloud.openstack_cloud - Getting all openstack servers managed by the charm
2026-02-23 18:55:03,974 - WARNING - github_runner_manager.openstack_cloud.openstack_cloud - The maximum compute API version 2.96 is greater than the supported version 2.91. Using the maximum supported version.
2026-02-23 18:55:06,202 - INFO - github_runner_manager.manager.runner_manager - list vms response: [VM(instance_id=InstanceID('test-e0o6k2xi-0-n-30e130c6a604'), metadata=RunnerMetadata(platform_name='github', runner_id='485173', url=None), state=<VMState.ACTIVE: '2'>, created_at=datetime.datetime(2026, 2, 23, 18, 52, 38, tzinfo=datetime.timezone.utc))]
2026-02-23 18:55:06,960 - INFO - github_runner_manager.manager.runner_manager - runner health response RunnersHealthResponse(requested_runners=[PlatformRunnerHealth(identity=VM(instance_id=InstanceID('test-e0o6k2xi-0-n-30e130c6a604'), metadata=RunnerMetadata(platform_name='github', runner_id='485173', url=None), state=<VMState.ACTIVE: '2'>, created_at=datetime.datetime(2026, 2, 23, 18, 52, 38, tzinfo=datetime.timezone.utc)), online=True, busy=False, deletable=False, runner_in_platform=True)], failed_requested_runners=[], non_requested_runners=[])
2026-02-23 18:55:06,960 - INFO - werkzeug - 127.0.0.1 - - [23/Feb/2026 18:55:06] "GET /runner/check HTTP/1.1" 200 -

18:55:15 INFO Reactive log: 
cat: '/var/log/reactive_runner/*.log': No such file or directory

18:55:16 INFO Metrics log: 
{"timestamp": 1771872709.4973211, "event": "reconciliation", "flavor": "test-e0o6k2xi", "crashed_runners": 0, "idle_runners": 0, "active_runners": 0, "expected_runners": 0, "duration": 9.444046020507812}
{"timestamp": 1771872759.4669998, "event": "reconciliation", "flavor": "test-e0o6k2xi", "crashed_runners": 0, "idle_runners": 0, "active_runners": 0, "expected_runners": 1, "duration": 9.675612449645996}
{"timestamp": 1771872885.8168917, "event": "reconciliation", "flavor": "test-e0o6k2xi", "crashed_runners": 0, "idle_runners": 1, "active_runners": 0, "expected_runners": 1, "duration": 6.194304704666138}

18:55:16 INFO OpenStack servers: [openstack.compute.v2.server.Server(id=9ab5962c-0a6c-4437-813c-7ede612230d1, name=test-e0o6k2xi-0-n-30e130c6a604, status=ACTIVE, tenant_id=5094adb2b2594752ba2421a5dd2905cf, user_id=1f7600bcec3d44c093c20673d7647848, metadata={'platform_name': 'github', 'runner_id': '485173', 'prefix': 'test-e0o6k2xi-0'}, hostId=569e0d7bac60c0f03103e8d74d7680dba22219ebc5c2af8290dc165a, image={'id': '1ad6e456-fa35-47ef-988f-1e793a60f258', 'links': [{'rel': 'bookmark', 'href': 'https://nova.ps7.canonical.com:8774/images/1ad6e456-fa35-47ef-988f-1e793a60f258'}]}, flavor={'vcpus': 2, 'ram': 4096, 'disk': 50, 'ephemeral': 0, 'swap': 0, 'original_name': 'shared.xsmall', 'extra_specs': {'aggregate_instance_extra_specs:commit': 'amd64', 'hw:cpu_policy': 'shared', 'hw:mem_page_size': 'large', 'hw:pci_numa_affinity_policy': 'preferred'}}, created=2026-02-23T18:52:38Z, updated=2026-02-23T18:52:44Z, addresses={'net_stg-ps7-github-runner-test-amd64': [{'version': 4, 'addr': '10.151.122.165', 'OS-EXT-IPS:type': 'fixed', 'OS-EXT-IPS-MAC:mac_addr': 'fa:16:3e:9a:53:76'}]}, accessIPv4=, accessIPv6=, links=[{'rel': 'self', 'href': 'https://nova.ps7.canonical.com:8774/v2.1/servers/9ab5962c-0a6c-4437-813c-7ede612230d1'}, {'rel': 'bookmark', 'href': 'https://nova.ps7.canonical.com:8774/servers/9ab5962c-0a6c-4437-813c-7ede612230d1'}], OS-DCF:diskConfig=MANUAL, progress=0, OS-EXT-AZ:availability_zone=AZ1, pinned_availability_zone=None, config_drive=True, key_name=test-e0o6k2xi-0-n-30e130c6a604, OS-SRV-USG:launched_at=2026-02-23T18:52:44.000000, OS-SRV-USG:terminated_at=None, OS-EXT-SRV-ATTR:host=ps7-ra1-n1.ps7.canonical.com, OS-EXT-SRV-ATTR:instance_name=instance-0048ebe4, OS-EXT-SRV-ATTR:hypervisor_hostname=ps7-ra1-n1.ps7.canonical.com, OS-EXT-SRV-ATTR:reservation_id=r-gfueyq79, OS-EXT-SRV-ATTR:launch_index=0, OS-EXT-SRV-ATTR:hostname=test-e0o6k2xi-0-n-30e130c6a604, OS-EXT-SRV-ATTR:kernel_id=, OS-EXT-SRV-ATTR:ramdisk_id=, OS-EXT-SRV-ATTR:root_device_name=/dev/vda, OS-EXT-SRV-ATTR:user_data=IyEvYmluL3NoCgpzZXQgLWUKCmhvc3RuYW1lY3RsIHNldC1ob3N0bmFtZSBnaXRodWItcnVubmVyCgojIFdyaXRlIC5lbnYgY29udGVudHMKc3UgLSB1YnVudHUgLWMgJ2NkIH4vYWN0aW9ucy1ydW5uZXIgJiYgZWNobyAiUEFUSD0vaG9tZS91YnVudHUvLmxvY2FsL2JpbjovdXNyL2xvY2FsL3NiaW46L3Vzci9sb2NhbC9iaW46L3Vzci9zYmluOi91c3IvYmluOi9zYmluOi9iaW46L3NuYXAvYmluCgpET0NLRVJIVUJfTUlSUk9SPWh0dHBzOi8vZ2l0aHViLXJ1bm5lci1kb2NrZXJodWItY2FjaGUuY2Fub25pY2FsLmNvbTo1MDAwCkNPTlRBSU5FUl9SRUdJU1RSWV9VUkw9aHR0cHM6Ly9naXRodWItcnVubmVyLWRvY2tlcmh1Yi1jYWNoZS5jYW5vbmljYWwuY29tOjUwMDAKCkxBTkc9Qy5VVEYtOApBQ1RJT05TX1JVTk5FUl9IT09LX0pPQl9TVEFSVEVEPS9ob21lL3VidW50dS9hY3Rpb25zLXJ1bm5lci9wcmUtam9iLnNoCiIgPiAuZW52JwoKc25hcCByZWZyZXNoIC0taG9sZD00OGgKc25hcCB3YXRjaCAtLWxhc3Q9YXV0by1yZWZyZXNoPwoKCnNuYXAgaW5zdGFsbCBhcHJveHkgLS1lZGdlCnNuYXAgc2V0IGFwcm94eSBwcm94eT1lZ3Jlc3MucHM3LmludGVybmFsOjMxMjggbGlzdGVuPTo1NDk2OQpjYXQgPDwgRU9GID4gL2V0Yy9uZnRhYmxlcy5jb25mCmRlZmluZSBkZWZhdWx0LWlwdjQgPSAkKGlwIHJvdXRlIGdldCAkKGlwIHJvdXRlIHNob3cgMC4wLjAuMC8wIHwgZ3JlcCAtb1AgJ3ZpYSBcS1xTKycpIHwgZ3JlcCAtb1AgJ3NyYyBcS1xTKycpCnRhYmxlIGlwIGFwcm94eQpmbHVzaCB0YWJsZSBpcCBhcHJveHkKdGFibGUgaXAgYXByb3h5IHsKICAgICAgc2V0IGV4Y2x1ZGUgewogICAgICAgICAgdHlwZSBpcHY0X2FkZHI7CiAgICAgICAgICBmbGFncyBpbnRlcnZhbDsgYXV0by1tZXJnZTsKICAgICAgICAgIGVsZW1lbnRzID0geyAxMjcuMC4wLjAvOCwgMTAuMC4wLjAvOCwgMTcyLjE2LjAuMC8xMiwgMTkyLjE2OC4wLjAvMTYgfQogICAgICB9CiAgICAgIGNoYWluIHByZXJvdXRpbmcgewogICAgICAgICAgICAgIHR5cGUgbmF0IGhvb2sgcHJlcm91dGluZyBwcmlvcml0eSBkc3RuYXQ7IHBvbGljeSBhY2NlcHQ7CiAgICAgICAgICAgICAgaXAgZGFkZHIgIT0gQGV4Y2x1ZGUgdGNwIGRwb3J0IHsgMS0zMTI3LCAzMTI5LTY1NTM1IH0gY291bnRlciBkbmF0IHRvIFwkZGVmYXVsdC1pcHY0OjU0OTY5CiAgICAgIH0KICAgICAgY2hhaW4gb3V0cHV0IHsKICAgICAgICAgICAgICB0eXBlIG5hdCBob29rIG91dHB1dCBwcmlvcml0eSAtMTAwOyBwb2xpY3kgYWNjZXB0OwogICAgICAgICAgICAgIGlwIGRhZGRyICE9IEBleGNsdWRlIHRjcCBkcG9ydCB7IDEtMzEyNywgMzEyOS02NTUzNSB9IGNvdW50ZXIgZG5hdCB0byBcJGRlZmF1bHQtaXB2NDo1NDk2OQogICAgICB9Cn0KRU9GCnN5c3RlbWN0bCBlbmFibGUgbmZ0YWJsZXMuc2VydmljZQpuZnQgLWYgL2V0Yy9uZnRhYmxlcy5jb25mCgoKIyBBZGRpbmcgcmV0cnkgdG8gYXB0LWdldCBkdWUgdG8gb2NjYXNpb25hbCBhcHQgbWlycm9yIHN5bmMgaXNzdWVzLgojIFJldHJ5IGJ1aWx0aW4gaW4gYXB0LWdldCBkb2VzIG5vdCByZXRyeSA0MDQsIHdoaWNoIG1pcnJvciBzeW5jIGlzc3VlcyBjYW4gY2F1c2UuCiMgVGhlcmVmb3JlLCBhIGJhc2ggZm9yIGxvb3AgaXMgdXNlZCBmb3IgcmV0cnlpbmcuCmZvciBpIGluIHswLi42fTsgZG8KICBpZiBhcHQtZ2V0IHVwZGF0ZTsgdGhlbgogICAgYnJlYWsKICBlbHNlCiAgICBlY2hvICJhcHQtZ2V0IHVwZGF0ZSBmYWlsZWQsIHJldHJ5aW5nIGluIDEwIHNlY29uZHMuLi4iCiAgICBzbGVlcCAxMAogIGZpCmRvbmUKCgoKYWRkdXNlciB1YnVudHUgbHhkCmFkZHVzZXIgdWJ1bnR1IGFkbQoKCmVjaG8gIntcInJlZ2lzdHJ5LW1pcnJvcnNcIjogW1wiaHR0cHM6Ly9naXRodWItcnVubmVyLWRvY2tlcmh1Yi1jYWNoZS5jYW5vbmljYWwuY29tOjUwMDBcIl19IiA+IC9ldGMvZG9ja2VyL2RhZW1vbi5qc29uCnN5c3RlbWN0bCBkYWVtb24tcmVsb2FkCnN5c3RlbWN0bCByZXN0YXJ0IGRvY2tlcgoKCiMgUHJlcGFyZSBtZXRyaWNzCnN1IC0gdWJ1bnR1IC1jICdta2RpciAiL2hvbWUvdWJ1bnR1L21ldHJpY3MtZXhjaGFuZ2UiJwoKIyBJbnNlcnQgcHJlLWpvYiBzY3JpcHQsIHdlIHVzZSBhIHNwZWNpYWwgZW5kIG1hcmtlciBhbmQgbm90IEVPRiBvciBFT1QgdG8gYXZvaWQgdGhhdCB0aGUgc2FtZSBpcyByZXVzZWQgaW5zaWRlIHRoZSBzY3JpcHQKY2F0IDw8ICczNWM2ODFkNy1lMGIxLTQzYWEtYWZkYy1mZjdkMWM0ODEwY2EnIHwgc3UgLSB1YnVudHUgLWMgJ3RlZSAvaG9tZS91YnVudHUvYWN0aW9ucy1ydW5uZXIvcHJlLWpvYi5zaCcKIyEvdXNyL2Jpbi9lbnYgYmFzaAoKdGltZXN0YW1wPSQoZGF0ZSArJXMpCgojIERpc2FibGUgZXhpdC1vbi1lcnJvciwgZHVlIHRoZSBuZWVkIGZvciBlcnJvciBoYW5kbGluZy4Kc2V0ICtlCgoKanEgLW4gXAogIC0tYXJnIHdvcmtmbG93ICIkR0lUSFVCX1dPUktGTE9XIiBcCiAgLS1hcmcgcmVwb3NpdG9yeSAiJEdJVEhVQl9SRVBPU0lUT1JZIiBcCiAgLS1hcmcgZXZlbnQgIiRHSVRIVUJfRVZFTlRfTkFNRSIgXAogIC0tYXJnanNvbiB0aW1lc3RhbXAgIiR0aW1lc3RhbXAiIFwKICAtLWFyZyB3b3JrZmxvd19ydW5faWQgIiRHSVRIVUJfUlVOX0lEIiBcCiAgJ3sKICAgICJ3b3JrZmxvdyI6ICR3b3JrZmxvdywKICAgICJyZXBvc2l0b3J5IjogJHJlcG9zaXRvcnksCiAgICAiZXZlbnQiOiAkZXZlbnQsCiAgICAidGltZXN0YW1wIjogJHRpbWVzdGFtcCwKICAgICJ3b3JrZmxvd19ydW5faWQiOiAkd29ya2Zsb3dfcnVuX2lkCiAgfScgPiAiL2hvbWUvdWJ1bnR1L21ldHJpY3MtZXhjaGFuZ2UvcHJlLWpvYi1tZXRyaWNzLmpzb24iIHx8IHRydWUKCgoKCmlmIFtbIC1uICIkRE9DS0VSSFVCX01JUlJPUiIgXV07IHRoZW4KICBsb2dnZXIgLXMgIkEgcHJpdmF0ZSBkb2NrZXIgcmVnaXN0cnkgaXMgc2V0dXAgYXMgYSBkb2NrZXJodWIgbWlycm9yIGZvciB0aGlzIHNlbGYtaG9zdGVkIHJ1bm5lci4iCiAgbG9nZ2VyIC1zICJUaGUgZG9ja2VyIGRhZW1vbiBvbiB0aGlzIHNlbGYtaG9zdGVkIHJ1bm5lciBpcyBjb25maWd1cmVkIHRvIHVzZSB0aGUgZG9ja2VyaHViIG1pcnJvci4iCiAgbG9nZ2VyIC1zICJUaGUgVVJMIHRvIHRoZSBwcml2YXRlIGRvY2tlciByZWdpc3RyeSBpcyBpbiB0aGUgRE9DS0VSSFVCX01JUlJPUiBlbnZpcm9ubWVudCB2YXJpYWJsZS4iCiAgbG9nZ2VyIC1zICJGb3IgbWljcm9rOHMsIHNlZSBpbnN0cnVjdGlvbnMgaGVyZTogaHR0cHM6Ly9taWNyb2s4cy5pby9kb2NzL2RvY2tlcmh1Yi1saW1pdHMiCmZpCgoKMzVjNjgxZDctZTBiMS00M2FhLWFmZGMtZmY3ZDFjNDgxMGNhCgoKd3JpdGVfcG9zdF9tZXRyaWNzKCl7CiAgICAjIEV4cGVjdHMgdGhlIGV4aXQgY29kZSBvZiB0aGUgcnVuLnNoIHNjcmlwdCBhcyB0aGUgZmlyc3QgYXJndW1lbnQuCgogICAgIyBPbmx5IHdyaXRlIHRoZSBwb3N0LWpvYiBtZXRyaWNzIGlmIHRoZSBmaWxlIGRvZXMgbm90IGFscmVhZHkgZXhpc3QgLSB3aGljaCBtYXkgaW5kaWNhdGUKICAgICMgdGhhdCB0aGUgam9iIGhhcyBmYWlsZWQgaW5zaWRlIHByZS1qb2IuCgogICAgaWYgWyAtZiAvaG9tZS91YnVudHUvbWV0cmljcy1leGNoYW5nZS9wb3N0LWpvYi1tZXRyaWNzLmpzb24gXTsgdGhlbgogICAgICAgIHJldHVybgogICAgZmkKCiAgICB0aW1lc3RhbXA9JChkYXRlICslcykKCiAgICAjIFdyaXRlIHRoZSBwb3N0LWpvYiBtZXRyaWNzIHVzaW5nIHN0YXR1cyBhYm5vcm1hbCBhbmQgZXhpdCBjb2RlIGlmIGV4aXQgY29kZSBpcyBub24temVybwogICAgaWYgWyAiJDEiICE9ICIwIiBdOyB0aGVuCiAgICAgICAgc3VkbyAtZyB1YnVudHUgLXUgdWJ1bnR1IGpxIC1uIFwKICAgICAgICAgIC0tYXJnanNvbiB0aW1lc3RhbXAgIiR0aW1lc3RhbXAiIFwKICAgICAgICAgIC0tYXJnIHN0YXR1cyAiYWJub3JtYWwiIFwKICAgICAgICAgIC0tYXJnanNvbiBleGl0X2NvZGUgIiQxIiBcCiAgICAgICAgICAnewogICAgICAgICAgICAidGltZXN0YW1wIjogJHRpbWVzdGFtcCwKICAgICAgICAgICAgInN0YXR1cyI6ICRzdGF0dXMsCiAgICAgICAgICAgICJzdGF0dXNfaW5mbyI6IHtjb2RlOiAkZXhpdF9jb2RlfQogICAgICAgICAgfScgPiAiL2hvbWUvdWJ1bnR1L21ldHJpY3MtZXhjaGFuZ2UvcG9zdC1qb2ItbWV0cmljcy5qc29uIgogICAgICAgIHJldHVybgogICAgZWxzZQogICAgICAgICMgSWYgZXhpdCBjb2RlIGlzIHplcm8sIHdyaXRlIHRoZSBwb3N0LWpvYiBtZXRyaWNzIHVzaW5nIHN0YXR1cyBub3JtYWwKICAgICAgICBzdWRvIC1nIHVidW50dSAtdSB1YnVudHUganEgLW4gXAogICAgICAgICAgLS1hcmdqc29uIHRpbWVzdGFtcCAiJHRpbWVzdGFtcCIgXAogICAgICAgICAgJ3sKICAgICAgICAgICAgInRpbWVzdGFtcCI6ICR0aW1lc3RhbXAsCiAgICAgICAgICAgICJzdGF0dXMiOiAibm9ybWFsIgogICAgICAgICAgfScgPiAiL2hvbWUvdWJ1bnR1L21ldHJpY3MtZXhjaGFuZ2UvcG9zdC1qb2ItbWV0cmljcy5qc29uIgogICAgZmkKfQoKZGF0ZSArJXMgPiAgL2hvbWUvdWJ1bnR1L21ldHJpY3MtZXhjaGFuZ2UvcnVubmVyLWluc3RhbGxlZC50aW1lc3RhbXAKCiMgUnVuIHJ1bm5lcgojIFdlIHdhbnQgdG8gY2FwdHVyZSB0aGUgZXhpdCBjb2RlIG9mIHRoZSBydW4gc2NyaXB0IGFuZCB3cml0ZSB0aGUgcG9zdC1qb2IgbWV0cmljcy4KIyBJZiB0aGUgYWdlbnQgcHJvdmlkZWQgZG9lcyBub3Qgc3RvcCwgdGhlIG1ldHJpY3Mgd2lsbCBub3QgYmUgd3JpdHRlbiB0byB0aGUgZmlsZSBhbmQKIyBzaG91bGQgYmUgdGFrZW4gZnJvbSB0aGUgcGxhdGZvcm0gcHJvdmlkZXIuCgooc2V0ICtlOyBzdSAtIHVidW50dSAtYyAiY2Qgfi9hY3Rpb25zLXJ1bm5lciAmJiAvaG9tZS91YnVudHUvYWN0aW9ucy1ydW5uZXIvcnVuLnNoIC0taml0Y29uZmlnIGV5SXVjblZ1Ym1WeUlqb2laWGxLUWxveVZuVmtSV3hyU1dwdmFVNUVaekZOVkdONlNXbDNhVkZYWkd4aWJsSlBXVmN4YkVscWIybGtSMVo2WkVNeGJFMUhPREpoZWtvMFlWTXdkMHhYTkhSTmVrSnNUVlJOZDFsNldtaE9ha0V3U1dsM2FWSkhiSHBaVjBweldsWldkMXBIUmpCYVUwazJTV3hTZVdSWFZXbE1RMHBHWTBkb2JHSlhWbmxaVjNkcFQybEtWV051Vm14SmFYZHBWVWM1ZG1KRmJHdEphbTlwVFZOSmMwbHNRblppTW5oUFdWY3hiRWxxY0hWa1YzaHpURU5LVkZwWVNqSmFXRXBXWTIxM2FVOXBTbTlrU0ZKM1kzcHZka3d6UW5CalIxWnpZVmMxYkdNeVpHOWtWMHBzWkZoTmVVNUROV2haTTFKd1lqSTFla3h0WkhCa1IyZ3hXVzVXZWxwWVNtcGlNalV3V2xjMU1FeHRUblppVXpoNFlYcEdkbHBIYkhsV1YyZzBWMnBTU0dJeVNuZGliR1JUV210c2QyRXdTWGxXUnpGM1lVaE5NV1JxYkRGU2EyUjJaVlpTVFUxNlNtNWFNMmhQVjI1R2JGbFRPR2xNUTBwWVlqTktjbEp0T1hOYVIxWjVTV3B2YVZnelpIWmpiWE5wVEVOS1NHRllVa2xrVjBwV1kyMTNhVTlwU205a1NGSjNZM3B2ZGt3eVpIQmtSMmd4V1drMWFtSXlNSFpaTWtaMVlqSTFjRmt5Um5OTU1tUndaRWRvTVZscE1YbGtWelYxV2xoSmRHSXpRbXhqYlVZd1lqTkphVXhEU2xSYVdFb3lXbGhLVm1OdGVGZE5hVWsyU1cxb01HUklRbnBQYVRoMldXNUtkbUV5Vm5sTWJVWnFaRWRzZG1KdVRYVmFNbXd3WVVoV2FXUllUbXhqYlU1MlltNVNiR0p1VVhWWk1qbDBUSGxKYzBsc1ZucGFWbGw1VW0xNGRtUjVTVFpKYmxKNVpGZFZhV1pSUFQwaUxDSXVZM0psWkdWdWRHbGhiSE1pT2lKbGVVcFVXVEpvYkdKWFZXbFBhVXBRVVZoV01HRkRTWE5KYTFKb1pFZEZhVTl1YzJsUk1uaHdXbGMxTUZOWFVXbFBhVWw1VG1wa2JWbFVUbWhPUXpGcVRXcGpNa3hVVW1wT2JWbDBXV3BKTVZsVE1XaE9SRTV0VFhwUmVWbDZUWGRhVjFscFRFTktRbVJZVW05aU0wcHdaVzFHTUdGWE9YVldXRXB6U1dwdmFXRklVakJqU0UwMlRIazVkMkZZUW14aVIyeDFXbGhPYm1GSVZtbGFXRlo2VFdwUmRWbFhUakJoVnpsMVkzazFibUZZVW05a1Ywb3hZekpXZVZreU9YVmtSMVoxWkVNMWFtSXlNSFpOVjNONFlqSlNjR05zVm05bFJtOHdVakk1YVdOSE5WaFZiVnBLWTBkMFEwMXNVblJqUjJoNlRsaFpOV1JWV2toaU0yeFZWRVJOZVZveVpEUlViSEI0V2xkRmRsZ3lSbmRoV0UxMllqSkdNV1JIWjNsTU0xSjJZVEpXZFVsdU1Ua2lMQ0l1WTNKbFpHVnVkR2xoYkhOZmNuTmhjR0Z5WVcxeklqb2laWGxLYTBscWIybFVTRzkzVlVoQ2VtTkhhR0ZOVlZFeVZXdGFVVlY2YUU5TU0yUkpaVlpvVUZaNlVsUlBWbVIxWTBSc1VscFhVa3hPU0ZVeVdrWmtSMUZwT1c1VWVscHZWR3hrZEZNelFrWk5NV3h1VjFoV2FtTklhRzlWTUVwdldrZEplVlJET1hGaU1VWnhUbXBvTVZaVVdreFBSa0V3Vld0YWQxa3lWWHBQUlZKd1lVWldVMDB4U2toVWEwWnFZa1phYlZsWVZrZFJWVXB2VkZaV2ExTllXazFYYmxwUlkxWmFTMkZzY0VkV1NFcHJVMFUxUjFOcmFEUmhSVXAxVW10dmVHTkhPWEpSVkU1V1dqSnNUMDVVV1hkaGJscHZaRmhvZWxKWWFGQk9NVTV3V1hwR00xbHFSWGRXYVRsWFkwWlZNVXQ2U21sUFJ6VnpUVVJSZUZGVmFFTmthbHBaVDFWTmRsWnRUbkpSV0ZaWlRrUk9hVkpVVm05Vk1FWnFVbXhzVDAxNldqWmFWMXB0WlVaQ1FtSkZWblprYmtwUlRWYzFSMDFxUVRCU1IxSXlUVWhuZUU5VldqWlRWV2N4V1cxdmVXUlVRbFphTURGMFZXNU5NazFyY0hCVlJUUjNWakZ3V2sxdE9XaGhNMnhhVjFkUk1GcElVVEZUYTFFMVRESmtNV0ZIT1ZwYU1GbDNVbFJuTUZkV1pGWk9hM2hOWVd0R1dGcFdWakJsYXpWeVVXNUdjbFZWZURaVldFNUpXV3hvYlZOV2JGQk9ibG94V2pCNFYxZFZZM0prUTNSWVlVVmtVMVJ0VmxKUVZEQnBURU5LYTJORFNUWkpiRlpzVkRBMWFscFdTbEZOYlVreFVsaG5NbUZHUWpGWk1Fb3lUVEZLYW1WclNsTlpWMXA1WWpKb2JWbFdZM2xXTTA1M1lrUlZjbFl5Um5wVE0wRXdaVlprU0ZGV1RYSlZNMFp6WVhsMGQxSlhiRVJhYWxJellVVktTRTFIVmtwV1NHTjRXVmhKTWxwSWJHRlJXRTVJWlVkTk5VNVlRbHBQUjA1cFQwY3hTRmRFVFhoT01FcEZZVWhDZDA1SVFteFNSekZTVjBVNE1HRlhTbmxNTUVaU1VrYzBjbFpyYTNkT2VYUlJaVWN4ZGxSWVdsUmlNa2w2Wld4Wk5WRnNUbmRWYlhSVlRVVjBTbGRVU2xwaWJuQkdaREJTU0ZOWVJsQlVXR1JvVW5wYVJWSkZVWFpOUkRCcFRFTkthMk5UU1RaSmJXUnJZMWQwV0ZSc1dUTmpWVlpPWld0Tk5VOUZaRTVWYlUxMlkxZFNXRk16YjNaWk1IaFJUa1pLV1dONmFGSmphazV4V1ROc1NFOVhUakZVVld4c1dWVTFlVTFJY0RCamEzaDNTek5XY21SRVJqSmFXRUZ5V2xoS1NVd3lOWFphVlRWRVkyNWFWMDFxUm1wUk1teDVZMVJrUmxWdFZYZGxhWE4zVFZWNFZtRnVVbEJqVmxWNVpERkNSVTlYU2pGUlZUaHlXa2RrZUV3eVpFZE9NbVJFWlVSV2RVOUVUbEJoVlVveFRWWktVRk5yUmpWWlYyTTFVV3BPVFZGVlVsSmhWMVp6VlZSR2VXUkdSWGhWUjJSSlRVUlNVMkZXWkRCaE0yaElVa2h3VjFKdGFHcE5SREJwVEVOS2JHVklRblppYlZaMVpFTkpOa2xyUmxKUlZVbHBURU5LY0dKdVdteGpiazVzVlZOSk5rbHNSalpVTTJzelRqRnNSRlF3YURSWk1WbzFUMFU1UzFNeVdteE5iR3d6VjFaa1JrMTZTa1pXYkUwMVREQnNXVlZ1UW0xVlZVMTVWakl4VTFNelpHRmxhbFpOVTBkemRrNXRUbGxrTW14RFRsaEtRbVZGWkRKaWExcFlUbnBWY2sxWVZsWlVTRWwyV1ZkV2JFd3hRa0pqV0VKV1VucG9TRlJFUWtOVGFrSjJUVWhPYmxsWGVFbE9SV3hoWkVoa1ZVd3hTWHBpTUhSb1pFaEtTV0pYWkhwWGF6RnFaRmN4VUdOVlpIcFdlbXhvWVRKb2RVOVViR2xhYTBseVZXeG9jVlJJVmxsbGF6RlBZa1Y0TWs1SGRFTk9Na1V3WW0xb1ZVMUVUVFJPTTBaTlUyNU9NMVZVTUdsTVEwcDBZakpTTVdKSVZucEphbTlwWld4R2RWSkhNWHBhYkZwRVVWUnNhR0pyYkdwaVdFSXdZbFYzTWxkV1NreFRiV2hFWTFWVk0xUkhiSFZQUldoVVpVVjRNMVZyYXpWa1JUbHdZMnRWZVdOdFpITldSMUkyV2xkS00xUllVakJVYW1Sb1VWaHJNVTB3VWxkaWEzUjFZVEJHZUZGNU9WcGtSelZRVTBWb2JGZHVTa05WUmxFMVRXdHNSMU13VGxwVU1EbFJZakZHU21FeVZrMWFiVXA2V1RKU1RGTlliRE5YYlZsMllucG9SbUpzVGpKaU1rNXRVa1JXYTJGc1JYbGtWMUpGWTNwT05tUkdWbGhWYWtKMVRXNUNWMVJ1VWtSUk0xVjJVa2hPY1ZSNlJtRmhSRlpYVERCV01sTnVSVE5qZVRsRVYwVmFNMDU2WkZOTU0ydDNVa2RSZVdOc1ZsQlZSemt5VFVjNVdsWlVhM0pqU0VaeFVsUkdXbVF5VFRSU1JUVkpUV3h3VGxNd1dUSlhhelZ5WWpGR2FscHJjR0ZsUlRGcllqQlNSbVZ0T0hsWGJFMTJWRVZHVm1OdE9WVldWV3cyVGtSYVExZElSbWxSTVdSS1kxWmFSRlpwZEd4U1IzUkhZVEo0YldSWFRrMVJXSEJDV1RKYVlWcDVkRUpVTTBKWlZtcHJORTFyZEVaVmJYaHpUbXRLZUZVeVZrZGpTRlpWVkRGd2RrOUVXbGhaYkdSS1pFZGtWMlJFVWxGVGF6azBaRVZ6TVdGcldrMVpNbWd3WWpKS2FHUklUbmhYUjA1aFZqSTFSbHBGTVVKUlYxWXpVRlF3YVV4RFNuZEphbTlwVDBSYWVGWnFSakJpYlRscFdUTk9NMlF5WnpKVlNIQllZMnBvYzJNeFFrUlRNMlEwVkVkS1RHTkhXa2xsVlVsNlVXMWFhVTF1V2pSTmF6VnNaR3BDY1U1c1NqQk5WVGh5VlVWU2VXTlVXWFpaVjNSRlZGWlJjazR3T0hsVlIxcHRVa1p2ZVdGVVNUTldTR3gyWld0MFExVXlOVzFVYld4UFUyNU9TbU16VW1waVNGcEtWVzB3TUZGVlNtcE1NVlpQWW0xYVJHUkRkR0ZXU0ZGNVVWYzViMkpJWkVsVGJVWkNZekpLVFU0d1JsTmtNRlpVVG14dmVtUXpiRTVoTVd4NFdrUkNURTVIT1ZKa01rWkVUa2RPZGxOdWJETmpSRVpPVERJd2NrOVlhRlZVU0dkM1VGTkpjMGx1UldsUGFVbDRUVzVHY0V0NlRtRk1NRGx3WkZabmVWUnJielJTYTNCRFlVWkdkRkZzVGpSWmVtTjNWVVZrVW1KWFVYaFhSMHAzWVRKd1VXVlVWbkpVZW1zd1pVUk9VMW96Vm1oVE1ERlBaVVYwZGxWVVZrMWhNRGx2WkVjME0xWjZXbGhsVjFwaFdUSm9iVlpGVWt0WmFUbE9Xa1JLV0Vzd2FHRldNazVSVTI1a1NXUlZjREJqTURnelN6QmFWV0l4WXpCa2JWSlpXbGhTUmxwNU9IaGFWbFo2VGxVeFRWTlhNREZoVlU0d1UzcHNWVkl4V1RSUFJ6bFJZbFZzVlZWRldubFpWMWt4VVRKTmNsVkhSWGRaYlRsclkwZEtWMkZJUW5kV1J6RlFVMnRrYkZGcWFGcGliVTA1U1c0d1BTSjkiOyB3cml0ZV9wb3N0X21ldHJpY3MgJD8pCgpzdSAtIHVidW50dSAtYyAidG91Y2ggL2hvbWUvdWJ1bnR1L3J1bi1jb21wbGV0ZWQi, OS-EXT-STS:task_state=None, OS-EXT-STS:vm_state=active, OS-EXT-STS:power_state=1, os-extended-volumes:volumes_attached=[], locked=False, locked_reason=None, description=None, tags=[], trusted_image_certificates=None, security_groups=[{'name': 'github-runner-v1'}], location=Munch({'cloud': 'testcloud', 'region_name': 'prodstack7', 'zone': 'AZ1', 'project': Munch({'id': '5094adb2b2594752ba2421a5dd2905cf', 'name': 'stg-ps7-github-runner-test-amd64_project', 'domain_id': None, 'domain_name': 'Default'})}), public_v4=, public_v6=, private_v4=10.151.122.165, interface_ip=)]
18:55:16 INFO Server test-e0o6k2xi-0-n-30e130c6a604 console log:
[    0.000000] Linux version 6.14.0-37-generic (buildd@lcy02-amd64-031) (x86_64-linux-gnu-gcc-13 (Ubuntu 13.3.0-6ubuntu2~24.04) 13.3.0, GNU ld (GNU Binutils for Ubuntu) 2.42) #37~24.04.1-Ubuntu SMP PREEMPT_DYNAMIC Thu Nov 20 10:25:38 UTC 2 (Ubuntu 6.14.0-37.37~24.04.1-generic 6.14.11)
[    0.000000] Command line: BOOT_IMAGE=/vmlinuz-6.14.0-37-generic root=UUID=0905329d-4022-4692-bb5d-b614c117dd8c ro console=tty1 console=ttyS0
[    0.000000] KERNEL supported cpus:
[    0.000000]   Intel GenuineIntel
[    0.000000]   AMD AuthenticAMD
[    0.000000]   Hygon HygonGenuine
[    0.000000]   Centaur CentaurHauls
[    0.000000]   zhaoxin   Shanghai  
[    0.000000] BIOS-provided physical RAM map:
[    0.000000] BIOS-e820: [mem 0x0000000000000000-0x000000000009fbff] usable
[    0.000000] BIOS-e820: [mem 0x000000000009fc00-0x000000000009ffff] reserved
[    0.000000] BIOS-e820: [mem 0x00000000000f0000-0x00000000000fffff] reserved
[    0.000000] BIOS-e820: [mem 0x0000000000100000-0x00000000bffdcfff] usable
[    0.000000] BIOS-e820: [mem 0x00000000bffdd000-0x00000000bfffffff] reserved
[    0.000000] BIOS-e820: [mem 0x00000000feffc000-0x00000000feffffff] reserved
[    0.000000] BIOS-e820: [mem 0x00000000fffc0000-0x00000000ffffffff] reserved
[    0.000000] BIOS-e820: [mem 0x0000000100000000-0x000000013fffffff] usable
[    0.000000] BIOS-e820: [mem 0x000000fd00000000-0x000000ffffffffff] reserved
[    0.000000] NX (Execute Disable) protection: active
[    0.000000] APIC: Static calls initialized
[    0.000000] SMBIOS 2.8 present.
[    0.000000] DMI: OpenStack Foundation OpenStack Nova, BIOS 1.16.3-debian-1.16.3-2~backport22.04.202412060920~ubuntu22.04.1 04/01/2014
[    0.000000] DMI: Memory slots populated: 1/1
[    0.000000] Hypervisor detected: KVM
[    0.000000] kvm-clock: Using msrs 4b564d01 and 4b564d00
[    0.000000] kvm-clock: using sched offset of 3280052460 cycles
[    0.000003] clocksource: kvm-clock: mask: 0xffffffffffffffff max_cycles: 0x1cd42e4dffb, max_idle_ns: 881590591483 ns
[    0.000006] tsc: Detected 2396.398 MHz processor
[    0.001033] last_pfn = 0x140000 max_arch_pfn = 0x400000000
[    0.001088] MTRR map: 4 entries (3 fixed + 1 variable; max 19), built from 8 variable MTRRs
[    0.001093] x86/PAT: Configuration [0-7]: WB  WC  UC- UC  WB  WP  UC- WT  
[    0.001167] last_pfn = 0xbffdd max_arch_pfn = 0x400000000
[    0.003676] found SMP MP-table at [mem 0x000f53c0-0x000f53cf]
[    0.003695] Using GB pages for direct mapping
[    0.004079] RAMDISK: [mem 0x2ed97000-0x336c2fff]
[    0.004642] ACPI: Early table checksum verification disabled
[    0.004646] ACPI: RSDP 0x00000000000F5140 000014 (v00 BOCHS )
[    0.004652] ACPI: RSDT 0x00000000BFFE2334 000034 (v01 BOCHS  BXPC     00000001 BXPC 00000001)
[    0.004658] ACPI: FACP 0x00000000BFFE2150 000074 (v01 BOCHS  BXPC     00000001 BXPC 00000001)
[    0.004663] ACPI: DSDT 0x00000000BFFE0040 002110 (v01 BOCHS  BXPC     00000001 BXPC 00000001)
[    0.004666] ACPI: FACS 0x00000000BFFE0000 000040
[    0.004668] ACPI: APIC 0x00000000BFFE21C4 000080 (v03 BOCHS  BXPC     00000001 BXPC 00000001)
[    0.004671] ACPI: SRAT 0x00000000BFFE2244 0000C8 (v01 BOCHS  BXPC     00000001 BXPC 00000001)
[    0.004673] ACPI: WAET 0x00000000BFFE230C 000028 (v01 BOCHS  BXPC     00000001 BXPC 00000001)
[    0.004675] ACPI: Reserving FACP table memory at [mem 0xbffe2150-0xbffe21c3]
[    0.004677] ACPI: Reserving DSDT table memory at [mem 0xbffe0040-0xbffe214f]
[    0.004678] ACPI: Reserving FACS table memory at [mem 0xbffe0000-0xbffe003f]
[    0.004678] ACPI: Reserving APIC table memory at [mem 0xbffe21c4-0xbffe2243]
[    0.004679] ACPI: Reserving SRAT table memory at [mem 0xbffe2244-0xbffe230b]
[    0.004680] ACPI: Reserving WAET table memory at [mem 0xbffe230c-0xbffe2333]
[    0.004776] ACPI: SRAT: Node 0 PXM 0 [mem 0x00000000-0x0009ffff]
[    0.004779] ACPI: SRAT: Node 0 PXM 0 [mem 0x00100000-0xbfffffff]
[    0.004781] ACPI: SRAT: Node 0 PXM 0 [mem 0x100000000-0x13fffffff]
[    0.004784] NUMA: Node 0 [mem 0x00001000-0x0009ffff] + [mem 0x00100000-0xbfffffff] -> [mem 0x00001000-0xbfffffff]
[    0.004787] NUMA: Node 0 [mem 0x00001000-0xbfffffff] + [mem 0x100000000-0x13fffffff] -> [mem 0x00001000-0x13fffffff]
[    0.004798] NODE_DATA(0) allocated [mem 0x13ffd3540-0x13fffdfff]
[    0.004967] Zone ranges:
[    0.004967]   DMA      [mem 0x0000000000001000-0x0000000000ffffff]
[    0.004969]   DMA32    [mem 0x0000000001000000-0x00000000ffffffff]
[    0.004971]   Normal   [mem 0x0000000100000000-0x000000013fffffff]
[    0.004972]   Device   empty
[    0.004973] Movable zone start for each node
[    0.004975] Early memory node ranges
[    0.004976]   node   0: [mem 0x0000000000001000-0x000000000009efff]
[    0.004977]   node   0: [mem 0x0000000000100000-0x00000000bffdcfff]
[    0.004979]   node   0: [mem 0x0000000100000000-0x000000013fffffff]
[    0.004980] Initmem setup node 0 [mem 0x0000000000001000-0x000000013fffffff]
[    0.004985] On node 0, zone DMA: 1 pages in unavailable ranges
[    0.004999] On node 0, zone DMA: 97 pages in unavailable ranges
[    0.008365] On node 0, zone Normal: 35 pages in unavailable ranges
[    0.009335] ACPI: PM-Timer IO Port: 0x608
[    0.009354] ACPI: LAPIC_NMI (acpi_id[0xff] dfl dfl lint[0x1])
[    0.009389] IOAPIC[0]: apic_id 0, version 17, address 0xfec00000, GSI 0-23
[    0.009392] ACPI: INT_SRC_OVR (bus 0 bus_irq 0 global_irq 2 dfl dfl)
[    0.009394] ACPI: INT_SRC_OVR (bus 0 bus_irq 5 global_irq 5 high level)
[    0.009396] ACPI: INT_SRC_OVR (bus 0 bus_irq 9 global_irq 9 high level)
[    0.009397] ACPI: INT_SRC_OVR (bus 0 bus_irq 10 global_irq 10 high level)
[    0.009398] ACPI: INT_SRC_OVR (bus 0 bus_irq 11 global_irq 11 high level)
[    0.009459] ACPI: Using ACPI (MADT) for SMP configuration information
[    0.009465] CPU topo: Max. logical packages:   2
[    0.009466] CPU topo: Max. logical dies:       2
[    0.009466] CPU topo: Max. dies per package:   1
[    0.009471] CPU topo: Max. threads per core:   1
[    0.009472] CPU topo: Num. cores per package:     1
[    0.009472] CPU topo: Num. threads per package:   1
[    0.009473] CPU topo: Allowing 2 present CPUs plus 0 hotplug CPUs
[    0.009516] kvm-guest: APIC: eoi() replaced with kvm_guest_apic_eoi_write()
[    0.009534] PM: hibernation: Registered nosave memory: [mem 0x00000000-0x00000fff]
[    0.009536] PM: hibernation: Registered nosave memory: [mem 0x0009f000-0x000fffff]
[    0.009537] PM: hibernation: Registered nosave memory: [mem 0xbffdd000-0xffffffff]
[    0.009539] [mem 0xc0000000-0xfeffbfff] available for PCI devices
[    0.009541] Booting paravirtualized kernel on KVM
[    0.009559] clocksource: refined-jiffies: mask: 0xffffffff max_cycles: 0xffffffff, max_idle_ns: 1910969940391419 ns
[    0.009567] setup_percpu: NR_CPUS:8192 nr_cpumask_bits:2 nr_cpu_ids:2 nr_node_ids:1
[    0.009690] percpu: Embedded 88 pages/cpu s237568 r8192 d114688 u1048576
[    0.009740] kvm-guest: PV spinlocks disabled, no host support
[    0.009741] Kernel command line: BOOT_IMAGE=/vmlinuz-6.14.0-37-generic root=UUID=0905329d-4022-4692-bb5d-b614c117dd8c ro console=tty1 console=ttyS0
[    0.009816] Unknown kernel command line parameters "BOOT_IMAGE=/vmlinuz-6.14.0-37-generic", will be passed to user space.
[    0.009832] random: crng init done
[    0.009833] printk: log buffer data + meta data: 262144 + 917504 = 1179648 bytes
[    0.009998] Dentry cache hash table entries: 524288 (order: 10, 4194304 bytes, linear)
[    0.010076] Inode-cache hash table entries: 262144 (order: 9, 2097152 bytes, linear)
[    0.010107] Fallback order for Node 0: 0 
[    0.010111] Built 1 zonelists, mobility grouping on.  Total pages: 1048443
[    0.010112] Policy zone: Normal
[    0.010120] mem auto-init: stack:all(zero), heap alloc:on, heap free:off
[    0.010125] software IO TLB: area num 2.
[    0.023801] SLUB: HWalign=64, Order=0-3, MinObjects=0, CPUs=2, Nodes=1
[    0.023841] ftrace: allocating 60485 entries in 237 pages
[    0.053249] ftrace: allocated 237 pages with 6 groups
[    0.054363] Dynamic Preempt: voluntary
[    0.054421] rcu: Preemptible hierarchical RCU implementation.
[    0.054422] rcu: 	RCU restricting CPUs from NR_CPUS=8192 to nr_cpu_ids=2.
[    0.054425] 	Trampoline variant of Tasks RCU enabled.
[    0.054425] 	Rude variant of Tasks RCU enabled.
[    0.054426] 	Tracing variant of Tasks RCU enabled.
[    0.054427] rcu: RCU calculated value of scheduler-enlistment delay is 100 jiffies.
[    0.054428] rcu: Adjusting geometry for rcu_fanout_leaf=16, nr_cpu_ids=2
[    0.054437] RCU Tasks: Setting shift to 1 and lim to 1 rcu_task_cb_adjust=1 rcu_task_cpu_ids=2.
[    0.054439] RCU Tasks Rude: Setting shift to 1 and lim to 1 rcu_task_cb_adjust=1 rcu_task_cpu_ids=2.
[    0.054440] RCU Tasks Trace: Setting shift to 1 and lim to 1 rcu_task_cb_adjust=1 rcu_task_cpu_ids=2.
[    0.058178] NR_IRQS: 524544, nr_irqs: 440, preallocated irqs: 16
[    0.058426] rcu: srcu_init: Setting srcu_struct sizes based on contention.
[    0.080060] Console: colour VGA+ 80x25
[    0.080068] printk: legacy console [tty1] enabled
[    0.140208] printk: legacy console [ttyS0] enabled
[    0.355953] ACPI: Core revision 20240827
[    0.357594] APIC: Switch to symmetric I/O mode setup
[    0.359668] x2apic enabled
[    0.361190] APIC: Switched APIC routing to: physical x2apic
[    0.364511] ..TIMER: vector=0x30 apic1=0 pin1=2 apic2=-1 pin2=-1
[    0.366320] tsc: Marking TSC unstable due to TSCs unsynchronized
[    0.368246] Calibrating delay loop (skipped) preset value.. 4792.79 BogoMIPS (lpj=2396398)
[    0.371344] x86/cpu: User Mode Instruction Prevention (UMIP) activated
[    0.373330] Last level iTLB entries: 4KB 512, 2MB 255, 4MB 127
[    0.375245] Last level dTLB entries: 4KB 512, 2MB 255, 4MB 127, 1GB 0
[    0.377251] Spectre V1 : Mitigation: usercopy/swapgs barriers and __user pointer sanitization
[    0.380242] Spectre V2 : Mitigation: Retpolines
[    0.381576] Spectre V2 : Spectre v2 / SpectreRSB: Filling RSB on context switch and VMEXIT
[    0.384244] Spectre V2 : Enabling Speculation Barrier for firmware calls
[    0.386245] RETBleed: Mitigation: untrained return thunk
[    0.388248] Spectre V2 : mitigation: Enabling conditional Indirect Branch Prediction Barrier
[    0.390244] Speculative Store Bypass: Vulnerable
[    0.392244] Speculative Return Stack Overflow: IBPB-extending microcode not applied!
[    0.394244] Speculative Return Stack Overflow: WARNING: See https://kernel.org/doc/html/latest/admin-guide/hw-vuln/srso.html for mitigation options.
[    0.394245] x86/bugs: return thunk changed
[    0.399543] Speculative Return Stack Overflow: Vulnerable: Safe RET, no microcode
[    0.401266] x86/fpu: Supporting XSAVE feature 0x001: 'x87 floating point registers'
[    0.404244] x86/fpu: Supporting XSAVE feature 0x002: 'SSE registers'
[    0.407244] x86/fpu: Supporting XSAVE feature 0x004: 'AVX registers'
[    0.409671] x86/fpu: xstate_offset[2]:  576, xstate_sizes[2]:  256
[    0.411685] x86/fpu: Enabled xstate features 0x7, context size is 832 bytes, using 'compacted' format.
[    0.447596] Freeing SMP alternatives memory: 48K
[    0.449247] pid_max: default: 32768 minimum: 301
[    0.450660] LSM: initializing lsm=lockdown,capability,landlock,yama,apparmor,ima,evm
[    0.459262] landlock: Up and running.
[    0.460586] Yama: becoming mindful.
[    0.462316] AppArmor: AppArmor initialized
[    0.463630] Mount-cache hash table entries: 8192 (order: 4, 65536 bytes, linear)
[    0.466245] Mountpoint-cache hash table entries: 8192 (order: 4, 65536 bytes, linear)
[    0.572342] smpboot: CPU0: AMD EPYC-Rome Processor (family: 0x17, model: 0x31, stepping: 0x0)
[    0.574601] Performance Events: Fam17h+ core perfctr, AMD PMU driver.
[    0.575695] ... version:                0
[    0.577244] ... bit width:              48
[    0.578625] ... generic registers:      6
[    0.580244] ... value mask:             0000ffffffffffff
[    0.581666] ... max period:             00007fffffffffff
[    0.582656] ... fixed-purpose events:   0
[    0.584244] ... event mask:             000000000000003f
[    0.586364] signal: max sigframe size: 1776
[    0.587718] rcu: Hierarchical SRCU implementation.
[    0.588638] rcu: 	Max phase no-delay instances is 400.
[    0.590338] Timer migration: 1 hierarchy levels; 8 children per group; 1 crossnode level
[    0.596976] smp: Bringing up secondary CPUs ...
[    0.597870] smpboot: x86: Booting SMP configuration:
[    0.598669] .... node  #0, CPUs:      #1
[    0.599288] smp: Brought up 1 node, 2 CPUs
[    0.602249] smpboot: Total of 2 processors activated (9585.59 BogoMIPS)
[    0.604564] Memory: 3919052K/4193772K available (21475K kernel code, 4587K rwdata, 15072K rodata, 5140K init, 4412K bss, 267764K reserved, 0K cma-reserved)
[    0.606449] devtmpfs: initialized
[    0.608302] x86/mm: Memory block size: 128MB
[    0.610886] clocksource: jiffies: mask: 0xffffffff max_cycles: 0xffffffff, max_idle_ns: 1911260446275000 ns
[    0.611803] futex hash table entries: 512 (order: 3, 32768 bytes, linear)
[    0.612781] pinctrl core: initialized pinctrl subsystem
[    0.613842] PM: RTC time: 18:52:47, date: 2026-02-23
[    0.615421] NET: Registered PF_NETLINK/PF_ROUTE protocol family
[    0.617434] DMA: preallocated 512 KiB GFP_KERNEL pool for atomic allocations
[    0.618668] DMA: preallocated 512 KiB GFP_KERNEL|GFP_DMA pool for atomic allocations
[    0.620264] DMA: preallocated 512 KiB GFP_KERNEL|GFP_DMA32 pool for atomic allocations
[    0.621901] audit: initializing netlink subsys (disabled)
[    0.622754] audit: type=2000 audit(1771872767.781:1): state=initialized audit_enabled=0 res=1
[    0.623267] thermal_sys: Registered thermal governor 'fair_share'
[    0.625246] thermal_sys: Registered thermal governor 'bang_bang'
[    0.626728] thermal_sys: Registered thermal governor 'step_wise'
[    0.627726] thermal_sys: Registered thermal governor 'user_space'
[    0.628674] thermal_sys: Registered thermal governor 'power_allocator'
[    0.629648] cpuidle: using governor ladder
[    0.632254] cpuidle: using governor menu
[    0.634844] acpiphp: ACPI Hot Plug PCI Controller Driver version: 0.5
[    0.636272] PCI: Using configuration type 1 for base access
[    0.637604] PCI: Using configuration type 1 for extended access
[    0.639250] kprobes: kprobe jump-optimization is enabled. All kprobes are optimized if possible.
[    0.670459] HugeTLB: registered 1.00 GiB page size, pre-allocated 0 pages
[    0.672752] HugeTLB: 16380 KiB vmemmap can be freed for a 1.00 GiB page
[    0.675247] HugeTLB: registered 2.00 MiB page size, pre-allocated 0 pages
[    0.678245] HugeTLB: 28 KiB vmemmap can be freed for a 2.00 MiB page
[    0.681433] ACPI: Added _OSI(Module Device)
[    0.682634] ACPI: Added _OSI(Processor Device)
[    0.684639] ACPI: Added _OSI(Processor Aggregator Device)
[    0.689256] ACPI: 1 ACPI AML tables successfully acquired and loaded
[    0.694325] ACPI: Interpreter enabled
[    0.695630] ACPI: PM: (supports S0 S3 S4 S5)
[    0.697245] ACPI: Using IOAPIC for interrupt routing
[    0.699530] PCI: Using host bridge windows from ACPI; if necessary, use "pci=nocrs" and report a bug
[    0.702245] PCI: Using E820 reservations for host bridge windows
[    0.705545] ACPI: Enabled 2 GPEs in block 00 to 0F
[    0.712781] ACPI: PCI Root Bridge [PCI0] (domain 0000 [bus 00-ff])
[    0.714719] acpi PNP0A03:00: _OSC: OS supports [ExtendedConfig ASPM ClockPM Segments MSI EDR HPX-Type3]
[    0.719008] acpiphp: Slot [3] registered
[    0.720297] acpiphp: Slot [4] registered
[    0.721676] acpiphp: Slot [5] registered
[    0.723293] acpiphp: Slot [6] registered
[    0.724697] acpiphp: Slot [7] registered
[    0.726669] acpiphp: Slot [8] registered
[    0.728264] acpiphp: Slot [9] registered
[    0.729672] acpiphp: Slot [10] registered
[    0.731289] acpiphp: Slot [11] registered
[    0.732678] acpiphp: Slot [12] registered
[    0.734288] acpiphp: Slot [13] registered
[    0.736637] acpiphp: Slot [14] registered
[    0.738290] acpiphp: Slot [15] registered
[    0.739614] acpiphp: Slot [16] registered
[    0.741252] acpiphp: Slot [17] registered
[    0.742664] acpiphp: Slot [18] registered
[    0.744291] acpiphp: Slot [19] registered
[    0.745715] acpiphp: Slot [20] registered
[    0.747673] acpiphp: Slot [21] registered
[    0.749246] acpiphp: Slot [22] registered
[    0.750647] acpiphp: Slot [23] registered
[    0.751279] acpiphp: Slot [24] registered
[    0.753649] acpiphp: Slot [25] registered
[    0.755285] acpiphp: Slot [26] registered
[    0.756675] acpiphp: Slot [27] registered
[    0.758279] acpiphp: Slot [28] registered
[    0.759655] acpiphp: Slot [29] registered
[    0.761279] acpiphp: Slot [30] registered
[    0.762668] acpiphp: Slot [31] registered
[    0.764287] PCI host bridge to bus 0000:00
[    0.766629] pci_bus 0000:00: root bus resource [io  0x0000-0x0cf7 window]
[    0.768708] pci_bus 0000:00: root bus resource [io  0x0d00-0xffff window]
[    0.771245] pci_bus 0000:00: root bus resource [mem 0x000a0000-0x000bffff window]
[    0.773830] pci_bus 0000:00: root bus resource [mem 0xc0000000-0xfebfffff window]
[    0.776245] pci_bus 0000:00: root bus resource [mem 0xc000000000-0xc07fffffff window]
[    0.779246] pci_bus 0000:00: root bus resource [bus 00-ff]
[    0.781601] pci 0000:00:00.0: [8086:1237] type 00 class 0x060000 conventional PCI endpoint
[    0.785561] pci 0000:00:01.0: [8086:7000] type 00 class 0x060100 conventional PCI endpoint
[    0.789431] pci 0000:00:01.1: [8086:7010] type 00 class 0x010180 conventional PCI endpoint
[    0.793973] pci 0000:00:01.1: BAR 4 [io  0xc180-0xc18f]
[    0.796324] pci 0000:00:01.1: BAR 0 [io  0x01f0-0x01f7]: legacy IDE quirk
[    0.798705] pci 0000:00:01.1: BAR 1 [io  0x03f6]: legacy IDE quirk
[    0.800695] pci 0000:00:01.1: BAR 2 [io  0x0170-0x0177]: legacy IDE quirk
[    0.803246] pci 0000:00:01.1: BAR 3 [io  0x0376]: legacy IDE quirk
[    0.806082] pci 0000:00:01.3: [8086:7113] type 00 class 0x068000 conventional PCI endpoint
[    0.809927] pci 0000:00:01.3: quirk: [io  0x0600-0x063f] claimed by PIIX4 ACPI
[    0.812265] pci 0000:00:01.3: quirk: [io  0x0700-0x070f] claimed by PIIX4 SMB
[    0.815600] pci 0000:00:02.0: [1b36:0100] type 00 class 0x030000 conventional PCI endpoint
[    0.823264] pci 0000:00:02.0: BAR 0 [mem 0xf4000000-0xf7ffffff]
[    0.826706] pci 0000:00:02.0: BAR 1 [mem 0xf8000000-0xfbffffff]
[    0.829262] pci 0000:00:02.0: BAR 2 [mem 0xfc090000-0xfc091fff]
[    0.831264] pci 0000:00:02.0: BAR 3 [io  0xc140-0xc15f]
[    0.833296] pci 0000:00:02.0: ROM [mem 0xfc080000-0xfc08ffff pref]
[    0.835351] pci 0000:00:02.0: Video device with shadowed ROM at [mem 0x000c0000-0x000dffff]
[    0.839291] pci 0000:00:03.0: [1af4:1000] type 00 class 0x020000 conventional PCI endpoint
[    0.844263] pci 0000:00:03.0: BAR 0 [io  0xc080-0xc0bf]
[    0.846263] pci 0000:00:03.0: BAR 1 [mem 0xfc092000-0xfc092fff]
[    0.848751] pci 0000:00:03.0: BAR 4 [mem 0xc000000000-0xc000003fff 64bit pref]
[    0.850752] pci 0000:00:03.0: ROM [mem 0xfc000000-0xfc07ffff pref]
[    0.856304] pci 0000:00:04.0: [1af4:1003] type 00 class 0x078000 conventional PCI endpoint
[    0.860259] pci 0000:00:04.0: BAR 0 [io  0xc0c0-0xc0ff]
[    0.861644] pci 0000:00:04.0: BAR 1 [mem 0xfc093000-0xfc093fff]
[    0.863723] pci 0000:00:04.0: BAR 4 [mem 0xc000004000-0xc000007fff 64bit pref]
[    0.869186] pci 0000:00:05.0: [1af4:1001] type 00 class 0x010000 conventional PCI endpoint
[    0.873259] pci 0000:00:05.0: BAR 0 [io  0xc000-0xc07f]
[    0.875262] pci 0000:00:05.0: BAR 1 [mem 0xfc094000-0xfc094fff]
[    0.877774] pci 0000:00:05.0: BAR 4 [mem 0xc000008000-0xc00000bfff 64bit pref]
[    0.883104] pci 0000:00:06.0: [1af4:1002] type 00 class 0x00ff00 conventional PCI endpoint
[    0.887874] pci 0000:00:06.0: BAR 0 [io  0xc100-0xc13f]
[    0.889260] pci 0000:00:06.0: BAR 1 [mem 0xfc095000-0xfc095fff]
[    0.891847] pci 0000:00:06.0: BAR 4 [mem 0xc00000c000-0xc00000ffff 64bit pref]
[    0.898259] pci 0000:00:07.0: [1af4:1005] type 00 class 0x00ff00 conventional PCI endpoint
[    0.902260] pci 0000:00:07.0: BAR 0 [io  0xc160-0xc17f]
[    0.904266] pci 0000:00:07.0: BAR 1 [mem 0xfc096000-0xfc096fff]
[    0.906304] pci 0000:00:07.0: BAR 4 [mem 0xc000010000-0xc000013fff 64bit pref]
[    0.920501] ACPI: PCI: Interrupt link LNKA configured for IRQ 10
[    0.922488] ACPI: PCI: Interrupt link LNKB configured for IRQ 10
[    0.924953] ACPI: PCI: Interrupt link LNKC configured for IRQ 11
[    0.927391] ACPI: PCI: Interrupt link LNKD configured for IRQ 11
[    0.929377] ACPI: PCI: Interrupt link LNKS configured for IRQ 9
[    0.932290] iommu: Default domain type: Translated
[    0.933678] iommu: DMA domain TLB invalidation policy: lazy mode
[    0.936486] SCSI subsystem initialized
[    0.937694] ACPI: bus type USB registered
[    0.939275] usbcore: registered new interface driver usbfs
[    0.948285] usbcore: registered new interface driver hub
[    0.950700] usbcore: registered new device driver usb
[    0.952294] pps_core: LinuxPPS API ver. 1 registered
[    0.953589] pps_core: Software ver. 5.3.6 - Copyright 2005-2007 Rodolfo Giometti <giometti@linux.it>
[    0.957261] PTP clock support registered
[    0.958670] EDAC MC: Ver: 3.0.0
[    0.960544] NetLabel: Initializing
[    0.961564] NetLabel:  domain hash size = 128
[    0.963243] NetLabel:  protocols = UNLABELED CIPSOv4 CALIPSO
[    0.965284] NetLabel:  unlabeled traffic allowed by default
[    0.967360] mctp: management component transport protocol core
[    0.969689] NET: Registered PF_MCTP protocol family
[    0.971285] PCI: Using ACPI for IRQ routing
[    0.973657] pci 0000:00:02.0: vgaarb: setting as boot VGA device
[    0.974241] pci 0000:00:02.0: vgaarb: bridge control possible
[    0.974241] pci 0000:00:02.0: vgaarb: VGA device added: decodes=io+mem,owns=io+mem,locks=none
[    0.981249] vgaarb: loaded
[    0.982398] clocksource: Switched to clocksource kvm-clock
[    0.984327] VFS: Disk quotas dquot_6.6.0
[    0.986654] VFS: Dquot-cache hash table entries: 512 (order 0, 4096 bytes)
[    0.988994] AppArmor: AppArmor Filesystem Enabled
[    0.990633] pnp: PnP ACPI init
[    0.992284] pnp: PnP ACPI: found 5 devices
[    1.000093] clocksource: acpi_pm: mask: 0xffffff max_cycles: 0xffffff, max_idle_ns: 2085701024 ns
[    1.002947] NET: Registered PF_INET protocol family
[    1.005473] IP idents hash table entries: 65536 (order: 7, 524288 bytes, linear)
[    1.026065] tcp_listen_portaddr_hash hash table entries: 2048 (order: 3, 32768 bytes, linear)
[    1.028941] Table-perturb hash table entries: 65536 (order: 6, 262144 bytes, linear)
[    1.031470] TCP established hash table entries: 32768 (order: 6, 262144 bytes, linear)
[    1.034215] TCP bind hash table entries: 32768 (order: 8, 1048576 bytes, linear)
[    1.037346] TCP: Hash tables configured (established 32768 bind 32768)
[    1.039485] MPTCP token hash table entries: 4096 (order: 4, 98304 bytes, linear)
[    1.041930] UDP hash table entries: 2048 (order: 5, 131072 bytes, linear)
[    1.044345] UDP-Lite hash table entries: 2048 (order: 5, 131072 bytes, linear)
[    1.047018] NET: Registered PF_UNIX/PF_LOCAL protocol family
[    1.049019] NET: Registered PF_XDP protocol family
[    1.050837] pci_bus 0000:00: resource 4 [io  0x0000-0x0cf7 window]
[    1.052979] pci_bus 0000:00: resource 5 [io  0x0d00-0xffff window]
[    1.055168] pci_bus 0000:00: resource 6 [mem 0x000a0000-0x000bffff window]
[    1.057275] pci_bus 0000:00: resource 7 [mem 0xc0000000-0xfebfffff window]
[    1.059577] pci_bus 0000:00: resource 8 [mem 0xc000000000-0xc07fffffff window]
[    1.062090] pci 0000:00:01.0: PIIX3: Enabling Passive Release
[    1.063925] pci 0000:00:00.0: Limiting direct PCI/PCI transfers
[    1.066863] PCI: CLS 0 bytes, default 64
[    1.068307] Trying to unpack rootfs image as initramfs...
[    1.069766] PCI-DMA: Using software bounce buffering for IO (SWIOTLB)
[    1.072408] software IO TLB: mapped [mem 0x00000000bbfdd000-0x00000000bffdd000] (64MB)
[    1.103481] Initialise system trusted keyrings
[    1.105215] Key type blacklist registered
[    1.106848] workingset: timestamp_bits=36 max_order=20 bucket_order=0
[    1.109153] zbud: loaded
[    1.110597] squashfs: version 4.0 (2009/01/31) Phillip Lougher
[    1.112862] fuse: init (API version 7.42)
[    1.114595] integrity: Platform Keyring initialized
[    1.116397] integrity: Machine keyring initialized
[    1.131980] Key type asymmetric registered
[    1.133622] Asymmetric key parser 'x509' registered
[    1.135476] Block layer SCSI generic (bsg) driver version 0.4 loaded (major 243)
[    1.138233] io scheduler mq-deadline registered
[    1.141067] ledtrig-cpu: registered to indicate activity on CPUs
[    1.143280] shpchp: Standard Hot Plug PCI Controller Driver version: 0.4
[    1.145866] input: Power Button as /devices/LNXSYSTM:00/LNXPWRBN:00/input/input0
[    1.148631] ACPI: button: Power Button [PWRF]
[    1.152717] ACPI: \_SB_.LNKC: Enabled at IRQ 11
[    1.159159] ACPI: \_SB_.LNKD: Enabled at IRQ 10
[    1.164715] ACPI: \_SB_.LNKA: Enabled at IRQ 10
[    1.169992] ACPI: \_SB_.LNKB: Enabled at IRQ 11
[    1.179349] Serial: 8250/16550 driver, 32 ports, IRQ sharing enabled
[    1.208641] 00:00: ttyS0 at I/O 0x3f8 (irq = 4, base_baud = 115200) is a 16550A
[    1.216929] Freeing initrd memory: 74928K
[    1.234481] Linux agpgart interface v0.103
[    1.237484] loop: module loaded
[    1.238895] virtio_blk virtio2: 2/0/0 default/read/poll queues
[    1.242022] virtio_blk virtio2: [vda] 104857600 512-byte logical blocks (53.7 GB/50.0 GiB)
[    1.246970]  vda: vda1 vda14 vda15 vda16
[    1.249723] scsi host0: ata_piix
[    1.251093] scsi host1: ata_piix
[    1.252260] ata1: PATA max MWDMA2 cmd 0x1f0 ctl 0x3f6 bmdma 0xc180 irq 14 lpm-pol 0
[    1.254659] ata2: PATA max MWDMA2 cmd 0x170 ctl 0x376 bmdma 0xc188 irq 15 lpm-pol 0
[    1.257080] ACPI: bus type drm_connector registered
[    1.259179] tun: Universal TUN/TAP device driver, 1.6
[    1.263933] PPP generic driver version 2.4.2
[    1.265526] i8042: PNP: PS/2 Controller [PNP0303:KBD,PNP0f13:MOU] at 0x60,0x64 irq 1,12
[    1.269010] serio: i8042 KBD port at 0x60,0x64 irq 1
[    1.270595] serio: i8042 AUX port at 0x60,0x64 irq 12
[    1.272380] mousedev: PS/2 mouse device common for all mice
[    1.274339] rtc_cmos 00:04: RTC can wake from S4
[    1.277346] input: AT Translated Set 2 keyboard as /devices/platform/i8042/serio0/input/input1
[    1.280173] rtc_cmos 00:04: registered as rtc0
[    1.281886] rtc_cmos 00:04: setting system clock to 2026-02-23T18:52:47 UTC (1771872767)
[    1.284484] rtc_cmos 00:04: alarms up to one day, y3k, 242 bytes nvram
[    1.286539] i2c_dev: i2c /dev entries driver
[    1.288039] device-mapper: core: CONFIG_IMA_DISABLE_HTABLE is disabled. Duplicate IMA measurements will not be recorded in the IMA log.
[    1.291657] device-mapper: uevent: version 1.0.3
[    1.293330] device-mapper: ioctl: 4.49.0-ioctl (2025-01-17) initialised: dm-devel@lists.linux.dev
[    1.296106] amd_pstate: the _CPC object is not present in SBIOS or ACPI disabled
[    1.298664] drop_monitor: Initializing network drop monitor service
[    1.300943] NET: Registered PF_INET6 protocol family
[    1.310516] Segment Routing with IPv6
[    1.311917] In-situ OAM (IOAM) with IPv6
[    1.313481] NET: Registered PF_PACKET protocol family
[    1.315225] Key type dns_resolver registered
[    1.317009] IPI shorthand broadcast: enabled
[    1.321085] sched_clock: Marking stable (1019008769, 301807330)->(1350731380, -29915281)
[    1.323911] registered taskstats version 1
[    1.326067] Loading compiled-in X.509 certificates
[    1.328218] Loaded X.509 cert 'Build time autogenerated kernel key: b878835a90265075bf75bb69cfcef4210fdf14ae'
[    1.331759] Loaded X.509 cert 'Canonical Ltd. Live Patch Signing 2025 Kmod: d541cef61dc7e793b7eb7e899970a2eef0b5dc8c'
[    1.335945] Loaded X.509 cert 'Canonical Ltd. Live Patch Signing: 14df34d1a87cf37625abec039ef2bf521249b969'
[    1.339253] Loaded X.509 cert 'Canonical Ltd. Kernel Module Signing: 88f752e560a1e0737e31163a466ad7b70a850c19'
[    1.342236] blacklist: Loading compiled-in revocation X.509 certificates
[    1.344293] Loaded X.509 cert 'Canonical Ltd. Secure Boot Signing: 61482aa2830d0ab2ad5af10b7250da9033ddcef0'
[    1.347300] Loaded X.509 cert 'Canonical Ltd. Secure Boot Signing (2017): 242ade75ac4a15e50d50c84b0d45ff3eae707a03'
[    1.350599] Loaded X.509 cert 'Canonical Ltd. Secure Boot Signing (ESM 2018): 365188c1d374d6b07c3c8f240f8ef722433d6a8b'
[    1.353886] Loaded X.509 cert 'Canonical Ltd. Secure Boot Signing (2019): c0746fd6c5da3ae827864651ad66ae47fe24b3e8'
[    1.357055] Loaded X.509 cert 'Canonical Ltd. Secure Boot Signing (2021 v1): a8d54bbb3825cfb94fa13c9f8a594a195c107b8d'
[    1.360583] Loaded X.509 cert 'Canonical Ltd. Secure Boot Signing (2021 v2): 4cf046892d6fd3c9a5b03f98d845f90851dc6a8c'
[    1.364252] Loaded X.509 cert 'Canonical Ltd. Secure Boot Signing (2021 v3): 100437bb6de6e469b581e61cd66bce3ef4ed53af'
[    1.368404] Loaded X.509 cert 'Canonical Ltd. Secure Boot Signing (Ubuntu Core 2019): c1d57b8f6b743f23ee41f4f7ee292f06eecadfb9'
[    1.377293] Demotion targets for Node 0: null
[    1.379056] Key type .fscrypt registered
[    1.380394] Key type fscrypt-provisioning registered
[    1.389450] cryptd: max_cpu_qlen set to 1000
[    1.417149] ata1: found unknown device (class 0)
[    1.419961] ata1.00: ATAPI: QEMU DVD-ROM, 2.5+, max UDMA/100
[    1.423674] scsi 0:0:0:0: CD-ROM            QEMU     QEMU DVD-ROM     2.5+ PQ: 0 ANSI: 5
[    1.436076] sr 0:0:0:0: [sr0] scsi3-mmc drive: 4x/4x cd/rw xa/form2 tray
[    1.438335] cdrom: Uniform CD-ROM driver Revision: 3.20
[    1.450461] sr 0:0:0:0: Attached scsi generic sg0 type 5
[    1.455030] AES CTR mode by8 optimization enabled
[    1.474137] Key type encrypted registered
[    1.475746] AppArmor: AppArmor sha256 policy hashing enabled
[    1.477661] ima: No TPM chip found, activating TPM-bypass!
[    1.479446] Loading compiled-in module X.509 certificates
[    1.481618] Loaded X.509 cert 'Build time autogenerated kernel key: b878835a90265075bf75bb69cfcef4210fdf14ae'
[    1.485457] ima: Allocated hash algorithm: sha256
[    1.487206] ima: No architecture policies found
[    1.488962] evm: Initialising EVM extended attributes:
[    1.490830] evm: security.selinux
[    1.492142] evm: security.SMACK64
[    1.493452] evm: security.SMACK64EXEC
[    1.504196] evm: security.SMACK64TRANSMUTE
[    1.505952] evm: security.SMACK64MMAP
[    1.507443] evm: security.apparmor
[    1.508865] evm: security.ima
[    1.510175] evm: security.capability
[    1.511617] evm: HMAC attrs: 0x1
[    1.513389] PM:   Magic number: 14:951:898
[    1.519678] RAS: Correctable Errors collector initialized.
[    1.537269] clk: Disabling unused clocks
[    1.538832] PM: genpd: Disabling unused power domains
[    1.543640] Freeing unused decrypted memory: 2028K
[    1.547010] Freeing unused kernel image (initmem) memory: 5140K
[    1.548692] Write protecting the kernel read-only data: 38912k
[    1.551179] Freeing unused kernel image (text/rodata gap) memory: 1052K
[    1.553442] Freeing unused kernel image (rodata/data gap) memory: 1312K
[    1.615611] x86/mm: Checked W+X mappings: passed, no W+X pages found.
[    1.617516] Run /init as init process
Loading, please wait...
Starting systemd-udevd version 255.4-1ubuntu8.11
[    1.777768] virtio_net virtio0 ens3: renamed from eth0
[    1.799163] input: VirtualPS/2 VMware VMMouse as /devices/platform/i8042/serio1/input/input4
[    1.802121] FDC 0 is a S82078B
[    1.808696] input: VirtualPS/2 VMware VMMouse as /devices/platform/i8042/serio1/input/input3
Begin: Loading essential drivers ... [    3.002825] raid6: avx2x4   gen() 45669 MB/s
[    3.020817] raid6: avx2x2   gen() 48590 MB/s
[    3.038819] raid6: avx2x1   gen() 38652 MB/s
[    3.039955] raid6: using algorithm avx2x2 gen() 48590 MB/s
[    3.057823] raid6: .... xor() 30603 MB/s, rmw enabled
[    3.059326] raid6: using avx2x2 recovery algorithm
[    3.062035] xor: automatically using best checksumming function   avx       
[    3.064996] async_tx: api initialized (async)
done.
Begin: Running /scripts/init-premount ... done.
Begin: Mounting root file system ... Begin: Running /scripts/local-top ... done.
Begin: Running /scripts/local-premount ... [    3.262247] Btrfs loaded, zoned=yes, fsverity=yes
Scanning for Btrfs filesystems
done.
Begin: Will now check root file system ... fsck from util-linux 2.39.3
[/usr/sbin/fsck.ext4 (1) -- /dev/vda1] fsck.ext4 -a -C0 /dev/vda1 
cloudimg-rootfs: clean, 189172/6422528 files, 2017007/12844795 blocks
done.
[    3.341980] EXT4-fs (vda1): mounted filesystem 0905329d-4022-4692-bb5d-b614c117dd8c ro with ordered data mode. Quota mode: none.
done.
Begin: Running /scripts/local-bottom ... done.
Begin: Running /scripts/init-bottom ... done.
[    3.531302] systemd[1]: Inserted module 'autofs4'
[    3.558401] systemd[1]: systemd 255.4-1ubuntu8.11 running in system mode (+PAM +AUDIT +SELINUX +APPARMOR +IMA +SMACK +SECCOMP +GCRYPT -GNUTLS +OPENSSL +ACL +BLKID +CURL +ELFUTILS +FIDO2 +IDN2 -IDN +IPTC +KMOD +LIBCRYPTSETUP +LIBFDISK +PCRE2 -PWQUALITY +P11KIT +QRENCODE +TPM2 +BZIP2 +LZ4 +XZ +ZLIB +ZSTD -BPF_FRAMEWORK -XKBCOMMON +UTMP +SYSVINIT default-hierarchy=unified)
[    3.565546] systemd[1]: Detected virtualization kvm.
[    3.566845] systemd[1]: Detected architecture x86-64.

Welcome to [1mUbuntu 24.04.3 LTS[0m!

[    3.572509] systemd[1]: Hostname set to <github-runner>.
[    3.806882] systemd[1]: Queued start job for default target graphical.target.
[    3.821646] systemd[1]: Created slice system-modprobe.slice - Slice /system/modprobe.
[[0;32m  OK  [0m] Created slice [0;1;39msystem-modprobe.slice[0m - Slice /system/modprobe.
[    3.827137] systemd[1]: Created slice system-serial\x2dgetty.slice - Slice /system/serial-getty.
[[0;32m  OK  [0m] Created slice [0;1;39msystem-serial\x2dget���slice[0m - Slice /system/serial-getty.
[    3.832078] systemd[1]: Created slice system-systemd\x2dfsck.slice - Slice /system/systemd-fsck.
[[0;32m  OK  [0m] Created slice [0;1;39msystem-systemd\x2dfs���slice[0m - Slice /system/systemd-fsck.
[    3.836638] systemd[1]: Created slice user.slice - User and Session Slice.
[[0;32m  OK  [0m] Created slice [0;1;39muser.slice[0m - User and Session Slice.
[    3.840235] systemd[1]: Started systemd-ask-password-wall.path - Forward Password Requests to Wall Directory Watch.
[[0;32m  OK  [0m] Started [0;1;39msystemd-ask-password-wall.���[0md Requests to Wall Directory Watch.
[    3.845225] systemd[1]: Set up automount proc-sys-fs-binfmt_misc.automount - Arbitrary Executable File Formats File System Automount Point.
[[0;32m  OK  [0m] Set up automount [0;1;39mproc-sys-fs-binfm���[0mormats File System Automount Point.
[    3.850208] systemd[1]: Expecting device dev-disk-by\x2dlabel-BOOT.device - /dev/disk/by-label/BOOT...
         Expecting device [0;1;39mdev-disk-by\x2dla���device[0m - /dev/disk/by-label/BOOT...
[    3.854255] systemd[1]: Expecting device dev-disk-by\x2dlabel-UEFI.device - /dev/disk/by-label/UEFI...
         Expecting device [0;1;39mdev-disk-by\x2dla���device[0m - /dev/disk/by-label/UEFI...
[    3.858992] systemd[1]: Expecting device dev-ttyS0.device - /dev/ttyS0...
         Expecting device [0;1;39mdev-ttyS0.device[0m - /dev/ttyS0...
[    3.862019] systemd[1]: Reached target integritysetup.target - Local Integrity Protected Volumes.
[[0;32m  OK  [0m] Reached target [0;1;39mintegritysetup.targ���[0m Local Integrity Protected Volumes.
[    3.866209] systemd[1]: Reached target slices.target - Slice Units.
[[0;32m  OK  [0m] Reached target [0;1;39mslices.target[0m - Slice Units.
[    3.869177] systemd[1]: Reached target snapd.mounts-pre.target - Mounting snaps.
[[0;32m  OK  [0m] Reached target [0;1;39msnapd.mounts-pre.target[0m - Mounting snaps.
[    3.872713] systemd[1]: Reached target swap.target - Swaps.
[[0;32m  OK  [0m] Reached target [0;1;39mswap.target[0m - Swaps.
[    3.875441] systemd[1]: Reached target veritysetup.target - Local Verity Protected Volumes.
[[0;32m  OK  [0m] Reached target [0;1;39mveritysetup.target[0m - Local Verity Protected Volumes.
[    3.879427] systemd[1]: Listening on dm-event.socket - Device-mapper event daemon FIFOs.
[[0;32m  OK  [0m] Listening on [0;1;39mdm-event.socket[0m - Device-mapper event daemon FIFOs.
[    3.883469] systemd[1]: Listening on lvm2-lvmpolld.socket - LVM2 poll daemon socket.
[[0;32m  OK  [0m] Listening on [0;1;39mlvm2-lvmpolld.socket[0m - LVM2 poll daemon socket.
[    3.888113] systemd[1]: Listening on multipathd.socket - multipathd control socket.
[[0;32m  OK  [0m] Listening on [0;1;39mmultipathd.socket[0m - multipathd control socket.
[    3.892121] systemd[1]: Listening on syslog.socket - Syslog Socket.
[[0;32m  OK  [0m] Listening on [0;1;39msyslog.socket[0m - Syslog Socket.
[    3.895558] systemd[1]: Listening on systemd-fsckd.socket - fsck to fsckd communication Socket.
[[0;32m  OK  [0m] Listening on [0;1;39msystemd-fsckd.socket[0m ���fsck to fsckd communication Socket.
[    3.899703] systemd[1]: Listening on systemd-initctl.socket - initctl Compatibility Named Pipe.
[[0;32m  OK  [0m] Listening on [0;1;39msystemd-initctl.socke���[0m- initctl Compatibility Named Pipe.
[    3.903951] systemd[1]: Listening on systemd-journald-dev-log.socket - Journal Socket (/dev/log).
[[0;32m  OK  [0m] Listening on [0;1;39msystemd-journald-dev-���socket[0m - Journal Socket (/dev/log).
[    3.908238] systemd[1]: Listening on systemd-journald.socket - Journal Socket.
[[0;32m  OK  [0m] Listening on [0;1;39msystemd-journald.socket[0m - Journal Socket.
[    3.912052] systemd[1]: Listening on systemd-networkd.socket - Network Service Netlink Socket.
[[0;32m  OK  [0m] Listening on [0;1;39msystemd-networkd.socket[0m - Network Service Netlink Socket.
[    3.917264] systemd[1]: systemd-pcrextend.socket - TPM2 PCR Extension (Varlink) was skipped because of an unmet condition check (ConditionSecurity=measured-uki).
[    3.921590] systemd[1]: Listening on systemd-udevd-control.socket - udev Control Socket.
[[0;32m  OK  [0m] Listening on [0;1;39msystemd-udevd-control.socket[0m - udev Control Socket.
[    3.926069] systemd[1]: Listening on systemd-udevd-kernel.socket - udev Kernel Socket.
[[0;32m  OK  [0m] Listening on [0;1;39msystemd-udevd-kernel.socket[0m - udev Kernel Socket.
[    3.937945] systemd[1]: Mounting dev-hugepages.mount - Huge Pages File System...
         Mounting [0;1;39mdev-hugepages.mount[0m - Huge Pages File System...
[    3.943153] systemd[1]: Mounting dev-mqueue.mount - POSIX Message Queue File System...
         Mounting [0;1;39mdev-mqueue.mount[0m - POSIX Message Queue File System...
[    3.948933] systemd[1]: Mounting sys-kernel-debug.mount - Kernel Debug File System...
         Mounting [0;1;39msys-kernel-debug.mount[0m - Kernel Debug File System...
[    3.954915] systemd[1]: Mounting sys-kernel-tracing.mount - Kernel Trace File System...
         Mounting [0;1;39msys-kernel-tracing.mount[0m - Kernel Trace File System...
[    3.961296] systemd[1]: Starting systemd-journald.service - Journal Service...
         Starting [0;1;39msystemd-journald.service[0m - Journal Service...
[    3.966973] systemd[1]: Starting keyboard-setup.service - Set the console keyboard layout...
         Starting [0;1;39mkeyboard-setup.service[0m - Set the console keyboard layout...
[    3.981445] systemd[1]: Starting kmod-static-nodes.service - Create List of Static Device Nodes...
[    3.981964] systemd-journald[311]: Collecting audit messages is disabled.
         Starting [0;1;39mkmod-static-nodes.service[0m���eate List of Static Device Nodes...
[    3.990934] systemd[1]: Starting lvm2-monitor.service - Monitoring of LVM2 mirrors, snapshots etc. using dmeventd or progress polling...
         Starting [0;1;39mlvm2-monitor.service[0m - Mo���ing dmeventd or progress polling...
[    4.004972] systemd[1]: Starting modprobe@configfs.service - Load Kernel Module configfs...
         Starting [0;1;39mmodprobe@configfs.service[0m - Load Kernel Module configfs...
[    4.018039] systemd[1]: Starting modprobe@dm_mod.service - Load Kernel Module dm_mod...
         Starting [0;1;39mmodprobe@dm_mod.service[0m - Load Kernel Module dm_mod...
[    4.026213] systemd[1]: Starting modprobe@drm.service - Load Kernel Module drm...
         Starting [0;1;39mmodprobe@drm.service[0m - Load Kernel Module drm...
[    4.037021] systemd[1]: Starting modprobe@efi_pstore.service - Load Kernel Module efi_pstore...
         Starting [0;1;39mmodprobe@efi_pstore.servi���[0m - Load Kernel Module efi_pstore...
[    4.042562] systemd[1]: Starting modprobe@fuse.service - Load Kernel Module fuse...
         Starting [0;1;39mmodprobe@fuse.service[0m - Load Kernel Module fuse...
[    4.053944] systemd[1]: Starting modprobe@loop.service - Load Kernel Module loop...
         Starting [0;1;39mmodprobe@loop.service[0m - Load Kernel Module loop...
[    4.063137] systemd[1]: netplan-ovs-cleanup.service - OpenVSwitch configuration for cleanup was skipped because of an unmet condition check (ConditionFileIsExecutable=/usr/bin/ovs-vsctl).
[    4.069223] systemd[1]: systemd-fsck-root.service - File System Check on Root Device was skipped because of an unmet condition check (ConditionPathExists=!/run/initramfs/fsck-root).
[    4.077681] systemd[1]: Starting systemd-modules-load.service - Load Kernel Modules...
         Starting [0;1;39msystemd-modules-load.service[0m - Load Kernel Modules...
[    4.082545] systemd[1]: systemd-pcrmachine.service - TPM2 PCR Machine ID Measurement was skipped because of an unmet condition check (ConditionSecurity=measured-uki).
[    4.087755] systemd[1]: Starting systemd-remount-fs.service - Remount Root and Kernel File Systems...
         Starting [0;1;39msystemd-remount-fs.servic���[0munt Root and Kernel File Systems...
[    4.092302] systemd[1]: systemd-tpm2-setup-early.service - TPM2 SRK Setup (Early) was skipped because of an unmet condition check (ConditionSecurity=measured-uki).
[    4.098976] systemd[1]: Starting systemd-udev-trigger.service - Coldplug All udev Devices...
         Starting [0;1;39msystemd-udev-trigger.service[0m - Coldplug All udev Devices...
[    4.109454] systemd[1]: Started systemd-journald.service - Journal Service.
[[0;32m  OK  [0m] Started [0;1;39msystemd-journald.service[0m - Journal Service.
[[0;32m  OK  [0m] Mounted [0;1;39mdev-hugepages.mount[0m - Huge Pages File System.
[[0;32m  OK  [0m] Mounted [0;1;39mdev-mqueue.mount[0m - POSIX Message Queue File System.
[[0;32m  OK  [0m] Mounted [0;1;39msys-kernel-debug.mount[0m - Kernel Debug File System.
[[0;32m  OK  [0m] Mounted [0;1;39msys-kernel-tracing.mount[0m - Kernel Trace File System.
[[0;32m  OK  [0m] Finished [0;1;39mkeyboard-setup.service[0m - Set the console keyboard layout.
[[0;32m  OK  [0m] Finished [0;1;39mkmod-static-nodes.service[0m���Create List of Static Device Nodes.
[    4.129254] EXT4-fs (vda1): re-mounted 0905329d-4022-4692-bb5d-b614c117dd8c r/w.
[[0;32m  OK  [0m] Finished [0;1;39mlvm2-monitor.service[0m - Mo���using dmeventd or progress polling.
[[0;32m  OK  [0m] Finished [0;1;39mmodprobe@configfs.service[0m - Load Kernel Module configfs.
[[0;32m  OK  [0m] Finished [0;1;39mmodprobe@dm_mod.service[0m - Load Kernel Module dm_mod.
[[0;32m  OK  [0m] Finished [0;1;39mmodprobe@drm.service[0m - Load Kernel Module drm.
[[0;32m  OK  [0m] Finished [0;1;39mmodprobe@efi_pstore.service[0m - Load Kernel Module efi_pstore.
[[0;32m  OK  [0m] Finished [0;1;39mmodprobe@fuse.service[0m - Load Kernel Module fuse.
[[0;32m  OK  [0m] Finished [0;1;39mmodprobe@loop.service[0m - Load Kernel Module loop.
[[0;32m  OK  [0m] Finished [0;1;39msystemd-modules-load.service[0m - Load Kernel Modules.
[[0;32m  OK  [0m] Finished [0;1;39msystemd-remount-fs.servic���[0mmount Root and Kernel File Systems.
         Mounting [0;1;39msys-fs-fuse-connections.mount[0m - FUSE Control File System...
         Mounting [0;1;39msys-kernel-config.mount[0m - Kernel Configuration File System...
         Starting [0;1;39mmultipathd.service[0m - Devi���pper Multipath Device Controller...
         Starting [0;1;39msystemd-journal-flush.ser���[0msh Journal to Persistent Storage...
         Starting [0;1;39msystemd-random-seed.s[    4.211024] systemd-journald[311]: Received client request to flush runtime journal.
ervice[0m - Load/Save OS Random Seed...
         Starting [0;1;39msystemd-sysctl.service[0m - Apply Kernel Variables...
         Starting [0;1;39msystemd-tmpfiles-setup-de���[0m Device Nodes in /dev gracefully...
[[0;32m  OK  [[    4.236521] systemd-journald[311]: /var/log/journal/374808eecd1049958adf901b11d677df/system.journal: Journal file uses a different sequence number ID, rotating.
0m] Mounted [0;1;39msys-fs-fuse-connections.mount[0m - FUSE Control File System.
[[0;32m  OK  [0m] Mounted [0;1;39msys-kernel-config.mount[0m - Kernel Config[    4.242791] systemd-journald[311]: Rotating system journal.
uration File System.
[[0;32m  OK  [0m] Finished [0;1;39msystemd-random-seed.service[0m - Load/Save OS Random Seed.
[[0;32m  OK  [0m] Finished [0;1;39msystemd-sysctl.service[0m - Apply Kernel Variables.
[[0;32m  OK  [0m] Finished [0;1;39msystemd-tmpfiles-setup-de���[0mic Device Nodes in /dev gracefully.
         Starting [0;1;39msystemd-tmpfiles-setup-de���[0meate Static Device Nodes in /dev...
[[0;32m  OK  [0m] Finished [0;1;39msystemd-udev-trigger.service[0m - Coldplug All udev Devices.
[[0;32m  OK  [0m] Finished [0;1;39msystemd-tmpfiles-setup-de���[0mCreate Static Device Nodes in /dev.
         Starting [0;1;39msystemd-udevd.service[0m - R���ager for Device Events and Files...
[[0;32m  OK  [0m] Started [0;1;39mmultipathd.service[0m - Devic���Mapper Multipath Device Controller.
[[0;32m  OK  [0m] Reached target [0;1;39mlocal-fs-pre.target[0m���Preparation for Local File Systems.
         Mounting [0;1;39msnap-aproxy-70.mount[0m - Mount unit for aproxy, revision 70...
         Mounting [0;1;39msnap-core22-2163.mount[0m - ���t unit for core22, revision 2163...
         Mounting [0;1;39msnap-snapd-25577.mount[0m - ���t unit for snapd, revision 25577...
[[0;32m  OK  [0m] Mounted [0;1;39msnap-aproxy-70.mount[0m - Mount unit for aproxy, revision 70.
[[0;32m  OK  [0m] Mounted [0;1;39msnap-core22-2163.mount[0m - Mount unit for core22, revision 2163.
[[0;32m  OK  [0m] Mounted [0;1;39msnap-snapd-25577.mount[0m - Mount unit for snapd, revision 25577.
[[0;32m  OK  [0m] Reached target [0;1;39msnapd.mounts.target[0m - Mounted snaps.
[[0;32m  OK  [0m] Started [0;1;39msystemd-udevd.service[0m - Ru���anager for Device Events and Files.
[[0;32m  OK  [0m] Started [0;1;39msystemd-ask-password-conso���[0mequests to Console Directory Watch.
[[0;32m  OK  [0m] Reached target [0;1;39mcryptsetup.target[0m - Local Encrypted Volumes.
[[0;32m  OK  [0m] Found device [0;1;39mdev-ttyS0.device[0m - /dev/ttyS0.
[[0;32m  OK  [0m] Found device [0;1;39mdev-disk-by\x2dlabel-���I.device[0m - /dev/disk/by-label/UEFI.
         Starting [0;1;39msystemd-fsck@dev-disk-by\���[0mCheck on /dev/disk/by-label/UEFI...
[[0;32m  OK  [0m] Started [0;1;39msystemd-fsckd.service[0m - Fi���stem Check Daemon to report status.
[[0;32m  OK  [0m] Finished [0;1;39msystemd-journal-flush.ser���[0mlush Journal to Persistent Storage.
[[0;32m  OK  [0m] Found device [0;1;39mdev-disk-by\x2dlabel-���T.device[0m - /dev/disk/by-label/BOOT.
         Starting [0;1;39msystemd-fsck@dev-disk-by\���[0mCheck on /dev/disk/by-label/BOOT...
[[0;32m  OK  [0m] Finished [0;1;39msystemd-fsck@dev-disk-by\���[0mm Check on /dev/disk/by-label/UEFI.
[[0;32m  OK  [0m] Finished [0;1;39msystemd-fsck@dev-disk-by\���[0mm Check on /dev/disk/by-label/BOOT.
         Mounting [0;1;39mboot.mount[0m - /boot...
[[0;32m  OK  [0m] Mounted [0;1;39mboot.mount[0m - /boot.
[[0;32m  OK  [0m] Listening on [0;1;39msystemd-rfkill.socket[0m���ll Switch Status /dev/rfkill Watch.
         Mounting [0;1;39mboot-efi.mount[0m - /boot/efi...
[[0;32m  OK  [0m] Mounted [0;1;39mboot-efi.mount[0m - /boot/efi.
[[0;32m  OK  [0m] Reached target [0;1;39mlocal-fs.target[0m - Local File Systems.
[[0;32m  OK  [0m] Listening on [0;1;39msystemd-sysext.socket[0m���tension Image Management (Varlink).
         Starting [0;1;39mapparmor.service[0m - Load AppArmor profiles...
         Starting [0;1;39mconsole-setup.service[0m - Set console font and keymap...
         Starting [0;1;39mfinalrd.service[0m - Create ���time dir for shutdown pivot root...
         Starting [0;1;39mplymouth-read-write.servi���[0mymouth To Write Out Runtime Data...
         Starting [0;1;39msystemd-binfmt.service[0m - Set Up Additional Binary Formats...
         Starting [0;1;39msystemd-tmpfiles-setup.se���[0me Volatile Files and Directories...
         Starting [0;1;39mufw.service[0m - Uncomplicated firewall...
[[0;32m  OK  [0m] Finished [0;1;39mfinalrd.service[0m - Create ���untime dir for shutdown pivot root.
[[0;32m  OK  [0m] Finished [0;1;39mconsole-setup.service[0m - Set console font and keymap.
[[0;32m  OK  [0m] Finished [0;1;39mplymouth-read-write.servi���[0mPlymouth To Write Out Runtime Data.
[[0;32m  OK  [0m] Finished [0;1;39mufw.service[0m - Uncomplicated firewall.
         Mounting [0;1;39mproc-sys-fs-binfmt_misc.m���[0mcutable File Formats File System...
[[0;32m  OK  [0m] Mounted [0;1;39mproc-sys-fs-binfmt_misc.mo���[0mxecutable File Formats File System.
[[0;32m  OK  [0m] Finished [0;1;39msystemd-binfmt.service[0m - Set Up Additional Binary Formats.
[[0;32m  OK  [0m] Finished [0;1;39msystemd-tmpfiles-setup.se���[0mate Volatile Files and Directories.
         Starting [0;1;39msystemd-resolved.service[0m - Network Name Resolution...
         Starting [0;1;39msystemd-timesyncd.service[0m - Network Time Synchronization...
         Starting [0;1;39msystemd-update-utmp.servi���[0mord System Boot/Shutdown in UTMP...
[[0;32m  OK  [0m] Finished [0;1;39msystemd-update-utmp.servi���[0mecord System Boot/Shutdown in UTMP.
[[0;32m  OK  [0m] Started [0;1;39msystemd-timesyncd.service[0m - Network Time Synchronization.
[[0;32m  OK  [0m] Reached target [0;1;39mtime-set.target[0m - System Time Set.
[[0;32m  OK  [0m] Started [0;1;39msystemd-resolved.service[0m - Network Name Resolution.
[[0;32m  OK  [0m] Reached target [0;1;39mnss-lookup.target[0m - Host and Network Name Lookups.
[[0;32m  OK  [0m] Finished [0;1;39mapparmor.service[0m - Load AppArmor profiles.
         Starting [0;1;39msnapd.apparmor.service[0m - ���iles managed internally by snapd...
         Starting [0;1;39mcloud-init-local.service[0m ���-init: Local Stage (pre-network)...
[[0;32m  OK  [0m] Finished [0;1;39msnapd.apparmor.service[0m - ���ofiles managed internally by snapd.
[    6.039370] cloud-init[640]: Cloud-init v. 25.2-0ubuntu1~24.04.1 running 'init-local' at Mon, 23 Feb 2026 18:52:52 +0000. Up 6.02 seconds.
[[0;32m  OK  [0m] Finished [0;1;39mcloud-init-local.service[0m ���ud-init: Local Stage (pre-network).
[[0;32m  OK  [0m] Reached target [0;1;39mnetwork-pre.target[0m - Preparation for Network.
         Starting [0;1;39msystemd-networkd.service[0m - Network Configuration...
[[0;32m  OK  [0m] Started [0;1;39msystemd-networkd.service[0m - Network Configuration.
[[0;32m  OK  [0m] Reached target [0;1;39mnetwork.target[0m - Network.
         Starting [0;1;39msystemd-networkd-wait-onl���[0mait for Network to be Configured...
[[0;32m  OK  [0m] Finished [0;1;39msystemd-networkd-wait-onl���[0m Wait for Network to be Configured.
         Starting [0;1;39mcloud-init.service[0m - Cloud-init: Network Stage...
[    8.453509] cloud-init[714]: Cloud-init v. 25.2-0ubuntu1~24.04.1 running 'init' at Mon, 23 Feb 2026 18:52:54 +0000. Up 8.44 seconds.
[    8.462066] cloud-init[714]: ci-info: +++++++++++++++++++++++++++++++++++++++Net device info+++++++++++++++++++++++++++++++++++++++
[    8.464610] cloud-init[714]: ci-info: +--------+------+------------------------------+---------------+--------+-------------------+
[    8.467154] cloud-init[714]: ci-info: | Device |  Up  |           Address            |      Mask     | Scope  |     Hw-Address    |
[    8.469707] cloud-init[714]: ci-info: +--------+------+------------------------------+---------------+--------+-------------------+
[    8.472305] cloud-init[714]: ci-info: |  ens3  | True |        10.151.122.165        | 255.255.255.0 | global | fa:16:3e:9a:53:76 |
[    8.475130] cloud-init[714]: ci-info: |  ens3  | True | fe80::f816:3eff:fe9a:5376/64 |       .       |  link  | fa:16:3e:9a:53:76 |
