06:18:34 WARNING unexpected facade SSHServer received from the controller
06:18:34 INFO Adding model github-pr-279b3-lxd:test-debug-ssh-4ujl on cloud localhost
06:18:35 WARNING unexpected facade SSHServer received from the controller
06:18:35 WARNING unexpected facade SSHSession received from the controller
06:18:35 WARNING unexpected facade SSHTunneler received from the controller
06:18:35 INFO Deploying fake image builder via any-charm for image ID 1ad6e456-fa35-47ef-988f-1e793a60f258
06:18:36 INFO Deploying ch:amd64/noble/any-charm-124
06:18:50 INFO Deploying local:jammy/github-runner-0
06:18:50 INFO Waiting for model:
  test-mnw9pxyl/0 [allocating] waiting: waiting for machine
  github-runner-image-builder-mnw9pxyl/0 [allocating] waiting: waiting for machine
06:19:20 INFO Waiting for model:
  test-mnw9pxyl/0 [allocating] waiting: waiting for machine
  github-runner-image-builder-mnw9pxyl/0 [executing] maintenance: installing charm software
06:19:50 INFO Waiting for model:
  test-mnw9pxyl/0 [allocating] waiting: waiting for machine
06:20:20 INFO Waiting for model:
  test-mnw9pxyl/0 [allocating] waiting: agent initialising
06:20:51 INFO Waiting for model:
  test-mnw9pxyl/0 [executing] maintenance: installing charm software
06:21:21 INFO Waiting for model:
  test-mnw9pxyl/0 [executing] maintenance: installing charm software
06:21:52 INFO Waiting for model:
  test-mnw9pxyl/0 [executing] maintenance: Update image for runners
  github-runner-image-builder-mnw9pxyl/0 [idle] active: 
06:22:22 INFO Waiting for model:
  test-mnw9pxyl/0 [idle] active: 
06:22:31 INFO Deploying ch:amd64/noble/tmate-ssh-server-22
06:22:32 WARNING relate is deprecated and will be removed. Use integrate instead.
06:22:32 INFO Waiting for model:
  tmate-ssh-server/0 [allocating] waiting: waiting for machine
06:23:02 INFO Waiting for model:
  tmate-ssh-server/0 [allocating] waiting: waiting for machine
06:23:33 INFO Waiting for model:
  tmate-ssh-server/0 [allocating] waiting: waiting for machine
06:24:03 INFO Waiting for model:
  tmate-ssh-server/0 [allocating] waiting: waiting for machine
06:24:33 INFO Waiting for model:
  tmate-ssh-server/0 [executing] maintenance: Starting tmate-ssh-server daemon.
06:25:03 INFO Waiting for model:
  tmate-ssh-server/0 [executing] maintenance: Starting tmate-ssh-server daemon.
06:25:33 INFO Waiting for model:
  tmate-ssh-server/0 [executing] maintenance: Starting tmate-ssh-server daemon.
06:25:45 INFO Application log: 
2025-12-19 06:21:48,407 - INFO - root - Starting GitHub runner manager service version: 0.10.1
2025-12-19 06:21:48,412 - INFO - github_runner_manager.http_server - Starting the server...
 * Serving Flask app 'github_runner_manager.http_server'
 * Debug mode: off
2025-12-19 06:21:48,413 - INFO - werkzeug - [31m[1mWARNING: This is a development server. Do not use it in a production deployment. Use a production WSGI server instead.[0m
 * Running on http://127.0.0.1:55555
2025-12-19 06:21:48,413 - INFO - werkzeug - [33mPress CTRL+C to quit[0m
2025-12-19 06:21:48,413 - INFO - github_runner_manager.reconcile_service - Starting the reconcile service...
2025-12-19 06:21:48,413 - INFO - github_runner_manager.reconcile_service - Start reconciliation
2025-12-19 06:21:48,413 - INFO - github_runner_manager.reconcile_service - Reconcile ID: 41578504-f1df-4f4c-98c1-2707cc398c19
2025-12-19 06:21:48,431 - INFO - github_runner_manager.manager.runner_scaler - Start reconcile. base_quantity 0. max_quantity: 0.
2025-12-19 06:21:48,431 - INFO - github_runner_manager.manager.runner_manager - runner_manager::cleanup
2025-12-19 06:21:48,431 - INFO - github_runner_manager.openstack_cloud.openstack_cloud - Getting all openstack servers managed by the charm
2025-12-19 06:21:48,804 - WARNING - github_runner_manager.openstack_cloud.openstack_cloud - The maximum compute API version 2.96 is greater than the supported version 2.91. Using the maximum supported version.
2025-12-19 06:21:50,643 - INFO - github_runner_manager.manager.runner_manager - VMs: []
2025-12-19 06:21:51,481 - INFO - github_runner_manager.manager.runner_manager - Runner health: RunnersHealthResponse(requested_runners=[], failed_requested_runners=[], non_requested_runners=[])
2025-12-19 06:21:53,366 - INFO - github_runner_manager.openstack_cloud.openstack_cloud - Cleaning up SSH key files
2025-12-19 06:21:53,366 - INFO - github_runner_manager.openstack_cloud.openstack_cloud - Found 0 key files, clean up 0 key files
2025-12-19 06:21:53,366 - INFO - github_runner_manager.openstack_cloud.openstack_cloud - Cleaning up openstack keypairs
2025-12-19 06:21:53,407 - INFO - github_runner_manager.manager.runner_manager - Cleaning up platform runners: []
2025-12-19 06:21:53,407 - INFO - github_runner_manager.platform.github_provider - Delete runners from GitHub provider: []
2025-12-19 06:21:53,407 - INFO - github_runner_manager.manager.runner_manager - Cleaned up platform runners: []
2025-12-19 06:21:53,407 - INFO - github_runner_manager.manager.runner_manager - Extracting metrics from VMs: []
2025-12-19 06:21:53,407 - INFO - github_runner_manager.manager.runner_manager - Cleaning up VMs: []
2025-12-19 06:21:53,407 - INFO - github_runner_manager.manager.runner_manager - Cleaned up VMs: []
2025-12-19 06:21:53,407 - INFO - github_runner_manager.openstack_cloud.openstack_cloud - Getting all openstack servers managed by the charm
2025-12-19 06:21:55,224 - INFO - github_runner_manager.manager.runner_manager - list vms response: []
2025-12-19 06:21:56,212 - INFO - github_runner_manager.manager.runner_manager - runner health response RunnersHealthResponse(requested_runners=[], failed_requested_runners=[], non_requested_runners=[])
2025-12-19 06:21:56,212 - INFO - github_runner_manager.manager.runner_scaler - Reconcile runners from 0 to 0
2025-12-19 06:21:56,212 - INFO - github_runner_manager.manager.runner_scaler - No changes to the number of runners.
2025-12-19 06:21:56,212 - INFO - github_runner_manager.openstack_cloud.openstack_cloud - Getting all openstack servers managed by the charm
2025-12-19 06:21:58,843 - INFO - github_runner_manager.manager.runner_manager - list vms response: []
2025-12-19 06:21:59,794 - INFO - github_runner_manager.manager.runner_manager - runner health response RunnersHealthResponse(requested_runners=[], failed_requested_runners=[], non_requested_runners=[])
2025-12-19 06:21:59,795 - INFO - github_runner_manager.manager.runner_scaler - Found 0 busy runners: []
2025-12-19 06:21:59,795 - INFO - github_runner_manager.manager.runner_scaler - Found 0 idle runners: []
2025-12-19 06:21:59,795 - INFO - github_runner_manager.manager.runner_scaler - Found 0 offline runners that are healthy: []
2025-12-19 06:21:59,795 - INFO - github_runner_manager.manager.runner_scaler - Found 0 unhealthy runners: []
2025-12-19 06:21:59,795 - INFO - github_runner_manager.manager.runner_scaler - Current available runners (idle + healthy offline): set()
2025-12-19 06:21:59,795 - INFO - github_runner_manager.manager.runner_scaler - Current active runners: set()
2025-12-19 06:21:59,795 - INFO - github_runner_manager.manager.runner_scaler - Finished reconciliation.
2025-12-19 06:21:59,795 - INFO - github_runner_manager.reconcile_service - Change in number of runner after reconcile: 0
2025-12-19 06:21:59,795 - INFO - github_runner_manager.reconcile_service - End reconciliation
2025-12-19 06:22:03,062 - INFO - werkzeug - 127.0.0.1 - - [19/Dec/2025 06:22:03] "[35m[1mGET /health HTTP/1.1[0m" 204 -
2025-12-19 06:22:03,067 - INFO - werkzeug - 127.0.0.1 - - [19/Dec/2025 06:22:03] "[35m[1mGET /health HTTP/1.1[0m" 204 -
2025-12-19 06:22:03,073 - INFO - github_runner_manager.http_server - Attempting to acquire the lock: unlocked
2025-12-19 06:22:03,073 - INFO - github_runner_manager.http_server - Flushing runners...
2025-12-19 06:22:03,090 - INFO - github_runner_manager.http_server - Flushing busy: False
2025-12-19 06:22:03,091 - INFO - github_runner_manager.manager.runner_manager - runner_manager::cleanup
2025-12-19 06:22:03,091 - INFO - github_runner_manager.openstack_cloud.openstack_cloud - Getting all openstack servers managed by the charm
2025-12-19 06:22:03,696 - WARNING - github_runner_manager.openstack_cloud.openstack_cloud - The maximum compute API version 2.96 is greater than the supported version 2.91. Using the maximum supported version.
2025-12-19 06:22:06,405 - INFO - github_runner_manager.manager.runner_manager - VMs: []
2025-12-19 06:22:08,161 - INFO - github_runner_manager.manager.runner_manager - Runner health: RunnersHealthResponse(requested_runners=[], failed_requested_runners=[], non_requested_runners=[])
2025-12-19 06:22:09,967 - INFO - github_runner_manager.openstack_cloud.openstack_cloud - Cleaning up SSH key files
2025-12-19 06:22:09,967 - INFO - github_runner_manager.openstack_cloud.openstack_cloud - Found 0 key files, clean up 0 key files
2025-12-19 06:22:09,967 - INFO - github_runner_manager.openstack_cloud.openstack_cloud - Cleaning up openstack keypairs
2025-12-19 06:22:10,004 - INFO - github_runner_manager.manager.runner_manager - Cleaning up platform runners: []
2025-12-19 06:22:10,004 - INFO - github_runner_manager.platform.github_provider - Delete runners from GitHub provider: []
2025-12-19 06:22:10,004 - INFO - github_runner_manager.manager.runner_manager - Cleaned up platform runners: []
2025-12-19 06:22:10,004 - INFO - github_runner_manager.manager.runner_manager - Extracting metrics from VMs: []
2025-12-19 06:22:10,004 - INFO - github_runner_manager.manager.runner_manager - Cleaning up VMs: []
2025-12-19 06:22:10,004 - INFO - github_runner_manager.manager.runner_manager - Cleaned up VMs: []
2025-12-19 06:22:10,004 - INFO - github_runner_manager.manager.runner_manager - runner_manager::flush_runners. mode FlushMode.FLUSH_IDLE
2025-12-19 06:22:10,005 - INFO - github_runner_manager.openstack_cloud.openstack_cloud - Getting all openstack servers managed by the charm
2025-12-19 06:22:12,158 - INFO - github_runner_manager.manager.runner_manager - VMs: []
2025-12-19 06:22:13,275 - INFO - github_runner_manager.manager.runner_manager - Runner health: RunnersHealthResponse(requested_runners=[], failed_requested_runners=[], non_requested_runners=[])
2025-12-19 06:22:13,275 - INFO - github_runner_manager.manager.runner_manager - Runners to clean up: set()
2025-12-19 06:22:13,275 - INFO - github_runner_manager.manager.runner_manager - Runners to flush: set()
2025-12-19 06:22:13,275 - INFO - github_runner_manager.manager.runner_manager - Deleting platform runners: []
2025-12-19 06:22:13,275 - INFO - github_runner_manager.platform.github_provider - Delete runners from GitHub provider: []
2025-12-19 06:22:13,275 - INFO - github_runner_manager.manager.runner_manager - Deleted runners: []
2025-12-19 06:22:13,275 - INFO - github_runner_manager.manager.runner_manager - Extracting metrics from VMs: []
2025-12-19 06:22:13,275 - INFO - github_runner_manager.manager.runner_manager - Deleting VMs: []
2025-12-19 06:22:13,276 - INFO - github_runner_manager.manager.runner_manager - Deleted VMs: []
2025-12-19 06:22:13,276 - INFO - github_runner_manager.http_server - Flushed 0 runners
2025-12-19 06:22:13,276 - INFO - werkzeug - 127.0.0.1 - - [19/Dec/2025 06:22:13] "[35m[1mPOST /runner/flush?flush-busy=False HTTP/1.1[0m" 204 -
2025-12-19 06:22:34,080 - INFO - root - Starting GitHub runner manager service version: 0.10.1
2025-12-19 06:22:34,086 - INFO - github_runner_manager.http_server - Starting the server...
 * Serving Flask app 'github_runner_manager.http_server'
 * Debug mode: off
2025-12-19 06:22:34,086 - INFO - werkzeug - [31m[1mWARNING: This is a development server. Do not use it in a production deployment. Use a production WSGI server instead.[0m
 * Running on http://127.0.0.1:55555
2025-12-19 06:22:34,086 - INFO - werkzeug - [33mPress CTRL+C to quit[0m
2025-12-19 06:22:34,087 - INFO - github_runner_manager.reconcile_service - Starting the reconcile service...
2025-12-19 06:22:34,087 - INFO - github_runner_manager.reconcile_service - Start reconciliation
2025-12-19 06:22:34,087 - INFO - github_runner_manager.reconcile_service - Reconcile ID: 8f6210ff-ee83-4106-bf08-ce3fba5b739b
2025-12-19 06:22:34,105 - INFO - github_runner_manager.manager.runner_scaler - Start reconcile. base_quantity 1. max_quantity: 0.
2025-12-19 06:22:34,105 - INFO - github_runner_manager.manager.runner_manager - runner_manager::cleanup
2025-12-19 06:22:34,105 - INFO - github_runner_manager.openstack_cloud.openstack_cloud - Getting all openstack servers managed by the charm
2025-12-19 06:22:34,464 - WARNING - github_runner_manager.openstack_cloud.openstack_cloud - The maximum compute API version 2.96 is greater than the supported version 2.91. Using the maximum supported version.
2025-12-19 06:22:36,334 - INFO - github_runner_manager.manager.runner_manager - VMs: []
2025-12-19 06:22:37,346 - INFO - github_runner_manager.manager.runner_manager - Runner health: RunnersHealthResponse(requested_runners=[], failed_requested_runners=[], non_requested_runners=[])
2025-12-19 06:22:39,241 - INFO - github_runner_manager.openstack_cloud.openstack_cloud - Cleaning up SSH key files
2025-12-19 06:22:39,241 - INFO - github_runner_manager.openstack_cloud.openstack_cloud - Found 0 key files, clean up 0 key files
2025-12-19 06:22:39,241 - INFO - github_runner_manager.openstack_cloud.openstack_cloud - Cleaning up openstack keypairs
2025-12-19 06:22:39,286 - INFO - github_runner_manager.manager.runner_manager - Cleaning up platform runners: []
2025-12-19 06:22:39,286 - INFO - github_runner_manager.platform.github_provider - Delete runners from GitHub provider: []
2025-12-19 06:22:39,286 - INFO - github_runner_manager.manager.runner_manager - Cleaned up platform runners: []
2025-12-19 06:22:39,286 - INFO - github_runner_manager.manager.runner_manager - Extracting metrics from VMs: []
2025-12-19 06:22:39,286 - INFO - github_runner_manager.manager.runner_manager - Cleaning up VMs: []
2025-12-19 06:22:39,286 - INFO - github_runner_manager.manager.runner_manager - Cleaned up VMs: []
2025-12-19 06:22:39,286 - INFO - github_runner_manager.openstack_cloud.openstack_cloud - Getting all openstack servers managed by the charm
2025-12-19 06:22:41,104 - INFO - github_runner_manager.manager.runner_manager - list vms response: []
2025-12-19 06:22:41,955 - INFO - github_runner_manager.manager.runner_manager - runner health response RunnersHealthResponse(requested_runners=[], failed_requested_runners=[], non_requested_runners=[])
2025-12-19 06:22:41,956 - INFO - github_runner_manager.manager.runner_scaler - Reconcile runners from 0 to 1
2025-12-19 06:22:41,956 - INFO - github_runner_manager.manager.runner_manager - Creating 1 runners
2025-12-19 06:22:42,461 - INFO - github_runner_manager.openstack_cloud.openstack_cloud - Creating openstack server with RunnerIdentity(instance_id=InstanceID('test-mnw9pxyl-0-n-2ad5cc9df956'), metadata=RunnerMetadata(platform_name=<Platform.GITHUB: 'github'>, runner_id='291213', url=None))
2025-12-19 06:22:43,986 - ERROR - github_runner_manager.openstack_cloud.openstack_cloud - Failed to create openstack server test-mnw9pxyl-0-n-2ad5cc9df956
Traceback (most recent call last):
  File "/opt/pipx/venvs/github-runner-manager/lib/python3.10/site-packages/github_runner_manager/openstack_cloud/openstack_cloud.py", line 293, in launch_instance
    server = conn.create_server(
  File "/opt/pipx/venvs/github-runner-manager/lib/python3.10/site-packages/decorator.py", line 235, in fun
    return caller(func, *(extras + args), **kw)
  File "/opt/pipx/venvs/github-runner-manager/lib/python3.10/site-packages/openstack/cloud/_utils.py", line 233, in func_wrapper
    return func(*args, **kwargs)
  File "/opt/pipx/venvs/github-runner-manager/lib/python3.10/site-packages/openstack/cloud/_compute.py", line 1075, in create_server
    server = self.compute.create_server(**kwargs)
  File "/opt/pipx/venvs/github-runner-manager/lib/python3.10/site-packages/openstack/compute/v2/_proxy.py", line 741, in create_server
    return self._create(_server.Server, **attrs)
  File "/opt/pipx/venvs/github-runner-manager/lib/python3.10/site-packages/openstack/proxy.py", line 770, in _create
    return res.create(self, base_path=base_path)
  File "/opt/pipx/venvs/github-runner-manager/lib/python3.10/site-packages/openstack/resource.py", line 1463, in create
    self._translate_response(
  File "/opt/pipx/venvs/github-runner-manager/lib/python3.10/site-packages/openstack/resource.py", line 1231, in _translate_response
    exceptions.raise_from_response(response, error_message=error_message)
  File "/opt/pipx/venvs/github-runner-manager/lib/python3.10/site-packages/openstack/exceptions.py", line 264, in raise_from_response
    raise cls(
openstack.exceptions.ForbiddenException: ForbiddenException: 403: Client Error for url: https://nova.ps7.canonical.com:8774/v2.1/servers, Quota exceeded for cores, instances: Requested 2, 1, but already used 40, 20 of 40, 20 cores, instances
2025-12-19 06:22:43,987 - INFO - github_runner_manager.openstack_cloud.openstack_cloud - Deleting key: test-mnw9pxyl-0-n-2ad5cc9df956
2025-12-19 06:22:44,022 - INFO - github_runner_manager.openstack_cloud.openstack_cloud - Deleted key: test-mnw9pxyl-0-n-2ad5cc9df956
2025-12-19 06:22:44,023 - WARNING - github_runner_manager.manager.runner_manager - Deleting runner test-mnw9pxyl-0-n-2ad5cc9df956 from platform after creation failed
2025-12-19 06:22:44,023 - INFO - github_runner_manager.platform.github_provider - Delete runners from GitHub provider: ['291213']
2025-12-19 06:22:44,420 - ERROR - github_runner_manager.manager.runner_manager - Failed to spawn a runner.
Traceback (most recent call last):
  File "/opt/pipx/venvs/github-runner-manager/lib/python3.10/site-packages/github_runner_manager/openstack_cloud/openstack_cloud.py", line 293, in launch_instance
    server = conn.create_server(
  File "/opt/pipx/venvs/github-runner-manager/lib/python3.10/site-packages/decorator.py", line 235, in fun
    return caller(func, *(extras + args), **kw)
  File "/opt/pipx/venvs/github-runner-manager/lib/python3.10/site-packages/openstack/cloud/_utils.py", line 233, in func_wrapper
    return func(*args, **kwargs)
  File "/opt/pipx/venvs/github-runner-manager/lib/python3.10/site-packages/openstack/cloud/_compute.py", line 1075, in create_server
    server = self.compute.create_server(**kwargs)
  File "/opt/pipx/venvs/github-runner-manager/lib/python3.10/site-packages/openstack/compute/v2/_proxy.py", line 741, in create_server
    return self._create(_server.Server, **attrs)
  File "/opt/pipx/venvs/github-runner-manager/lib/python3.10/site-packages/openstack/proxy.py", line 770, in _create
    return res.create(self, base_path=base_path)
  File "/opt/pipx/venvs/github-runner-manager/lib/python3.10/site-packages/openstack/resource.py", line 1463, in create
    self._translate_response(
  File "/opt/pipx/venvs/github-runner-manager/lib/python3.10/site-packages/openstack/resource.py", line 1231, in _translate_response
    exceptions.raise_from_response(response, error_message=error_message)
  File "/opt/pipx/venvs/github-runner-manager/lib/python3.10/site-packages/openstack/exceptions.py", line 264, in raise_from_response
    raise cls(
openstack.exceptions.ForbiddenException: ForbiddenException: 403: Client Error for url: https://nova.ps7.canonical.com:8774/v2.1/servers, Quota exceeded for cores, instances: Requested 2, 1, but already used 40, 20 of 40, 20 cores, instances

The above exception was the direct cause of the following exception:

Traceback (most recent call last):
  File "/opt/pipx/venvs/github-runner-manager/lib/python3.10/site-packages/github_runner_manager/openstack_cloud/openstack_runner_manager.py", line 110, in create_runner
    instance = self._openstack_cloud.launch_instance(
  File "/opt/pipx/venvs/github-runner-manager/lib/python3.10/site-packages/github_runner_manager/openstack_cloud/openstack_cloud.py", line 183, in exception_handling_wrapper
    return func(*args, **kwargs)
  File "/opt/pipx/venvs/github-runner-manager/lib/python3.10/site-packages/github_runner_manager/openstack_cloud/openstack_cloud.py", line 330, in launch_instance
    raise OpenStackError(f"Failed to create openstack server {instance_id}") from err
github_runner_manager.errors.OpenStackError: Failed to create openstack server test-mnw9pxyl-0-n-2ad5cc9df956

The above exception was the direct cause of the following exception:

Traceback (most recent call last):
  File "/opt/pipx/venvs/github-runner-manager/lib/python3.10/site-packages/github_runner_manager/manager/runner_manager.py", line 206, in _spawn_runners
    return (RunnerManager._create_runner(create_runner_args_sequence[0]),)
  File "/opt/pipx/venvs/github-runner-manager/lib/python3.10/site-packages/github_runner_manager/manager/runner_manager.py", line 539, in _create_runner
    args.cloud_runner_manager.create_runner(
  File "/opt/pipx/venvs/github-runner-manager/lib/python3.10/site-packages/github_runner_manager/openstack_cloud/openstack_runner_manager.py", line 117, in create_runner
    raise RunnerCreateError(
github_runner_manager.errors.RunnerCreateError: Failed to create RunnerIdentity(instance_id=InstanceID('test-mnw9pxyl-0-n-2ad5cc9df956'), metadata=RunnerMetadata(platform_name=<Platform.GITHUB: 'github'>, runner_id='291213', url=None)) openstack runner
2025-12-19 06:22:44,422 - INFO - github_runner_manager.openstack_cloud.openstack_cloud - Getting all openstack servers managed by the charm
2025-12-19 06:22:46,385 - INFO - github_runner_manager.manager.runner_manager - list vms response: []
2025-12-19 06:22:47,691 - INFO - github_runner_manager.manager.runner_manager - runner health response RunnersHealthResponse(requested_runners=[], failed_requested_runners=[], non_requested_runners=[])
2025-12-19 06:22:47,691 - INFO - github_runner_manager.manager.runner_scaler - Found 0 busy runners: []
2025-12-19 06:22:47,691 - INFO - github_runner_manager.manager.runner_scaler - Found 0 idle runners: []
2025-12-19 06:22:47,691 - INFO - github_runner_manager.manager.runner_scaler - Found 0 offline runners that are healthy: []
2025-12-19 06:22:47,691 - INFO - github_runner_manager.manager.runner_scaler - Found 0 unhealthy runners: []
2025-12-19 06:22:47,691 - INFO - github_runner_manager.manager.runner_scaler - Current available runners (idle + healthy offline): set()
2025-12-19 06:22:47,691 - INFO - github_runner_manager.manager.runner_scaler - Current active runners: set()
2025-12-19 06:22:47,691 - INFO - github_runner_manager.manager.runner_scaler - Finished reconciliation.
2025-12-19 06:22:47,691 - INFO - github_runner_manager.reconcile_service - Change in number of runner after reconcile: 1
2025-12-19 06:22:47,691 - INFO - github_runner_manager.reconcile_service - End reconciliation
2025-12-19 06:22:48,728 - INFO - werkzeug - 127.0.0.1 - - [19/Dec/2025 06:22:48] "[35m[1mGET /health HTTP/1.1[0m" 204 -
2025-12-19 06:24:47,725 - INFO - github_runner_manager.reconcile_service - Start reconciliation
2025-12-19 06:24:47,725 - INFO - github_runner_manager.reconcile_service - Reconcile ID: 89a5e2ff-5dc3-4f2c-b731-e986e659aaa7
2025-12-19 06:24:47,744 - INFO - github_runner_manager.manager.runner_scaler - Start reconcile. base_quantity 1. max_quantity: 0.
2025-12-19 06:24:47,744 - INFO - github_runner_manager.manager.runner_manager - runner_manager::cleanup
2025-12-19 06:24:47,744 - INFO - github_runner_manager.openstack_cloud.openstack_cloud - Getting all openstack servers managed by the charm
2025-12-19 06:24:48,076 - WARNING - github_runner_manager.openstack_cloud.openstack_cloud - The maximum compute API version 2.96 is greater than the supported version 2.91. Using the maximum supported version.
2025-12-19 06:24:49,656 - INFO - github_runner_manager.manager.runner_manager - VMs: []
2025-12-19 06:24:50,662 - INFO - github_runner_manager.manager.runner_manager - Runner health: RunnersHealthResponse(requested_runners=[], failed_requested_runners=[], non_requested_runners=[])
2025-12-19 06:24:52,275 - INFO - github_runner_manager.openstack_cloud.openstack_cloud - Cleaning up SSH key files
2025-12-19 06:24:52,275 - INFO - github_runner_manager.openstack_cloud.openstack_cloud - Found 0 key files, clean up 0 key files
2025-12-19 06:24:52,275 - INFO - github_runner_manager.openstack_cloud.openstack_cloud - Cleaning up openstack keypairs
2025-12-19 06:24:52,312 - INFO - github_runner_manager.manager.runner_manager - Cleaning up platform runners: []
2025-12-19 06:24:52,312 - INFO - github_runner_manager.platform.github_provider - Delete runners from GitHub provider: []
2025-12-19 06:24:52,312 - INFO - github_runner_manager.manager.runner_manager - Cleaned up platform runners: []
2025-12-19 06:24:52,312 - INFO - github_runner_manager.manager.runner_manager - Extracting metrics from VMs: []
2025-12-19 06:24:52,312 - INFO - github_runner_manager.manager.runner_manager - Cleaning up VMs: []
2025-12-19 06:24:52,312 - INFO - github_runner_manager.manager.runner_manager - Cleaned up VMs: []
2025-12-19 06:24:52,312 - INFO - github_runner_manager.openstack_cloud.openstack_cloud - Getting all openstack servers managed by the charm
2025-12-19 06:24:53,858 - INFO - github_runner_manager.manager.runner_manager - list vms response: []
2025-12-19 06:24:54,745 - INFO - github_runner_manager.manager.runner_manager - runner health response RunnersHealthResponse(requested_runners=[], failed_requested_runners=[], non_requested_runners=[])
2025-12-19 06:24:54,745 - INFO - github_runner_manager.manager.runner_scaler - Reconcile runners from 0 to 1
2025-12-19 06:24:54,745 - INFO - github_runner_manager.manager.runner_manager - Creating 1 runners
2025-12-19 06:24:55,296 - INFO - github_runner_manager.openstack_cloud.openstack_cloud - Creating openstack server with RunnerIdentity(instance_id=InstanceID('test-mnw9pxyl-0-n-bc69286508d8'), metadata=RunnerMetadata(platform_name=<Platform.GITHUB: 'github'>, runner_id='291230', url=None))
2025-12-19 06:24:57,121 - INFO - github_runner_manager.openstack_cloud.openstack_runner_manager - Runner test-mnw9pxyl-0-n-bc69286508d8 created successfully
2025-12-19 06:24:57,122 - INFO - github_runner_manager.openstack_cloud.openstack_cloud - Getting all openstack servers managed by the charm
2025-12-19 06:24:58,777 - INFO - github_runner_manager.manager.runner_manager - list vms response: [VM(instance_id=InstanceID('test-mnw9pxyl-0-n-bc69286508d8'), metadata=RunnerMetadata(platform_name='github', runner_id='291230', url=None), state=<VMState.CREATED: '1'>, created_at=datetime.datetime(2025, 12, 19, 6, 24, 57, tzinfo=datetime.timezone.utc))]
2025-12-19 06:24:59,732 - INFO - github_runner_manager.manager.runner_manager - runner health response RunnersHealthResponse(requested_runners=[PlatformRunnerHealth(identity=VM(instance_id=InstanceID('test-mnw9pxyl-0-n-bc69286508d8'), metadata=RunnerMetadata(platform_name='github', runner_id='291230', url=None), state=<VMState.CREATED: '1'>, created_at=datetime.datetime(2025, 12, 19, 6, 24, 57, tzinfo=datetime.timezone.utc)), online=False, busy=False, deletable=False, runner_in_platform=True)], failed_requested_runners=[], non_requested_runners=[])
2025-12-19 06:24:59,732 - INFO - github_runner_manager.manager.runner_scaler - Runner test-mnw9pxyl-0-n-bc69286508d8: state=PlatformRunnerState.OFFLINE, health=HealthState.UNKNOWN
2025-12-19 06:24:59,732 - INFO - github_runner_manager.manager.runner_scaler - Found 0 busy runners: []
2025-12-19 06:24:59,732 - INFO - github_runner_manager.manager.runner_scaler - Found 0 idle runners: []
2025-12-19 06:24:59,732 - INFO - github_runner_manager.manager.runner_scaler - Found 0 offline runners that are healthy: []
2025-12-19 06:24:59,732 - INFO - github_runner_manager.manager.runner_scaler - Found 1 unhealthy runners: [RunnerInstance(name='test-mnw9pxyl-0-n-bc69286508d8', instance_id=InstanceID('test-mnw9pxyl-0-n-bc69286508d8'), metadata=RunnerMetadata(platform_name='github', runner_id='291230', url=None), platform_state=<PlatformRunnerState.OFFLINE: '3'>, platform_health=PlatformRunnerHealth(identity=VM(instance_id=InstanceID('test-mnw9pxyl-0-n-bc69286508d8'), metadata=RunnerMetadata(platform_name='github', runner_id='291230', url=None), state=<VMState.CREATED: '1'>, created_at=datetime.datetime(2025, 12, 19, 6, 24, 57, tzinfo=datetime.timezone.utc)), online=False, busy=False, deletable=False, runner_in_platform=True), cloud_state=<VMState.CREATED: '1'>)]
2025-12-19 06:24:59,732 - INFO - github_runner_manager.manager.runner_scaler - Current available runners (idle + healthy offline): set()
2025-12-19 06:24:59,732 - INFO - github_runner_manager.manager.runner_scaler - Current active runners: set()
2025-12-19 06:24:59,733 - INFO - github_runner_manager.manager.runner_scaler - Finished reconciliation.
2025-12-19 06:24:59,733 - INFO - github_runner_manager.reconcile_service - Change in number of runner after reconcile: 1
2025-12-19 06:24:59,733 - INFO - github_runner_manager.reconcile_service - End reconciliation

06:25:46 INFO Reactive log: 
cat: '/var/log/reactive_runner/*.log': No such file or directory

06:25:47 INFO Metrics log: 
{"timestamp": 1766125319.7954998, "event": "reconciliation", "flavor": "test-mnw9pxyl", "crashed_runners": 0, "idle_runners": 0, "active_runners": 0, "expected_runners": 0, "duration": 11.363379955291748}
{"timestamp": 1766125367.691649, "event": "reconciliation", "flavor": "test-mnw9pxyl", "crashed_runners": 0, "idle_runners": 0, "active_runners": 0, "expected_runners": 1, "duration": 13.585495233535767}
{"timestamp": 1766125499.7328155, "event": "reconciliation", "flavor": "test-mnw9pxyl", "crashed_runners": 0, "idle_runners": 0, "active_runners": 0, "expected_runners": 1, "duration": 11.988245487213135}

06:25:48 INFO OpenStack servers: [openstack.compute.v2.server.Server(id=76d57847-fa2f-43f4-bbf9-2ae9daf0e399, name=test-mnw9pxyl-0-n-bc69286508d8, status=ACTIVE, tenant_id=5094adb2b2594752ba2421a5dd2905cf, user_id=1f7600bcec3d44c093c20673d7647848, metadata={'platform_name': 'github', 'runner_id': '291230', 'prefix': 'test-mnw9pxyl-0'}, hostId=d996505d290f02280b98fd3705dddfea022dc61d223e94973bbe1a13, image={'id': '1ad6e456-fa35-47ef-988f-1e793a60f258', 'links': [{'rel': 'bookmark', 'href': 'https://nova.ps7.canonical.com:8774/images/1ad6e456-fa35-47ef-988f-1e793a60f258'}]}, flavor={'vcpus': 2, 'ram': 4096, 'disk': 50, 'ephemeral': 0, 'swap': 0, 'original_name': 'shared.xsmall', 'extra_specs': {'aggregate_instance_extra_specs:commit': 'amd64', 'hw:cpu_policy': 'shared', 'hw:mem_page_size': 'large', 'hw:pci_numa_affinity_policy': 'preferred'}}, created=2025-12-19T06:24:57Z, updated=2025-12-19T06:25:32Z, addresses={'net_stg-ps7-github-runner-test-amd64': [{'version': 4, 'addr': '10.151.122.181', 'OS-EXT-IPS:type': 'fixed', 'OS-EXT-IPS-MAC:mac_addr': 'fa:16:3e:7e:6f:41'}]}, accessIPv4=, accessIPv6=, links=[{'rel': 'self', 'href': 'https://nova.ps7.canonical.com:8774/v2.1/servers/76d57847-fa2f-43f4-bbf9-2ae9daf0e399'}, {'rel': 'bookmark', 'href': 'https://nova.ps7.canonical.com:8774/servers/76d57847-fa2f-43f4-bbf9-2ae9daf0e399'}], OS-DCF:diskConfig=MANUAL, progress=0, OS-EXT-AZ:availability_zone=AZ2, pinned_availability_zone=None, config_drive=True, key_name=test-mnw9pxyl-0-n-bc69286508d8, OS-SRV-USG:launched_at=2025-12-19T06:25:31.000000, OS-SRV-USG:terminated_at=None, OS-EXT-SRV-ATTR:host=ps7-ra3-n4.ps7.canonical.com, OS-EXT-SRV-ATTR:instance_name=instance-002cc15f, OS-EXT-SRV-ATTR:hypervisor_hostname=ps7-ra3-n4.ps7.canonical.com, OS-EXT-SRV-ATTR:reservation_id=r-8qlur47z, OS-EXT-SRV-ATTR:launch_index=0, OS-EXT-SRV-ATTR:hostname=test-mnw9pxyl-0-n-bc69286508d8, OS-EXT-SRV-ATTR:kernel_id=, OS-EXT-SRV-ATTR:ramdisk_id=, OS-EXT-SRV-ATTR:root_device_name=/dev/vda, OS-EXT-SRV-ATTR:user_data=IyEvYmluL3NoCgpzZXQgLWUKCmhvc3RuYW1lY3RsIHNldC1ob3N0bmFtZSBnaXRodWItcnVubmVyCgojIFdyaXRlIC5lbnYgY29udGVudHMKc3UgLSB1YnVudHUgLWMgJ2NkIH4vYWN0aW9ucy1ydW5uZXIgJiYgZWNobyAiUEFUSD0vaG9tZS91YnVudHUvLmxvY2FsL2JpbjovdXNyL2xvY2FsL3NiaW46L3Vzci9sb2NhbC9iaW46L3Vzci9zYmluOi91c3IvYmluOi9zYmluOi9iaW46L3NuYXAvYmluCgpET0NLRVJIVUJfTUlSUk9SPWh0dHBzOi8vZ2l0aHViLXJ1bm5lci1kb2NrZXJodWItY2FjaGUuY2Fub25pY2FsLmNvbTo1MDAwCkNPTlRBSU5FUl9SRUdJU1RSWV9VUkw9aHR0cHM6Ly9naXRodWItcnVubmVyLWRvY2tlcmh1Yi1jYWNoZS5jYW5vbmljYWwuY29tOjUwMDAKCkxBTkc9Qy5VVEYtOApBQ1RJT05TX1JVTk5FUl9IT09LX0pPQl9TVEFSVEVEPS9ob21lL3VidW50dS9hY3Rpb25zLXJ1bm5lci9wcmUtam9iLnNoCiIgPiAuZW52JwoKc25hcCByZWZyZXNoIC0taG9sZD00OGgKc25hcCB3YXRjaCAtLWxhc3Q9YXV0by1yZWZyZXNoPwoKCnNuYXAgaW5zdGFsbCBhcHJveHkgLS1lZGdlCnNuYXAgc2V0IGFwcm94eSBwcm94eT1lZ3Jlc3MucHM3LmludGVybmFsOjMxMjggbGlzdGVuPTo1NDk2OQpjYXQgPDwgRU9GID4gL2V0Yy9uZnRhYmxlcy5jb25mCmRlZmluZSBkZWZhdWx0LWlwdjQgPSAkKGlwIHJvdXRlIGdldCAkKGlwIHJvdXRlIHNob3cgMC4wLjAuMC8wIHwgZ3JlcCAtb1AgJ3ZpYSBcS1xTKycpIHwgZ3JlcCAtb1AgJ3NyYyBcS1xTKycpCnRhYmxlIGlwIGFwcm94eQpmbHVzaCB0YWJsZSBpcCBhcHJveHkKdGFibGUgaXAgYXByb3h5IHsKICAgICAgc2V0IGV4Y2x1ZGUgewogICAgICAgICAgdHlwZSBpcHY0X2FkZHI7CiAgICAgICAgICBmbGFncyBpbnRlcnZhbDsgYXV0by1tZXJnZTsKICAgICAgICAgIGVsZW1lbnRzID0geyAxMjcuMC4wLjAvOCwgMTAuMC4wLjAvOCwgMTcyLjE2LjAuMC8xMiwgMTkyLjE2OC4wLjAvMTYgfQogICAgICB9CiAgICAgIGNoYWluIHByZXJvdXRpbmcgewogICAgICAgICAgICAgIHR5cGUgbmF0IGhvb2sgcHJlcm91dGluZyBwcmlvcml0eSBkc3RuYXQ7IHBvbGljeSBhY2NlcHQ7CiAgICAgICAgICAgICAgaXAgZGFkZHIgIT0gQGV4Y2x1ZGUgdGNwIGRwb3J0IHsgMS0zMTI3LCAzMTI5LTY1NTM1IH0gY291bnRlciBkbmF0IHRvIFwkZGVmYXVsdC1pcHY0OjU0OTY5CiAgICAgIH0KICAgICAgY2hhaW4gb3V0cHV0IHsKICAgICAgICAgICAgICB0eXBlIG5hdCBob29rIG91dHB1dCBwcmlvcml0eSAtMTAwOyBwb2xpY3kgYWNjZXB0OwogICAgICAgICAgICAgIGlwIGRhZGRyICE9IEBleGNsdWRlIHRjcCBkcG9ydCB7IDEtMzEyNywgMzEyOS02NTUzNSB9IGNvdW50ZXIgZG5hdCB0byBcJGRlZmF1bHQtaXB2NDo1NDk2OQogICAgICB9Cn0KRU9GCnN5c3RlbWN0bCBlbmFibGUgbmZ0YWJsZXMuc2VydmljZQpuZnQgLWYgL2V0Yy9uZnRhYmxlcy5jb25mCgoKCgphZGR1c2VyIHVidW50dSBseGQKYWRkdXNlciB1YnVudHUgYWRtCgoKZWNobyAie1wicmVnaXN0cnktbWlycm9yc1wiOiBbXCJodHRwczovL2dpdGh1Yi1ydW5uZXItZG9ja2VyaHViLWNhY2hlLmNhbm9uaWNhbC5jb206NTAwMFwiXX0iID4gL2V0Yy9kb2NrZXIvZGFlbW9uLmpzb24Kc3lzdGVtY3RsIGRhZW1vbi1yZWxvYWQKc3lzdGVtY3RsIHJlc3RhcnQgZG9ja2VyCgoKIyBQcmVwYXJlIG1ldHJpY3MKc3UgLSB1YnVudHUgLWMgJ21rZGlyICIvaG9tZS91YnVudHUvbWV0cmljcy1leGNoYW5nZSInCgojIEluc2VydCBwcmUtam9iIHNjcmlwdCwgd2UgdXNlIGEgc3BlY2lhbCBlbmQgbWFya2VyIGFuZCBub3QgRU9GIG9yIEVPVCB0byBhdm9pZCB0aGF0IHRoZSBzYW1lIGlzIHJldXNlZCBpbnNpZGUgdGhlIHNjcmlwdApjYXQgPDwgJzM1YzY4MWQ3LWUwYjEtNDNhYS1hZmRjLWZmN2QxYzQ4MTBjYScgfCBzdSAtIHVidW50dSAtYyAndGVlIC9ob21lL3VidW50dS9hY3Rpb25zLXJ1bm5lci9wcmUtam9iLnNoJwojIS91c3IvYmluL2VudiBiYXNoCgp0aW1lc3RhbXA9JChkYXRlICslcykKCiMgRGlzYWJsZSBleGl0LW9uLWVycm9yLCBkdWUgdGhlIG5lZWQgZm9yIGVycm9yIGhhbmRsaW5nLgpzZXQgK2UKCgpqcSAtbiBcCiAgLS1hcmcgd29ya2Zsb3cgIiRHSVRIVUJfV09SS0ZMT1ciIFwKICAtLWFyZyByZXBvc2l0b3J5ICIkR0lUSFVCX1JFUE9TSVRPUlkiIFwKICAtLWFyZyBldmVudCAiJEdJVEhVQl9FVkVOVF9OQU1FIiBcCiAgLS1hcmdqc29uIHRpbWVzdGFtcCAiJHRpbWVzdGFtcCIgXAogIC0tYXJnIHdvcmtmbG93X3J1bl9pZCAiJEdJVEhVQl9SVU5fSUQiIFwKICAnewogICAgIndvcmtmbG93IjogJHdvcmtmbG93LAogICAgInJlcG9zaXRvcnkiOiAkcmVwb3NpdG9yeSwKICAgICJldmVudCI6ICRldmVudCwKICAgICJ0aW1lc3RhbXAiOiAkdGltZXN0YW1wLAogICAgIndvcmtmbG93X3J1bl9pZCI6ICR3b3JrZmxvd19ydW5faWQKICB9JyA+ICIvaG9tZS91YnVudHUvbWV0cmljcy1leGNoYW5nZS9wcmUtam9iLW1ldHJpY3MuanNvbiIgfHwgdHJ1ZQoKCgoKCgppZiBbWyAtbiAiJERPQ0tFUkhVQl9NSVJST1IiIF1dOyB0aGVuCiAgbG9nZ2VyIC1zICJBIHByaXZhdGUgZG9ja2VyIHJlZ2lzdHJ5IGlzIHNldHVwIGFzIGEgZG9ja2VyaHViIG1pcnJvciBmb3IgdGhpcyBzZWxmLWhvc3RlZCBydW5uZXIuIgogIGxvZ2dlciAtcyAiVGhlIGRvY2tlciBkYWVtb24gb24gdGhpcyBzZWxmLWhvc3RlZCBydW5uZXIgaXMgY29uZmlndXJlZCB0byB1c2UgdGhlIGRvY2tlcmh1YiBtaXJyb3IuIgogIGxvZ2dlciAtcyAiVGhlIFVSTCB0byB0aGUgcHJpdmF0ZSBkb2NrZXIgcmVnaXN0cnkgaXMgaW4gdGhlIERPQ0tFUkhVQl9NSVJST1IgZW52aXJvbm1lbnQgdmFyaWFibGUuIgogIGxvZ2dlciAtcyAiRm9yIG1pY3JvazhzLCBzZWUgaW5zdHJ1Y3Rpb25zIGhlcmU6IGh0dHBzOi8vbWljcm9rOHMuaW8vZG9jcy9kb2NrZXJodWItbGltaXRzIgpmaQoKCjM1YzY4MWQ3LWUwYjEtNDNhYS1hZmRjLWZmN2QxYzQ4MTBjYQoKCndyaXRlX3Bvc3RfbWV0cmljcygpewogICAgIyBFeHBlY3RzIHRoZSBleGl0IGNvZGUgb2YgdGhlIHJ1bi5zaCBzY3JpcHQgYXMgdGhlIGZpcnN0IGFyZ3VtZW50LgoKICAgICMgT25seSB3cml0ZSB0aGUgcG9zdC1qb2IgbWV0cmljcyBpZiB0aGUgZmlsZSBkb2VzIG5vdCBhbHJlYWR5IGV4aXN0IC0gd2hpY2ggbWF5IGluZGljYXRlCiAgICAjIHRoYXQgdGhlIGpvYiBoYXMgZmFpbGVkIGluc2lkZSBwcmUtam9iLgoKICAgIGlmIFsgLWYgL2hvbWUvdWJ1bnR1L21ldHJpY3MtZXhjaGFuZ2UvcG9zdC1qb2ItbWV0cmljcy5qc29uIF07IHRoZW4KICAgICAgICByZXR1cm4KICAgIGZpCgogICAgdGltZXN0YW1wPSQoZGF0ZSArJXMpCgogICAgIyBXcml0ZSB0aGUgcG9zdC1qb2IgbWV0cmljcyB1c2luZyBzdGF0dXMgYWJub3JtYWwgYW5kIGV4aXQgY29kZSBpZiBleGl0IGNvZGUgaXMgbm9uLXplcm8KICAgIGlmIFsgIiQxIiAhPSAiMCIgXTsgdGhlbgogICAgICAgIHN1ZG8gLWcgdWJ1bnR1IC11IHVidW50dSBqcSAtbiBcCiAgICAgICAgICAtLWFyZ2pzb24gdGltZXN0YW1wICIkdGltZXN0YW1wIiBcCiAgICAgICAgICAtLWFyZyBzdGF0dXMgImFibm9ybWFsIiBcCiAgICAgICAgICAtLWFyZ2pzb24gZXhpdF9jb2RlICIkMSIgXAogICAgICAgICAgJ3sKICAgICAgICAgICAgInRpbWVzdGFtcCI6ICR0aW1lc3RhbXAsCiAgICAgICAgICAgICJzdGF0dXMiOiAkc3RhdHVzLAogICAgICAgICAgICAic3RhdHVzX2luZm8iOiB7Y29kZTogJGV4aXRfY29kZX0KICAgICAgICAgIH0nID4gIi9ob21lL3VidW50dS9tZXRyaWNzLWV4Y2hhbmdlL3Bvc3Qtam9iLW1ldHJpY3MuanNvbiIKICAgICAgICByZXR1cm4KICAgIGVsc2UKICAgICAgICAjIElmIGV4aXQgY29kZSBpcyB6ZXJvLCB3cml0ZSB0aGUgcG9zdC1qb2IgbWV0cmljcyB1c2luZyBzdGF0dXMgbm9ybWFsCiAgICAgICAgc3VkbyAtZyB1YnVudHUgLXUgdWJ1bnR1IGpxIC1uIFwKICAgICAgICAgIC0tYXJnanNvbiB0aW1lc3RhbXAgIiR0aW1lc3RhbXAiIFwKICAgICAgICAgICd7CiAgICAgICAgICAgICJ0aW1lc3RhbXAiOiAkdGltZXN0YW1wLAogICAgICAgICAgICAic3RhdHVzIjogIm5vcm1hbCIKICAgICAgICAgIH0nID4gIi9ob21lL3VidW50dS9tZXRyaWNzLWV4Y2hhbmdlL3Bvc3Qtam9iLW1ldHJpY3MuanNvbiIKICAgIGZpCn0KCmRhdGUgKyVzID4gIC9ob21lL3VidW50dS9tZXRyaWNzLWV4Y2hhbmdlL3J1bm5lci1pbnN0YWxsZWQudGltZXN0YW1wCgojIFJ1biBydW5uZXIKIyBXZSB3YW50IHRvIGNhcHR1cmUgdGhlIGV4aXQgY29kZSBvZiB0aGUgcnVuIHNjcmlwdCBhbmQgd3JpdGUgdGhlIHBvc3Qtam9iIG1ldHJpY3MuCiMgSWYgdGhlIGFnZW50IHByb3ZpZGVkIGRvZXMgbm90IHN0b3AsIHRoZSBtZXRyaWNzIHdpbGwgbm90IGJlIHdyaXR0ZW4gdG8gdGhlIGZpbGUgYW5kCiMgc2hvdWxkIGJlIHRha2VuIGZyb20gdGhlIHBsYXRmb3JtIHByb3ZpZGVyLgoKKHNldCArZTsgc3UgLSB1YnVudHUgLWMgImNkIH4vYWN0aW9ucy1ydW5uZXIgJiYgL2hvbWUvdWJ1bnR1L2FjdGlvbnMtcnVubmVyL3J1bi5zaCAtLWppdGNvbmZpZyBleUl1Y25WdWJtVnlJam9pWlhsS1Fsb3lWblZrUld4clNXcHZhVTFxYTNoTmFrMTNTV2wzYVZGWFpHeGlibEpQV1ZjeGJFbHFiMmxrUjFaNlpFTXhkR0p1WXpWalNHZzFZa013ZDB4WE5IUlpiVTB5VDFSSk5FNXFWWGRQUjFFMFNXbDNhVkpIYkhwWlYwcHpXbFpXZDFwSFJqQmFVMGsyU1d4U2VXUlhWV2xNUTBwR1kwZG9iR0pYVm5sWlYzZHBUMmxLVldOdVZteEphWGRwVlVjNWRtSkZiR3RKYW05cFRWTkpjMGxzUW5aaU1uaFBXVmN4YkVscWNIVmtWM2h6VEVOS1ZGcFlTakphV0VwV1kyMTNhVTlwU205a1NGSjNZM3B2ZGt3elFuQmpSMVp6WVZjMWJHTXlaRzlrVjBwc1pGaE5lVTVETldoWk0xSndZakkxZWt4dFpIQmtSMmd4V1c1V2VscFlTbXBpTWpVd1dsYzFNRXh0VG5aaVV6aDRZWHBHZGxwSGJIbFdWMmcwVjJwU1NHSXlTbmRpYkdSVFdtdHNkMkV3U1hsV1J6RjNZVWhOTVdScWJERlNhMlIyWlZaU1RVMTZTbTVhTTJoUFYyNUdiRmxUT0dsTVEwcFlZak5LY2xKdE9YTmFSMVo1U1dwdmFWZ3paSFpqYlhOcFRFTktTR0ZZVWtsa1YwcFdZMjEzYVU5cFNtOWtTRkozWTNwdmRrd3laSEJrUjJneFdXazFhbUl5TUhaWk1rWjFZakkxY0ZreVJuTk1NbVJ3WkVkb01WbHBNWGxrVnpWMVdsaEpkR0l6UW14amJVWXdZak5KYVV4RFNsUmFXRW95V2xoS1ZtTnRlRmROYVVrMlNXMW9NR1JJUW5wUGFUaDJXVzVLZG1FeVZubE1iVVpxWkVkc2RtSnVUWFZhTW13d1lVaFdhV1JZVG14amJVNTJZbTVTYkdKdVVYVlpNamwwVEhsSmMwbHNWbnBhVmxsNVVtMTRkbVI1U1RaSmJsSjVaRmRWYVdaUlBUMGlMQ0l1WTNKbFpHVnVkR2xoYkhNaU9pSmxlVXBVV1RKb2JHSlhWV2xQYVVwUVVWaFdNR0ZEU1hOSmExSm9aRWRGYVU5dWMybFJNbmh3V2xjMU1GTlhVV2xQYVVwcFdrUktiRmx0Um1sWmFUQjRXa2ROTlV4VVVYcFBWMVYwV1cxWk0wMTVNV3BPTWtwdFdrUlZNVmxYVG1sWlZGRnBURU5LUW1SWVVtOWlNMHB3WlcxR01HRlhPWFZXV0VwelNXcHZhV0ZJVWpCalNFMDJUSGs1ZDJGWVFteGlSMngxV2xoT2JtRklWbWxhV0ZaNlRXcFJkVmxYVGpCaFZ6bDFZM2sxYm1GWVVtOWtWMG94WXpKV2VWa3lPWFZrUjFaMVpFTTFhbUl5TUhaTlYzTjRZakpTY0dOc1ZtOWxSbTh3VWpJNWFXTkhOVmhWYlZwS1kwZDBRMDFzVW5SalIyaDZUbGhaTldSVldraGlNMnhWVkVSTmVWb3laRFJVYkhCNFdsZEZkbGd5Um5kaFdFMTJZakpHTVdSSFozbE1NMUoyWVRKV2RVbHVNVGtpTENJdVkzSmxaR1Z1ZEdsaGJITmZjbk5oY0dGeVlXMXpJam9pWlhsS2EwbHFiMmxWVlVaV1VsUktlbFZGYkhWYU1teFNZeko0YWs5SVJuVk9hbXh4VWtkVmNtUXlTbk5rUjFaelkycGFTVXd4VW14T2ExWjVVMjEwTTA1WGNFNU9lbWhIVlZob2VXTnJaRXhhUld4Q1ZYcEtXbG95YjNkVlZFNU5WMWhDTTFkRVpIUmxWRnBUWkZoS1ExZFdTbFZpTTBsNlpWUktlVTFHUWsxU1ZFWnlWbXhrU2xaWVRYaFNhMVpOVFZjNE0xRldaRkpXU0d4dVZqRkdNVXQ2UmpKVGVrWmhXVlJrUldSRlozbFNibVJNVldzMVRsVnRkekJXUkdRMllqQkdhV0pIZEhKVGEwa3haRzAxZEV3eVNUUmlNazU0WVRCT2VFNUhOWEJqVjFseVUybDBVV1JZVWxSbGEwWndXVzEwWVUxSGJ6UmtWVkp6Wkc1QmQxVjZhekJsYWxaVFVWZE9WMDVXYURaTk1rWnRaRVZhZVdGdVJURldSV3hwVTBkd1ZHRXhRa2xUTTI5NVpGYzVOR050Tld4UFZ6bHJVbTVOY2xSVVZUVmhhelZhUzNrNWVWTlZkM1pWVlRsdFVqQkdNV05YZUZaYWJVWkdWRE5vYjAxWVdrWmFSVEUyV1RCNGRVOUdXa2hTU0VwNldWVkdNR0pWU25OaU1WWlVXbTEwZGtzelRtNWhhbFpLVW14U1YxWXdTa2xpYWtGeVYxWlNUMWw2U1haTk1uUlRVa1ZuTVZaWFdrNVJNMEpPU3pCR1EyTnVWalZNTWxVeFpERmplbFF3V25oT01VNVNWbXhrVWs1clRsSlFWREJwVEVOS2EyTkRTVFpKYms0eldrWkNOR0ZVV2xkVFJGcDRWRVZyY2xkWGVGRlRNR1JSVG5wR1ZsVnJXWEpsV0ZZMFVsaEdlVTVZVVRGVE1sSnpVVmhHVUZaNlRsUmFlbGx5WkcxU2FHTlVVbGhXVXpsUFUyeEtiMVp1U2xOTlJ6RTFZekExYTFSWFpGVmpNalF5WTFjNWQxUkRjekJXUkVKcFpVWlNSVk16YTNoUmJrcHNWa2RPV2xVeFpGWmhTR3N4WkRGQ01WSkljRVpPYkZaYVV6Sk9TVnB1VW1oV2JYUkRUVWhHVUZwdGJGUmlSMHBHVFZWS1UwNUdhRTFhYW14d1VXdGtWVmRIV25WalJ6VndXbFZOZGxORmNGbFpNbHBQV2xSR1VsSkhhekJWYkZGNldXdFdjbHB1UmtsaGVqQnBURU5LYTJOVFNUWkpibFkwV2pCMFJVNVdhekpXYWxwSFZsaFNUR0pGTlhsVFJ6bDFZMFpzVTJORVNqQk5hemxTVDBSc2JXUlhWVEZrTVZaQ1ltMXdjR0pXUWtwUFIxWnVZakJGZDJWSVdtOVphbXhhVkROc1RHSlhSbTFSVkVwUVUzcG9jMU5WZEZGVGFUbDNVakExYW1OcmNGWlhWMFpzVWtab1dsZFdXVE5PZW14eVVsUk9TbGRYY0doTlJsSnJXVlpLV2xKdWNGbFdlazEyVFc1RmRsa3hXa3hsVlhSR1kxVTBOR0p0VlhkYVJWVTBUMVpLVjFZd1pIZGtibU0wVG1wS1VWWllXWHBYYmxwMVlVVmFUbE5YY0ROak0wVjNZbGMxY1dORmFGaE1la3BDVEhwS2RGb3dNRFZqZWpCcFRFTktiR1ZJUW5aaWJWWjFaRU5KTmtsclJsSlJWVWxwVEVOS2NHSnVXbXhqYms1c1ZWTkpOa2x0T1RaaVJrWnBZMVZLYkdGVE9WaFZibFpTWWxoQ2FsUXlOVk5sVlVaWVRWaEdWR05IVmpSUFIwVXdZekJrZGxGdVRsUmpNVVpVVmpCS2FWSnROVmhrU0VKUVdXMVdVVXN5YjNkVE1tUnBUVWM0TTA5RlpIQmxSM2haVFRKVmVXUnFTVEJWTWtZd1dqQXhZVlV5V2xSUlZGWk1Ua2hTYVU1R1ducGliVmt5Vld0V1ExSXlXbGhYVm1SQ1ZXdE9NMkZJWkhwaE1WWkNXbFV4TVdKV2JIWlplazVyVFVVNU1Ga3hUWFpaYWtJeFRWaEdVbGR1WnpWV1IyOHlWbGN4ZEZvd2RFUmpNVm93WW1wU2QxbHFUbHBhUkVwTVdXcEplRkpYTlVkTmFsbHlXWGwwVTFGVU1HbE1RMHAwWWpKU01XSklWbnBKYW05cFkwVldVVlJzY0RaaFIyaDVXbXRzZFU1cVNsUlNWM0I2VTBoS2EySXpSbTFqTW5NeFV6QmFiRTlJUm5oaWFtaExWbXhTUkZwNWN6TlJNa1pVWW0xc1VsUlZTalJhU0doTVYxUldTbUpGU2xOaWFsRXlZbTFXY0dOclRUVldhM1JKWTBob05HRnJNVXRPUm1oelVtNWFiVko1T0hsamFrcEtWMjA1VUZSSFpEUmlNMDVSVWtWbmQxbFZPV3RWVlhST1lUQXdkbUZYTVhaYVYyeFZUMFprU1ZaRlJsSlNWMFpwVGpCV2JtTlhSazlSYTA1S1VtdHdVbU14VlRKVmVtaHFZWHBvTmsxck5VOU1NblJKWkZkR05HRnRjRE5rYTI4MVpXMU9kVlJWUm14WlYwcEVZV3RrU2xreFVsSlhSM1JTVFcxc1VHVkVVa3BUTWxGNldXeGFhVTFzUm14UmVrNXRTekJaTUZaNmJESmlSbHBTWVc1Q2FGWjVPVkpUYkU1RVN6STVhMDF1V2taamJGWlpWa1JDVFZwRk1YSlVNMnhIVmtoU00yRlhSa05MTVdoeFpGZDRXbGxVVlRGU1ZXeEZVekIzTTJOdFdqSlZNbVIwWWtoc1JtVklhR2hWUmxKclVXdDRObHBWTkhwT2FteDJVVEJPV0dKdE1WaE9SMlJGVGpKb1JsWkVTbUZSYTFwWFZERkpNVTVXYnpWalJFNDBVMWhLUmxOSVZrbFRla1pxWkd4V1NtTkdhR0ZSYkU1V1RsVlNSMk5WTUhaaFNGcDJZVVYwYkdOVlZrSmFNVnBTVUZRd2FVeERTbmRKYW05cFpXNVdhV0pGVmt4aGJVWkZXVk4wYkV3eFJYWlBSbkI0WkVWak5FNVVUVFJhVkdSdVkwWndSMkpwT1ROVlV6bFFWMjFzVmxKcmIzZExNMHBVVVZoQk5HVnNSbkJoYVhSNlZERm9WRm93WkVsYU1qRnRVakpzZFdKR2JHMVVhM1JOVWpGYVZWVnJlRXhoUjBaM1ZGYzFjRmxxV2xwaE1WVjZaVmhzYjFSRVRuSlpNVVpTVmxSb2FWZFdiSEJXU0ZZeVpIbDBVbGx1YnpKVlJUQjZZa1JvY1dSdFZsVmtTRUpXWVd0d1NtUlhkREJaVkU1YVZqSktXVmRGVm5OamVrcHdUVWhhVUdNd1JUUmFXRko1VjBaS1NGcEhjRkZaTVVaWFZYbHpNbE5xVVRSalJUUTBVRk5KYzBsdVJXbFBhVW8xWldwWmNsWXhWbmRsYXpneVRteHNjMDR3T1ZwVlZHeFBZWHBGTkUxWWNFNVdWMFl3WkZVMWIxa3hTbkJXUjJ4c1ZEQXhSMU5YUm1sVGVrNXRZakZTYVZOWGRFeFVWV042WTBkNFNWWXdValJNZVhSUlZGYzVTR05GV20xWlZ6RnJZVmR3YzAxNmJETlVTR2N4VldzNWNXUldaek5WU0d4cFZUSlNXbU5xVmpKWFJXaDNVa2RrVVZwWFNreFNha3BPVkZSc1ZsRldTa3BVZWtwdVVWVndkVk5GVmxoTlNGWXpaSHBPUTBzeFNsSk9WMXB2VFVkSmRsSXpUalJTYlhCb1ZteFpOV0ZGTldwV1JGSlJVMVJOZGxGdE1WTmpRM1JNV20xU2MyTnVjSEZXV0UwNVNXNHdQU0o5Ijsgd3JpdGVfcG9zdF9tZXRyaWNzICQ/KQoKc3UgLSB1YnVudHUgLWMgInRvdWNoIC9ob21lL3VidW50dS9ydW4tY29tcGxldGVkIg==, OS-EXT-STS:task_state=None, OS-EXT-STS:vm_state=active, OS-EXT-STS:power_state=1, os-extended-volumes:volumes_attached=[], locked=False, locked_reason=None, description=None, tags=[], trusted_image_certificates=None, security_groups=[{'name': 'github-runner-v1'}], location=Munch({'cloud': 'testcloud', 'region_name': 'prodstack7', 'zone': 'AZ2', 'project': Munch({'id': '5094adb2b2594752ba2421a5dd2905cf', 'name': 'stg-ps7-github-runner-test-amd64_project', 'domain_id': None, 'domain_name': 'Default'})}), public_v4=, public_v6=, private_v4=10.151.122.181, interface_ip=)]
06:25:49 INFO Server test-mnw9pxyl-0-n-bc69286508d8 console log:
[    0.000000] Linux version 6.14.0-37-generic (buildd@lcy02-amd64-031) (x86_64-linux-gnu-gcc-13 (Ubuntu 13.3.0-6ubuntu2~24.04) 13.3.0, GNU ld (GNU Binutils for Ubuntu) 2.42) #37~24.04.1-Ubuntu SMP PREEMPT_DYNAMIC Thu Nov 20 10:25:38 UTC 2 (Ubuntu 6.14.0-37.37~24.04.1-generic 6.14.11)
[    0.000000] Command line: BOOT_IMAGE=/vmlinuz-6.14.0-37-generic root=UUID=0905329d-4022-4692-bb5d-b614c117dd8c ro console=tty1 console=ttyS0
[    0.000000] KERNEL supported cpus:
[    0.000000]   Intel GenuineIntel
[    0.000000]   AMD AuthenticAMD
[    0.000000]   Hygon HygonGenuine
[    0.000000]   Centaur CentaurHauls
[    0.000000]   zhaoxin   Shanghai  
[    0.000000] BIOS-provided physical RAM map:
[    0.000000] BIOS-e820: [mem 0x0000000000000000-0x000000000009fbff] usable
[    0.000000] BIOS-e820: [mem 0x000000000009fc00-0x000000000009ffff] reserved
[    0.000000] BIOS-e820: [mem 0x00000000000f0000-0x00000000000fffff] reserved
[    0.000000] BIOS-e820: [mem 0x0000000000100000-0x00000000bffdcfff] usable
[    0.000000] BIOS-e820: [mem 0x00000000bffdd000-0x00000000bfffffff] reserved
[    0.000000] BIOS-e820: [mem 0x00000000feffc000-0x00000000feffffff] reserved
[    0.000000] BIOS-e820: [mem 0x00000000fffc0000-0x00000000ffffffff] reserved
[    0.000000] BIOS-e820: [mem 0x0000000100000000-0x000000013fffffff] usable
[    0.000000] BIOS-e820: [mem 0x000000fd00000000-0x000000ffffffffff] reserved
[    0.000000] NX (Execute Disable) protection: active
[    0.000000] APIC: Static calls initialized
[    0.000000] SMBIOS 2.8 present.
[    0.000000] DMI: OpenStack Foundation OpenStack Nova, BIOS 1.16.3-debian-1.16.3-2~backport22.04.202412060920~ubuntu22.04.1 04/01/2014
[    0.000000] DMI: Memory slots populated: 1/1
[    0.000000] Hypervisor detected: KVM
[    0.000000] kvm-clock: Using msrs 4b564d01 and 4b564d00
[    0.000000] kvm-clock: using sched offset of 2661420265 cycles
[    0.000002] clocksource: kvm-clock: mask: 0xffffffffffffffff max_cycles: 0x1cd42e4dffb, max_idle_ns: 881590591483 ns
[    0.000004] tsc: Detected 2396.400 MHz processor
[    0.000917] last_pfn = 0x140000 max_arch_pfn = 0x400000000
[    0.000967] MTRR map: 4 entries (3 fixed + 1 variable; max 19), built from 8 variable MTRRs
[    0.000969] x86/PAT: Configuration [0-7]: WB  WC  UC- UC  WB  WP  UC- WT  
[    0.001024] last_pfn = 0xbffdd max_arch_pfn = 0x400000000
[    0.003339] found SMP MP-table at [mem 0x000f53c0-0x000f53cf]
[    0.003354] Using GB pages for direct mapping
[    0.003468] RAMDISK: [mem 0x2ed97000-0x336c2fff]
[    0.003846] ACPI: Early table checksum verification disabled
[    0.003849] ACPI: RSDP 0x00000000000F5140 000014 (v00 BOCHS )
[    0.003853] ACPI: RSDT 0x00000000BFFE2334 000034 (v01 BOCHS  BXPC     00000001 BXPC 00000001)
[    0.003858] ACPI: FACP 0x00000000BFFE2150 000074 (v01 BOCHS  BXPC     00000001 BXPC 00000001)
[    0.003861] ACPI: DSDT 0x00000000BFFE0040 002110 (v01 BOCHS  BXPC     00000001 BXPC 00000001)
[    0.003864] ACPI: FACS 0x00000000BFFE0000 000040
[    0.003865] ACPI: APIC 0x00000000BFFE21C4 000080 (v03 BOCHS  BXPC     00000001 BXPC 00000001)
[    0.003867] ACPI: SRAT 0x00000000BFFE2244 0000C8 (v01 BOCHS  BXPC     00000001 BXPC 00000001)
[    0.003869] ACPI: WAET 0x00000000BFFE230C 000028 (v01 BOCHS  BXPC     00000001 BXPC 00000001)
[    0.003870] ACPI: Reserving FACP table memory at [mem 0xbffe2150-0xbffe21c3]
[    0.003872] ACPI: Reserving DSDT table memory at [mem 0xbffe0040-0xbffe214f]
[    0.003872] ACPI: Reserving FACS table memory at [mem 0xbffe0000-0xbffe003f]
[    0.003873] ACPI: Reserving APIC table memory at [mem 0xbffe21c4-0xbffe2243]
[    0.003873] ACPI: Reserving SRAT table memory at [mem 0xbffe2244-0xbffe230b]
[    0.003874] ACPI: Reserving WAET table memory at [mem 0xbffe230c-0xbffe2333]
[    0.003952] ACPI: SRAT: Node 0 PXM 0 [mem 0x00000000-0x0009ffff]
[    0.003955] ACPI: SRAT: Node 0 PXM 0 [mem 0x00100000-0xbfffffff]
[    0.003956] ACPI: SRAT: Node 0 PXM 0 [mem 0x100000000-0x13fffffff]
[    0.003958] NUMA: Node 0 [mem 0x00001000-0x0009ffff] + [mem 0x00100000-0xbfffffff] -> [mem 0x00001000-0xbfffffff]
[    0.003960] NUMA: Node 0 [mem 0x00001000-0xbfffffff] + [mem 0x100000000-0x13fffffff] -> [mem 0x00001000-0x13fffffff]
[    0.003969] NODE_DATA(0) allocated [mem 0x13ffd3540-0x13fffdfff]
[    0.004114] Zone ranges:
[    0.004114]   DMA      [mem 0x0000000000001000-0x0000000000ffffff]
[    0.004116]   DMA32    [mem 0x0000000001000000-0x00000000ffffffff]
[    0.004117]   Normal   [mem 0x0000000100000000-0x000000013fffffff]
[    0.004118]   Device   empty
[    0.004119] Movable zone start for each node
[    0.004120] Early memory node ranges
[    0.004121]   node   0: [mem 0x0000000000001000-0x000000000009efff]
[    0.004122]   node   0: [mem 0x0000000000100000-0x00000000bffdcfff]
[    0.004123]   node   0: [mem 0x0000000100000000-0x000000013fffffff]
[    0.004124] Initmem setup node 0 [mem 0x0000000000001000-0x000000013fffffff]
[    0.004128] On node 0, zone DMA: 1 pages in unavailable ranges
[    0.004140] On node 0, zone DMA: 97 pages in unavailable ranges
[    0.006707] On node 0, zone Normal: 35 pages in unavailable ranges
[    0.007514] ACPI: PM-Timer IO Port: 0x608
[    0.007526] ACPI: LAPIC_NMI (acpi_id[0xff] dfl dfl lint[0x1])
[    0.007554] IOAPIC[0]: apic_id 0, version 17, address 0xfec00000, GSI 0-23
[    0.007556] ACPI: INT_SRC_OVR (bus 0 bus_irq 0 global_irq 2 dfl dfl)
[    0.007558] ACPI: INT_SRC_OVR (bus 0 bus_irq 5 global_irq 5 high level)
[    0.007559] ACPI: INT_SRC_OVR (bus 0 bus_irq 9 global_irq 9 high level)
[    0.007560] ACPI: INT_SRC_OVR (bus 0 bus_irq 10 global_irq 10 high level)
[    0.007560] ACPI: INT_SRC_OVR (bus 0 bus_irq 11 global_irq 11 high level)
[    0.007563] ACPI: Using ACPI (MADT) for SMP configuration information
[    0.007567] CPU topo: Max. logical packages:   2
[    0.007568] CPU topo: Max. logical dies:       2
[    0.007568] CPU topo: Max. dies per package:   1
[    0.007572] CPU topo: Max. threads per core:   1
[    0.007572] CPU topo: Num. cores per package:     1
[    0.007573] CPU topo: Num. threads per package:   1
[    0.007573] CPU topo: Allowing 2 present CPUs plus 0 hotplug CPUs
[    0.007588] kvm-guest: APIC: eoi() replaced with kvm_guest_apic_eoi_write()
[    0.007600] PM: hibernation: Registered nosave memory: [mem 0x00000000-0x00000fff]
[    0.007602] PM: hibernation: Registered nosave memory: [mem 0x0009f000-0x000fffff]
[    0.007603] PM: hibernation: Registered nosave memory: [mem 0xbffdd000-0xffffffff]
[    0.007604] [mem 0xc0000000-0xfeffbfff] available for PCI devices
[    0.007605] Booting paravirtualized kernel on KVM
[    0.007607] clocksource: refined-jiffies: mask: 0xffffffff max_cycles: 0xffffffff, max_idle_ns: 1910969940391419 ns
[    0.007612] setup_percpu: NR_CPUS:8192 nr_cpumask_bits:2 nr_cpu_ids:2 nr_node_ids:1
[    0.007703] percpu: Embedded 88 pages/cpu s237568 r8192 d114688 u1048576
[    0.007731] kvm-guest: PV spinlocks disabled, no host support
[    0.007732] Kernel command line: BOOT_IMAGE=/vmlinuz-6.14.0-37-generic root=UUID=0905329d-4022-4692-bb5d-b614c117dd8c ro console=tty1 console=ttyS0
[    0.007778] Unknown kernel command line parameters "BOOT_IMAGE=/vmlinuz-6.14.0-37-generic", will be passed to user space.
[    0.007789] random: crng init done
[    0.007790] printk: log buffer data + meta data: 262144 + 917504 = 1179648 bytes
[    0.007913] Dentry cache hash table entries: 524288 (order: 10, 4194304 bytes, linear)
[    0.007978] Inode-cache hash table entries: 262144 (order: 9, 2097152 bytes, linear)
[    0.008002] Fallback order for Node 0: 0 
[    0.008005] Built 1 zonelists, mobility grouping on.  Total pages: 1048443
[    0.008005] Policy zone: Normal
[    0.008011] mem auto-init: stack:all(zero), heap alloc:on, heap free:off
[    0.008015] software IO TLB: area num 2.
[    0.018152] SLUB: HWalign=64, Order=0-3, MinObjects=0, CPUs=2, Nodes=1
[    0.018180] ftrace: allocating 60485 entries in 237 pages
[    0.042362] ftrace: allocated 237 pages with 6 groups
[    0.043261] Dynamic Preempt: voluntary
[    0.043311] rcu: Preemptible hierarchical RCU implementation.
[    0.043311] rcu: 	RCU restricting CPUs from NR_CPUS=8192 to nr_cpu_ids=2.
[    0.043313] 	Trampoline variant of Tasks RCU enabled.
[    0.043313] 	Rude variant of Tasks RCU enabled.
[    0.043314] 	Tracing variant of Tasks RCU enabled.
[    0.043314] rcu: RCU calculated value of scheduler-enlistment delay is 100 jiffies.
[    0.043315] rcu: Adjusting geometry for rcu_fanout_leaf=16, nr_cpu_ids=2
[    0.043321] RCU Tasks: Setting shift to 1 and lim to 1 rcu_task_cb_adjust=1 rcu_task_cpu_ids=2.
[    0.043323] RCU Tasks Rude: Setting shift to 1 and lim to 1 rcu_task_cb_adjust=1 rcu_task_cpu_ids=2.
[    0.043324] RCU Tasks Trace: Setting shift to 1 and lim to 1 rcu_task_cb_adjust=1 rcu_task_cpu_ids=2.
[    0.046107] NR_IRQS: 524544, nr_irqs: 440, preallocated irqs: 16
[    0.046332] rcu: srcu_init: Setting srcu_struct sizes based on contention.
[    0.064448] Console: colour VGA+ 80x25
[    0.064452] printk: legacy console [tty1] enabled
[    0.112313] printk: legacy console [ttyS0] enabled
[    0.310996] ACPI: Core revision 20240827
[    0.312402] APIC: Switch to symmetric I/O mode setup
[    0.314167] x2apic enabled
[    0.315453] APIC: Switched APIC routing to: physical x2apic
[    0.318314] ..TIMER: vector=0x30 apic1=0 pin1=2 apic2=-1 pin2=-1
[    0.320934] tsc: Marking TSC unstable due to TSCs unsynchronized
[    0.322799] Calibrating delay loop (skipped) preset value.. 4792.80 BogoMIPS (lpj=2396400)
[    0.325374] x86/cpu: User Mode Instruction Prevention (UMIP) activated
[    0.327826] Last level iTLB entries: 4KB 512, 2MB 255, 4MB 127
[    0.329135] Last level dTLB entries: 4KB 512, 2MB 255, 4MB 127, 1GB 0
[    0.331152] Spectre V1 : Mitigation: usercopy/swapgs barriers and __user pointer sanitization
[    0.333798] Spectre V2 : Mitigation: Retpolines
[    0.335119] Spectre V2 : Spectre v2 / SpectreRSB: Filling RSB on context switch and VMEXIT
[    0.336797] Spectre V2 : Enabling Speculation Barrier for firmware calls
[    0.339798] RETBleed: Mitigation: untrained return thunk
[    0.341134] Spectre V2 : mitigation: Enabling conditional Indirect Branch Prediction Barrier
[    0.342797] Speculative Store Bypass: Vulnerable
[    0.345119] Speculative Return Stack Overflow: IBPB-extending microcode not applied!
[    0.347270] Speculative Return Stack Overflow: WARNING: See https://kernel.org/doc/html/latest/admin-guide/hw-vuln/srso.html for mitigation options.
[    0.347271] x86/bugs: return thunk changed
[    0.352797] Speculative Return Stack Overflow: Vulnerable: Safe RET, no microcode
[    0.354814] x86/fpu: Supporting XSAVE feature 0x001: 'x87 floating point registers'
[    0.356797] x86/fpu: Supporting XSAVE feature 0x002: 'SSE registers'
[    0.359797] x86/fpu: Supporting XSAVE feature 0x004: 'AVX registers'
[    0.361798] x86/fpu: xstate_offset[2]:  576, xstate_sizes[2]:  256
[    0.363797] x86/fpu: Enabled xstate features 0x7, context size is 832 bytes, using 'compacted' format.
[    0.397015] Freeing SMP alternatives memory: 48K
[    0.398140] pid_max: default: 32768 minimum: 301
[    0.399857] LSM: initializing lsm=lockdown,capability,landlock,yama,apparmor,ima,evm
[    0.407804] landlock: Up and running.
[    0.409109] Yama: becoming mindful.
[    0.411130] AppArmor: AppArmor initialized
[    0.412161] Mount-cache hash table entries: 8192 (order: 4, 65536 bytes, linear)
[    0.414800] Mountpoint-cache hash table entries: 8192 (order: 4, 65536 bytes, linear)
[    0.519795] smpboot: CPU0: AMD EPYC-Rome Processor (family: 0x17, model: 0x31, stepping: 0x0)
[    0.520844] Performance Events: Fam17h+ core perfctr, AMD PMU driver.
[    0.522801] ... version:                0
[    0.524108] ... bit width:              48
[    0.525126] ... generic registers:      6
[    0.526184] ... value mask:             0000ffffffffffff
[    0.527143] ... max period:             00007fffffffffff
[    0.528141] ... fixed-purpose events:   0
[    0.529117] ... event mask:             000000000000003f
[    0.530245] signal: max sigframe size: 1776
[    0.531187] rcu: Hierarchical SRCU implementation.
[    0.532129] rcu: 	Max phase no-delay instances is 400.
[    0.533864] Timer migration: 1 hierarchy levels; 8 children per group; 1 crossnode level
[    0.539024] smp: Bringing up secondary CPUs ...
[    0.540282] smpboot: x86: Booting SMP configuration:
[    0.541136] .... node  #0, CPUs:      #1
[    0.541886] smp: Brought up 1 node, 2 CPUs
[    0.544122] smpboot: Total of 2 processors activated (9585.60 BogoMIPS)
[    0.545886] Memory: 3919088K/4193772K available (21475K kernel code, 4587K rwdata, 15072K rodata, 5140K init, 4412K bss, 267764K reserved, 0K cma-reserved)
[    0.547934] devtmpfs: initialized
[    0.549832] x86/mm: Memory block size: 128MB
[    0.551917] clocksource: jiffies: mask: 0xffffffff max_cycles: 0xffffffff, max_idle_ns: 1911260446275000 ns
[    0.553801] futex hash table entries: 512 (order: 3, 32768 bytes, linear)
[    0.555880] pinctrl core: initialized pinctrl subsystem
[    0.558012] PM: RTC time: 06:25:26, date: 2025-12-19
[    0.560170] NET: Registered PF_NETLINK/PF_ROUTE protocol family
[    0.561957] DMA: preallocated 512 KiB GFP_KERNEL pool for atomic allocations
[    0.563216] DMA: preallocated 512 KiB GFP_KERNEL|GFP_DMA pool for atomic allocations
[    0.564817] DMA: preallocated 512 KiB GFP_KERNEL|GFP_DMA32 pool for atomic allocations
[    0.566306] audit: initializing netlink subsys (disabled)
[    0.567844] audit: type=2000 audit(1766125526.290:1): state=initialized audit_enabled=0 res=1
[    0.567964] thermal_sys: Registered thermal governor 'fair_share'
[    0.569798] thermal_sys: Registered thermal governor 'bang_bang'
[    0.571798] thermal_sys: Registered thermal governor 'step_wise'
[    0.573172] thermal_sys: Registered thermal governor 'user_space'
[    0.574798] thermal_sys: Registered thermal governor 'power_allocator'
[    0.576822] cpuidle: using governor ladder
[    0.580149] cpuidle: using governor menu
[    0.583015] acpiphp: ACPI Hot Plug PCI Controller Driver version: 0.5
[    0.584384] PCI: Using configuration type 1 for base access
[    0.585149] PCI: Using configuration type 1 for extended access
[    0.586968] kprobes: kprobe jump-optimization is enabled. All kprobes are optimized if possible.
[    0.602806] HugeTLB: registered 1.00 GiB page size, pre-allocated 0 pages
[    0.604798] HugeTLB: 16380 KiB vmemmap can be freed for a 1.00 GiB page
[    0.606798] HugeTLB: registered 2.00 MiB page size, pre-allocated 0 pages
[    0.608797] HugeTLB: 28 KiB vmemmap can be freed for a 2.00 MiB page
[    0.611840] ACPI: Added _OSI(Module Device)
[    0.613119] ACPI: Added _OSI(Processor Device)
[    0.614127] ACPI: Added _OSI(Processor Aggregator Device)
[    0.618241] ACPI: 1 ACPI AML tables successfully acquired and loaded
[    0.622032] ACPI: Interpreter enabled
[    0.623119] ACPI: PM: (supports S0 S3 S4 S5)
[    0.624799] ACPI: Using IOAPIC for interrupt routing
[    0.626361] PCI: Using host bridge windows from ACPI; if necessary, use "pci=nocrs" and report a bug
[    0.629797] PCI: Using E820 reservations for host bridge windows
[    0.631957] ACPI: Enabled 2 GPEs in block 00 to 0F
[    0.637581] ACPI: PCI Root Bridge [PCI0] (domain 0000 [bus 00-ff])
[    0.639181] acpi PNP0A03:00: _OSC: OS supports [ExtendedConfig ASPM ClockPM Segments MSI EDR HPX-Type3]
[    0.642986] acpiphp: Slot [3] registered
[    0.644139] acpiphp: Slot [4] registered
[    0.645133] acpiphp: Slot [5] registered
[    0.646827] acpiphp: Slot [6] registered
[    0.648140] acpiphp: Slot [7] registered
[    0.649801] acpiphp: Slot [8] registered
[    0.651143] acpiphp: Slot [9] registered
[    0.652144] acpiphp: Slot [10] registered
[    0.653831] acpiphp: Slot [11] registered
[    0.655137] acpiphp: Slot [12] registered
[    0.656148] acpiphp: Slot [13] registered
[    0.657828] acpiphp: Slot [14] registered
[    0.659828] acpiphp: Slot [15] registered
[    0.661145] acpiphp: Slot [16] registered
[    0.662145] acpiphp: Slot [17] registered
[    0.663827] acpiphp: Slot [18] registered
[    0.665139] acpiphp: Slot [19] registered
[    0.666156] acpiphp: Slot [20] registered
[    0.667828] acpiphp: Slot [21] registered
[    0.669140] acpiphp: Slot [22] registered
[    0.670827] acpiphp: Slot [23] registered
[    0.672145] acpiphp: Slot [24] registered
[    0.673153] acpiphp: Slot [25] registered
[    0.674829] acpiphp: Slot [26] registered
[    0.676144] acpiphp: Slot [27] registered
[    0.677827] acpiphp: Slot [28] registered
[    0.679139] acpiphp: Slot [29] registered
[    0.680136] acpiphp: Slot [30] registered
[    0.681827] acpiphp: Slot [31] registered
[    0.683142] PCI host bridge to bus 0000:00
[    0.684147] pci_bus 0000:00: root bus resource [io  0x0000-0x0cf7 window]
[    0.686799] pci_bus 0000:00: root bus resource [io  0x0d00-0xffff window]
[    0.688799] pci_bus 0000:00: root bus resource [mem 0x000a0000-0x000bffff window]
[    0.691277] pci_bus 0000:00: root bus resource [mem 0xc0000000-0xfebfffff window]
[    0.693799] pci_bus 0000:00: root bus resource [mem 0xc000000000-0xc07fffffff window]
[    0.696296] pci_bus 0000:00: root bus resource [bus 00-ff]
[    0.698450] pci 0000:00:00.0: [8086:1237] type 00 class 0x060000 conventional PCI endpoint
[    0.702046] pci 0000:00:01.0: [8086:7000] type 00 class 0x060100 conventional PCI endpoint
[    0.705511] pci 0000:00:01.1: [8086:7010] type 00 class 0x010180 conventional PCI endpoint
[    0.709290] pci 0000:00:01.1: BAR 4 [io  0xc180-0xc18f]
[    0.710866] pci 0000:00:01.1: BAR 0 [io  0x01f0-0x01f7]: legacy IDE quirk
[    0.712799] pci 0000:00:01.1: BAR 1 [io  0x03f6]: legacy IDE quirk
[    0.714798] pci 0000:00:01.1: BAR 2 [io  0x0170-0x0177]: legacy IDE quirk
[    0.716798] pci 0000:00:01.1: BAR 3 [io  0x0376]: legacy IDE quirk
[    0.719847] pci 0000:00:01.3: [8086:7113] type 00 class 0x068000 conventional PCI endpoint
[    0.723123] pci 0000:00:01.3: quirk: [io  0x0600-0x063f] claimed by PIIX4 ACPI
[    0.725275] pci 0000:00:01.3: quirk: [io  0x0700-0x070f] claimed by PIIX4 SMB
[    0.729174] pci 0000:00:02.0: [1b36:0100] type 00 class 0x030000 conventional PCI endpoint
[    0.735814] pci 0000:00:02.0: BAR 0 [mem 0xf4000000-0xf7ffffff]
[    0.737813] pci 0000:00:02.0: BAR 1 [mem 0xf8000000-0xfbffffff]
[    0.739797] pci 0000:00:02.0: BAR 2 [mem 0xfc090000-0xfc091fff]
[    0.741180] pci 0000:00:02.0: BAR 3 [io  0xc140-0xc15f]
[    0.743188] pci 0000:00:02.0: ROM [mem 0xfc080000-0xfc08ffff pref]
[    0.745250] pci 0000:00:02.0: Video device with shadowed ROM at [mem 0x000c0000-0x000dffff]
[    0.748252] pci 0000:00:03.0: [1af4:1000] type 00 class 0x020000 conventional PCI endpoint
[    0.752813] pci 0000:00:03.0: BAR 0 [io  0xc080-0xc0bf]
[    0.754813] pci 0000:00:03.0: BAR 1 [mem 0xfc092000-0xfc092fff]
[    0.756797] pci 0000:00:03.0: BAR 4 [mem 0xc000000000-0xc000003fff 64bit pref]
[    0.758812] pci 0000:00:03.0: ROM [mem 0xfc000000-0xfc07ffff pref]
[    0.763424] pci 0000:00:04.0: [1af4:1003] type 00 class 0x078000 conventional PCI endpoint
[    0.767798] pci 0000:00:04.0: BAR 0 [io  0xc0c0-0xc0ff]
[    0.769162] pci 0000:00:04.0: BAR 1 [mem 0xfc093000-0xfc093fff]
[    0.771220] pci 0000:00:04.0: BAR 4 [mem 0xc000004000-0xc000007fff 64bit pref]
[    0.776126] pci 0000:00:05.0: [1af4:1001] type 00 class 0x010000 conventional PCI endpoint
[    0.780814] pci 0000:00:05.0: BAR 0 [io  0xc000-0xc07f]
[    0.782158] pci 0000:00:05.0: BAR 1 [mem 0xfc094000-0xfc094fff]
[    0.784210] pci 0000:00:05.0: BAR 4 [mem 0xc000008000-0xc00000bfff 64bit pref]
[    0.789256] pci 0000:00:06.0: [1af4:1002] type 00 class 0x00ff00 conventional PCI endpoint
[    0.792814] pci 0000:00:06.0: BAR 0 [io  0xc100-0xc13f]
[    0.794813] pci 0000:00:06.0: BAR 1 [mem 0xfc095000-0xfc095fff]
[    0.796839] pci 0000:00:06.0: BAR 4 [mem 0xc00000c000-0xc00000ffff 64bit pref]
[    0.801494] pci 0000:00:07.0: [1af4:1005] type 00 class 0x00ff00 conventional PCI endpoint
[    0.805313] pci 0000:00:07.0: BAR 0 [io  0xc160-0xc17f]
[    0.806813] pci 0000:00:07.0: BAR 1 [mem 0xfc096000-0xfc096fff]
[    0.808854] pci 0000:00:07.0: BAR 4 [mem 0xc000010000-0xc000013fff 64bit pref]
[    0.821493] ACPI: PCI: Interrupt link LNKA configured for IRQ 10
[    0.823376] ACPI: PCI: Interrupt link LNKB configured for IRQ 10
[    0.825353] ACPI: PCI: Interrupt link LNKC configured for IRQ 11
[    0.827357] ACPI: PCI: Interrupt link LNKD configured for IRQ 11
[    0.829259] ACPI: PCI: Interrupt link LNKS configured for IRQ 9
[    0.831968] iommu: Default domain type: Translated
[    0.833137] iommu: DMA domain TLB invalidation policy: lazy mode
[    0.835393] SCSI subsystem initialized
[    0.836840] ACPI: bus type USB registered
[    0.838130] usbcore: registered new interface driver usbfs
[    0.845810] usbcore: registered new interface driver hub
[    0.847808] usbcore: registered new device driver usb
[    0.849173] pps_core: LinuxPPS API ver. 1 registered
[    0.850797] pps_core: Software ver. 5.3.6 - Copyright 2005-2007 Rodolfo Giometti <giometti@linux.it>
[    0.853803] PTP clock support registered
[    0.855168] EDAC MC: Ver: 3.0.0
[    0.857069] NetLabel: Initializing
[    0.858104] NetLabel:  domain hash size = 128
[    0.859130] NetLabel:  protocols = UNLABELED CIPSOv4 CALIPSO
[    0.861179] NetLabel:  unlabeled traffic allowed by default
[    0.863212] mctp: management component transport protocol core
[    0.865154] NET: Registered PF_MCTP protocol family
[    0.866819] PCI: Using ACPI for IRQ routing
[    0.868460] pci 0000:00:02.0: vgaarb: setting as boot VGA device
[    0.868795] pci 0000:00:02.0: vgaarb: bridge control possible
[    0.868795] pci 0000:00:02.0: vgaarb: VGA device added: decodes=io+mem,owns=io+mem,locks=none
[    0.874801] vgaarb: loaded
[    0.876123] clocksource: Switched to clocksource kvm-clock
[    0.877766] VFS: Disk quotas dquot_6.6.0
[    0.879160] VFS: Dquot-cache hash table entries: 512 (order 0, 4096 bytes)
[    0.881515] AppArmor: AppArmor Filesystem Enabled
[    0.883082] pnp: PnP ACPI init
[    0.884613] pnp: PnP ACPI: found 5 devices
[    0.892064] clocksource: acpi_pm: mask: 0xffffff max_cycles: 0xffffff, max_idle_ns: 2085701024 ns
[    0.894870] NET: Registered PF_INET protocol family
[    0.896505] IP idents hash table entries: 65536 (order: 7, 524288 bytes, linear)
[    0.913183] tcp_listen_portaddr_hash hash table entries: 2048 (order: 3, 32768 bytes, linear)
[    0.915903] Table-perturb hash table entries: 65536 (order: 6, 262144 bytes, linear)
[    0.918357] TCP established hash table entries: 32768 (order: 6, 262144 bytes, linear)
[    0.920904] TCP bind hash table entries: 32768 (order: 8, 1048576 bytes, linear)
[    0.923284] TCP: Hash tables configured (established 32768 bind 32768)
[    0.925362] MPTCP token hash table entries: 4096 (order: 4, 98304 bytes, linear)
[    0.927717] UDP hash table entries: 2048 (order: 5, 131072 bytes, linear)
[    0.930325] UDP-Lite hash table entries: 2048 (order: 5, 131072 bytes, linear)
[    0.932683] NET: Registered PF_UNIX/PF_LOCAL protocol family
[    0.934480] NET: Registered PF_XDP protocol family
[    0.936065] pci_bus 0000:00: resource 4 [io  0x0000-0x0cf7 window]
[    0.938012] pci_bus 0000:00: resource 5 [io  0x0d00-0xffff window]
[    0.939963] pci_bus 0000:00: resource 6 [mem 0x000a0000-0x000bffff window]
[    0.942097] pci_bus 0000:00: resource 7 [mem 0xc0000000-0xfebfffff window]
[    0.944217] pci_bus 0000:00: resource 8 [mem 0xc000000000-0xc07fffffff window]
[    0.946575] pci 0000:00:01.0: PIIX3: Enabling Passive Release
[    0.948403] pci 0000:00:00.0: Limiting direct PCI/PCI transfers
[    0.950420] PCI: CLS 0 bytes, default 64
[    0.951899] Trying to unpack rootfs image as initramfs...
[    0.953331] PCI-DMA: Using software bounce buffering for IO (SWIOTLB)
[    0.955699] software IO TLB: mapped [mem 0x00000000bbfdd000-0x00000000bffdd000] (64MB)
[    0.978738] Initialise system trusted keyrings
[    0.980243] Key type blacklist registered
[    0.981665] workingset: timestamp_bits=36 max_order=20 bucket_order=0
[    0.983710] zbud: loaded
[    0.985721] squashfs: version 4.0 (2009/01/31) Phillip Lougher
[    0.987742] fuse: init (API version 7.42)
[    0.989747] integrity: Platform Keyring initialized
[    0.991341] integrity: Machine keyring initialized
[    1.002843] Key type asymmetric registered
[    1.004240] Asymmetric key parser 'x509' registered
[    1.005826] Block layer SCSI generic (bsg) driver version 0.4 loaded (major 243)
[    1.008243] io scheduler mq-deadline registered
[    1.010912] ledtrig-cpu: registered to indicate activity on CPUs
[    1.012887] shpchp: Standard Hot Plug PCI Controller Driver version: 0.4
[    1.015108] input: Power Button as /devices/LNXSYSTM:00/LNXPWRBN:00/input/input0
[    1.017550] ACPI: button: Power Button [PWRF]
[    1.023042] ACPI: \_SB_.LNKC: Enabled at IRQ 11
[    1.027581] ACPI: \_SB_.LNKD: Enabled at IRQ 10
[    1.031994] ACPI: \_SB_.LNKA: Enabled at IRQ 10
[    1.036323] ACPI: \_SB_.LNKB: Enabled at IRQ 11
[    1.043793] Serial: 8250/16550 driver, 32 ports, IRQ sharing enabled
[    1.071435] 00:00: ttyS0 at I/O 0x3f8 (irq = 4, base_baud = 115200) is a 16550A
[    1.076738] Freeing initrd memory: 74928K
[    1.094230] Linux agpgart interface v0.103
[    1.097086] loop: module loaded
[    1.098402] virtio_blk virtio2: 2/0/0 default/read/poll queues
[    1.101503] virtio_blk virtio2: [vda] 104857600 512-byte logical blocks (53.7 GB/50.0 GiB)
[    1.105617]  vda: vda1 vda14 vda15 vda16
[    1.108885] scsi host0: ata_piix
[    1.110204] scsi host1: ata_piix
[    1.111386] ata1: PATA max MWDMA2 cmd 0x1f0 ctl 0x3f6 bmdma 0xc180 irq 14 lpm-pol 0
[    1.113833] ata2: PATA max MWDMA2 cmd 0x170 ctl 0x376 bmdma 0xc188 irq 15 lpm-pol 0
[    1.116326] ACPI: bus type drm_connector registered
[    1.118234] tun: Universal TUN/TAP device driver, 1.6
[    1.122587] PPP generic driver version 2.4.2
[    1.124199] i8042: PNP: PS/2 Controller [PNP0303:KBD,PNP0f13:MOU] at 0x60,0x64 irq 1,12
[    1.127703] serio: i8042 KBD port at 0x60,0x64 irq 1
[    1.129326] serio: i8042 AUX port at 0x60,0x64 irq 12
[    1.131140] mousedev: PS/2 mouse device common for all mice
[    1.133092] rtc_cmos 00:04: RTC can wake from S4
[    1.135397] input: AT Translated Set 2 keyboard as /devices/platform/i8042/serio0/input/input1
[    1.139061] rtc_cmos 00:04: registered as rtc0
[    1.140608] rtc_cmos 00:04: setting system clock to 2025-12-19T06:25:27 UTC (1766125527)
[    1.143252] rtc_cmos 00:04: alarms up to one day, y3k, 242 bytes nvram
[    1.145303] i2c_dev: i2c /dev entries driver
[    1.146796] device-mapper: core: CONFIG_IMA_DISABLE_HTABLE is disabled. Duplicate IMA measurements will not be recorded in the IMA log.
[    1.150497] device-mapper: uevent: version 1.0.3
[    1.152073] device-mapper: ioctl: 4.49.0-ioctl (2025-01-17) initialised: dm-devel@lists.linux.dev
[    1.154837] amd_pstate: the _CPC object is not present in SBIOS or ACPI disabled
[    1.157281] drop_monitor: Initializing network drop monitor service
[    1.159484] NET: Registered PF_INET6 protocol family
[    1.167333] Segment Routing with IPv6
[    1.169399] In-situ OAM (IOAM) with IPv6
[    1.170780] NET: Registered PF_PACKET protocol family
[    1.172505] Key type dns_resolver registered
[    1.174261] IPI shorthand broadcast: enabled
[    1.177965] sched_clock: Marking stable (907005749, 270457236)->(1198905008, -21442023)
[    1.180627] registered taskstats version 1
[    1.182286] Loading compiled-in X.509 certificates
[    1.184333] Loaded X.509 cert 'Build time autogenerated kernel key: b878835a90265075bf75bb69cfcef4210fdf14ae'
[    1.187901] Loaded X.509 cert 'Canonical Ltd. Live Patch Signing 2025 Kmod: d541cef61dc7e793b7eb7e899970a2eef0b5dc8c'
[    1.191703] Loaded X.509 cert 'Canonical Ltd. Live Patch Signing: 14df34d1a87cf37625abec039ef2bf521249b969'
[    1.195094] Loaded X.509 cert 'Canonical Ltd. Kernel Module Signing: 88f752e560a1e0737e31163a466ad7b70a850c19'
[    1.198720] blacklist: Loading compiled-in revocation X.509 certificates
[    1.200866] Loaded X.509 cert 'Canonical Ltd. Secure Boot Signing: 61482aa2830d0ab2ad5af10b7250da9033ddcef0'
[    1.203942] Loaded X.509 cert 'Canonical Ltd. Secure Boot Signing (2017): 242ade75ac4a15e50d50c84b0d45ff3eae707a03'
[    1.207130] Loaded X.509 cert 'Canonical Ltd. Secure Boot Signing (ESM 2018): 365188c1d374d6b07c3c8f240f8ef722433d6a8b'
[    1.210409] Loaded X.509 cert 'Canonical Ltd. Secure Boot Signing (2019): c0746fd6c5da3ae827864651ad66ae47fe24b3e8'
[    1.213581] Loaded X.509 cert 'Canonical Ltd. Secure Boot Signing (2021 v1): a8d54bbb3825cfb94fa13c9f8a594a195c107b8d'
[    1.216881] Loaded X.509 cert 'Canonical Ltd. Secure Boot Signing (2021 v2): 4cf046892d6fd3c9a5b03f98d845f90851dc6a8c'
[    1.220179] Loaded X.509 cert 'Canonical Ltd. Secure Boot Signing (2021 v3): 100437bb6de6e469b581e61cd66bce3ef4ed53af'
[    1.223550] Loaded X.509 cert 'Canonical Ltd. Secure Boot Signing (Ubuntu Core 2019): c1d57b8f6b743f23ee41f4f7ee292f06eecadfb9'
[    1.232037] Demotion targets for Node 0: null
[    1.233723] Key type .fscrypt registered
[    1.235076] Key type fscrypt-provisioning registered
[    1.241970] cryptd: max_cpu_qlen set to 1000
[    1.269981] ata1: found unknown device (class 0)
[    1.272290] ata1.00: ATAPI: QEMU DVD-ROM, 2.5+, max UDMA/100
[    1.275613] scsi 0:0:0:0: CD-ROM            QEMU     QEMU DVD-ROM     2.5+ PQ: 0 ANSI: 5
[    1.286575] sr 0:0:0:0: [sr0] scsi3-mmc drive: 4x/4x cd/rw xa/form2 tray
[    1.289120] cdrom: Uniform CD-ROM driver Revision: 3.20
[    1.300646] sr 0:0:0:0: Attached scsi generic sg0 type 5
[    1.305055] AES CTR mode by8 optimization enabled
[    1.318728] Key type encrypted registered
[    1.320106] AppArmor: AppArmor sha256 policy hashing enabled
[    1.321915] ima: No TPM chip found, activating TPM-bypass!
[    1.323683] Loading compiled-in module X.509 certificates
[    1.325819] Loaded X.509 cert 'Build time autogenerated kernel key: b878835a90265075bf75bb69cfcef4210fdf14ae'
[    1.328891] ima: Allocated hash algorithm: sha256
[    1.330434] ima: No architecture policies found
[    1.331962] evm: Initialising EVM extended attributes:
[    1.333634] evm: security.selinux
[    1.334788] evm: security.SMACK64
[    1.335946] evm: security.SMACK64EXEC
[    1.342816] evm: security.SMACK64TRANSMUTE
[    1.344196] evm: security.SMACK64MMAP
[    1.345450] evm: security.apparmor
[    1.346658] evm: security.ima
[    1.347722] evm: security.capability
[    1.349431] evm: HMAC attrs: 0x1
[    1.350924] PM:   Magic number: 5:474:418
[    1.354981] RAS: Correctable Errors collector initialized.
[    1.367172] clk: Disabling unused clocks
[    1.368519] PM: genpd: Disabling unused power domains
[    1.371939] Freeing unused decrypted memory: 2028K
[    1.373866] Freeing unused kernel image (initmem) memory: 5140K
[    1.375292] Write protecting the kernel read-only data: 38912k
[    1.377197] Freeing unused kernel image (text/rodata gap) memory: 1052K
[    1.379493] Freeing unused kernel image (rodata/data gap) memory: 1312K
[    1.427888] x86/mm: Checked W+X mappings: passed, no W+X pages found.
[    1.429435] Run /init as init process
Loading, please wait...
Starting systemd-udevd version 255.4-1ubuntu8.11
[    1.555415] virtio_net virtio0 ens3: renamed from eth0
[    1.568275] FDC 0 is a S82078B
[    1.578938] input: VirtualPS/2 VMware VMMouse as /devices/platform/i8042/serio1/input/input4
[    1.621692] input: VirtualPS/2 VMware VMMouse as /devices/platform/i8042/serio1/input/input3
Begin: Loading essential drivers ... [    2.776466] raid6: avx2x4   gen() 47052 MB/s
[    2.794468] raid6: avx2x2   gen() 49703 MB/s
[    2.812466] raid6: avx2x1   gen() 41980 MB/s
[    2.813580] raid6: using algorithm avx2x2 gen() 49703 MB/s
[    2.831466] raid6: .... xor() 34637 MB/s, rmw enabled
[    2.832731] raid6: using avx2x2 recovery algorithm
[    2.835005] xor: automatically using best checksumming function   avx       
[    2.837483] async_tx: api initialized (async)
done.
Begin: Running /scripts/init-premount ... done.
Begin: Mounting root file system ... Begin: Running /scripts/local-top ... done.
Begin: Running /scripts/local-premount ... [    2.949735] Btrfs loaded, zoned=yes, fsverity=yes
Scanning for Btrfs filesystems
done.
Begin: Will now check root file system ... fsck from util-linux 2.39.3
[/usr/sbin/fsck.ext4 (1) -- /dev/vda1] fsck.ext4 -a -C0 /dev/vda1 
cloudimg-rootfs: clean, 189172/6422528 files, 2017007/12844795 blocks
done.
[    3.008319] EXT4-fs (vda1): mounted filesystem 0905329d-4022-4692-bb5d-b614c117dd8c ro with ordered data mode. Quota mode: none.
done.
Begin: Running /scripts/local-bottom ... done.
Begin: Running /scripts/init-bottom ... done.
[    3.166912] systemd[1]: Inserted module 'autofs4'
[    3.188523] systemd[1]: systemd 255.4-1ubuntu8.11 running in system mode (+PAM +AUDIT +SELINUX +APPARMOR +IMA +SMACK +SECCOMP +GCRYPT -GNUTLS +OPENSSL +ACL +BLKID +CURL +ELFUTILS +FIDO2 +IDN2 -IDN +IPTC +KMOD +LIBCRYPTSETUP +LIBFDISK +PCRE2 -PWQUALITY +P11KIT +QRENCODE +TPM2 +BZIP2 +LZ4 +XZ +ZLIB +ZSTD -BPF_FRAMEWORK -XKBCOMMON +UTMP +SYSVINIT default-hierarchy=unified)
[    3.195523] systemd[1]: Detected virtualization kvm.
[    3.196788] systemd[1]: Detected architecture x86-64.

Welcome to [1mUbuntu 24.04.3 LTS[0m!

[    3.201223] systemd[1]: Hostname set to <github-runner>.
[    3.406886] systemd[1]: Queued start job for default target graphical.target.
[    3.420063] systemd[1]: Created slice system-modprobe.slice - Slice /system/modprobe.
[[0;32m  OK  [0m] Created slice [0;1;39msystem-modprobe.slice[0m - Slice /system/modprobe.
[    3.424360] systemd[1]: Created slice system-serial\x2dgetty.slice - Slice /system/serial-getty.
[[0;32m  OK  [0m] Created slice [0;1;39msystem-serial\x2dget���slice[0m - Slice /system/serial-getty.
[    3.428886] systemd[1]: Created slice system-systemd\x2dfsck.slice - Slice /system/systemd-fsck.
[[0;32m  OK  [0m] Created slice [0;1;39msystem-systemd\x2dfs���slice[0m - Slice /system/systemd-fsck.
[    3.433297] systemd[1]: Created slice user.slice - User and Session Slice.
[[0;32m  OK  [0m] Created slice [0;1;39muser.slice[0m - User and Session Slice.
[    3.436579] systemd[1]: Started systemd-ask-password-wall.path - Forward Password Requests to Wall Directory Watch.
[[0;32m  OK  [0m] Started [0;1;39msystemd-ask-password-wall.���[0md Requests to Wall Directory Watch.
[    3.441141] systemd[1]: Set up automount proc-sys-fs-binfmt_misc.automount - Arbitrary Executable File Formats File System Automount Point.
[[0;32m  OK  [0m] Set up automount [0;1;39mproc-sys-fs-binfm���[0mormats File System Automount Point.
[    3.446060] systemd[1]: Expecting device dev-disk-by\x2dlabel-BOOT.device - /dev/disk/by-label/BOOT...
         Expecting device [0;1;39mdev-disk-by\x2dla���device[0m - /dev/disk/by-label/BOOT...
[    3.450556] systemd[1]: Expecting device dev-disk-by\x2dlabel-UEFI.device - /dev/disk/by-label/UEFI...
         Expecting device [0;1;39mdev-disk-by\x2dla���device[0m - /dev/disk/by-label/UEFI...
[    3.454575] systemd[1]: Expecting device dev-ttyS0.device - /dev/ttyS0...
         Expecting device [0;1;39mdev-ttyS0.device[0m - /dev/ttyS0...
[    3.457577] systemd[1]: Reached target integritysetup.target - Local Integrity Protected Volumes.
[[0;32m  OK  [0m] Reached target [0;1;39mintegritysetup.targ���[0m Local Integrity Protected Volumes.
[    3.461679] systemd[1]: Reached target slices.target - Slice Units.
[[0;32m  OK  [0m] Reached target [0;1;39mslices.target[0m - Slice Units.
[    3.464661] systemd[1]: Reached target snapd.mounts-pre.target - Mounting snaps.
[[0;32m  OK  [0m] Reached target [0;1;39msnapd.mounts-pre.target[0m - Mounting snaps.
[    3.468172] systemd[1]: Reached target swap.target - Swaps.
[[0;32m  OK  [0m] Reached target [0;1;39mswap.target[0m - Swaps.
[    3.470899] systemd[1]: Reached target veritysetup.target - Local Verity Protected Volumes.
[[0;32m  OK  [0m] Reached target [0;1;39mveritysetup.target[0m - Local Verity Protected Volumes.
[    3.474879] systemd[1]: Listening on dm-event.socket - Device-mapper event daemon FIFOs.
[[0;32m  OK  [0m] Listening on [0;1;39mdm-event.socket[0m - Device-mapper event daemon FIFOs.
[    3.479391] systemd[1]: Listening on lvm2-lvmpolld.socket - LVM2 poll daemon socket.
[[0;32m  OK  [0m] Listening on [0;1;39mlvm2-lvmpolld.socket[0m - LVM2 poll daemon socket.
[    3.483143] systemd[1]: Listening on multipathd.socket - multipathd control socket.
[[0;32m  OK  [0m] Listening on [0;1;39mmultipathd.socket[0m - multipathd control socket.
[    3.486878] systemd[1]: Listening on syslog.socket - Syslog Socket.
[[0;32m  OK  [0m] Listening on [0;1;39msyslog.socket[0m - Syslog Socket.
[    3.489936] systemd[1]: Listening on systemd-fsckd.socket - fsck to fsckd communication Socket.
[[0;32m  OK  [0m] Listening on [0;1;39msystemd-fsckd.socket[0m ���fsck to fsckd communication Socket.
[    3.494011] systemd[1]: Listening on systemd-initctl.socket - initctl Compatibility Named Pipe.
[[0;32m  OK  [0m] Listening on [0;1;39msystemd-initctl.socke���[0m- initctl Compatibility Named Pipe.
[    3.498135] systemd[1]: Listening on systemd-journald-dev-log.socket - Journal Socket (/dev/log).
[[0;32m  OK  [0m] Listening on [0;1;39msystemd-journald-dev-���socket[0m - Journal Socket (/dev/log).
[    3.502295] systemd[1]: Listening on systemd-journald.socket - Journal Socket.
[[0;32m  OK  [0m] Listening on [0;1;39msystemd-journald.socket[0m - Journal Socket.
[    3.505942] systemd[1]: Listening on systemd-networkd.socket - Network Service Netlink Socket.
[[0;32m  OK  [0m] Listening on [0;1;39msystemd-networkd.socket[0m - Network Service Netlink Socket.
[    3.510535] systemd[1]: systemd-pcrextend.socket - TPM2 PCR Extension (Varlink) was skipped because of an unmet condition check (ConditionSecurity=measured-uki).
[    3.514005] systemd[1]: Listening on systemd-udevd-control.socket - udev Control Socket.
[[0;32m  OK  [0m] Listening on [0;1;39msystemd-udevd-control.socket[0m - udev Control Socket.
[    3.517913] systemd[1]: Listening on systemd-udevd-kernel.socket - udev Kernel Socket.
[[0;32m  OK  [0m] Listening on [0;1;39msystemd-udevd-kernel.socket[0m - udev Kernel Socket.
[    3.539607] systemd[1]: Mounting dev-hugepages.mount - Huge Pages File System...
         Mounting [0;1;39mdev-hugepages.mount[0m - Huge Pages File System...
[    3.543925] systemd[1]: Mounting dev-mqueue.mount - POSIX Message Queue File System...
         Mounting [0;1;39mdev-mqueue.mount[0m - POSIX Message Queue File System...
[    3.548218] systemd[1]: Mounting sys-kernel-debug.mount - Kernel Debug File System...
         Mounting [0;1;39msys-kernel-debug.mount[0m - Kernel Debug File System...
[    3.553870] systemd[1]: Mounting sys-kernel-tracing.mount - Kernel Trace File System...
         Mounting [0;1;39msys-kernel-tracing.mount[0m - Kernel Trace File System...
[    3.560321] systemd[1]: Starting systemd-journald.service - Journal Service...
         Starting [0;1;39msystemd-journald.service[0m - Journal Service...
[    3.564387] systemd[1]: Starting keyboard-setup.service - Set the console keyboard layout...
         Starting [0;1;39mkeyboard-setup.service[0m - Set the console keyboard layout...
[    3.573442] systemd[1]: Starting kmod-static-nodes.service - Create List of Static Device Nodes...
         Starting [0;1;39mkmod-static-nodes.service[0m���eate List of Static Device Nodes...
[    3.580401] systemd[1]: Starting lvm2-monitor.service - Monitoring of LVM2 mirrors, snapshots etc. using dmeventd or progress polling...
[    3.581675] systemd-journald[313]: Collecting audit messages is disabled.
         Starting [0;1;39mlvm2-monitor.service[0m - Mo���ing dmeventd or progress polling...
[    3.587651] systemd[1]: Starting modprobe@configfs.service - Load Kernel Module configfs...
         Starting [0;1;39mmodprobe@configfs.service[0m - Load Kernel Module configfs...
[    3.600643] systemd[1]: Starting modprobe@dm_mod.service - Load Kernel Module dm_mod...
         Starting [0;1;39mmodprobe@dm_mod.service[0m - Load Kernel Module dm_mod...
[    3.609452] systemd[1]: Starting modprobe@drm.service - Load Kernel Module drm...
         Starting [0;1;39mmodprobe@drm.service[0m - Load Kernel Module drm...
[    3.624561] systemd[1]: Starting modprobe@efi_pstore.service - Load Kernel Module efi_pstore...
         Starting [0;1;39mmodprobe@efi_pstore.servi���[0m - Load Kernel Module efi_pstore...
[    3.637845] systemd[1]: Starting modprobe@fuse.service - Load Kernel Module fuse...
         Starting [0;1;39mmodprobe@fuse.service[0m - Load Kernel Module fuse...
[    3.643839] systemd[1]: Starting modprobe@loop.service - Load Kernel Module loop...
         Starting [0;1;39mmodprobe@loop.service[0m - Load Kernel Module loop...
[    3.647498] systemd[1]: netplan-ovs-cleanup.service - OpenVSwitch configuration for cleanup was skipped because of an unmet condition check (ConditionFileIsExecutable=/usr/bin/ovs-vsctl).
[    3.651450] systemd[1]: systemd-fsck-root.service - File System Check on Root Device was skipped because of an unmet condition check (ConditionPathExists=!/run/initramfs/fsck-root).
[    3.662586] systemd[1]: Starting systemd-modules-load.service - Load Kernel Modules...
         Starting [0;1;39msystemd-modules-load.service[0m - Load Kernel Modules...
[    3.666366] systemd[1]: systemd-pcrmachine.service - TPM2 PCR Machine ID Measurement was skipped because of an unmet condition check (ConditionSecurity=measured-uki).
[    3.670757] systemd[1]: Starting systemd-remount-fs.service - Remount Root and Kernel File Systems...
         Starting [0;1;39msystemd-remount-fs.servic���[0munt Root and Kernel File Systems...
[    3.675032] systemd[1]: systemd-tpm2-setup-early.service - TPM2 SRK Setup (Early) was skipped because of an unmet condition check (ConditionSecurity=measured-uki).
[    3.680603] systemd[1]: Starting systemd-udev-trigger.service - Coldplug All udev Devices...
         Starting [0;1;39msystemd-udev-trigger.service[0m - Coldplug All udev Devices...
[    3.687742] systemd[1]: Started systemd-journald.service - Journal Service.
[[0;32m  OK  [0m] Started [0;1;39msystemd-journald.service[0m - Journal Service.
[    3.692591] EXT4-fs (vda1): re-mounted 0905329d-4022-4692-bb5d-b614c117dd8c r/w.
[[0;32m  OK  [0m] Mounted [0;1;39mdev-hugepages.mount[0m - Huge Pages File System.
[[0;32m  OK  [0m] Mounted [0;1;39mdev-mqueue.mount[0m - POSIX Message Queue File System.
[[0;32m  OK  [0m] Mounted [0;1;39msys-kernel-debug.mount[0m - Kernel Debug File System.
[[0;32m  OK  [0m] Mounted [0;1;39msys-kernel-tracing.mount[0m - Kernel Trace File System.
[[0;32m  OK  [0m] Finished [0;1;39mkeyboard-setup.service[0m - Set the console keyboard layout.
[[0;32m  OK  [0m] Finished [0;1;39mkmod-static-nodes.service[0m���Create List of Static Device Nodes.
[[0;32m  OK  [0m] Finished [0;1;39mlvm2-monitor.service[0m - Mo���using dmeventd or progress polling.
[[0;32m  OK  [0m] Finished [0;1;39mmodprobe@configfs.service[0m - Load Kernel Module configfs.
[[0;32m  OK  [0m] Finished [0;1;39mmodprobe@dm_mod.service[0m - Load Kernel Module dm_mod.
[[0;32m  OK  [0m] Finished [0;1;39mmodprobe@drm.service[0m - Load Kernel Module drm.
[[0;32m  OK  [0m] Finished [0;1;39mmodprobe@efi_pstore.service[0m - Load Kernel Module efi_pstore.
[[0;32m  OK  [0m] Finished [0;1;39mmodprobe@fuse.service[0m - Load Kernel Module fuse.
[[0;32m  OK  [0m] Finished [0;1;39mmodprobe@loop.service[0m - Load Kernel Module loop.
[[0;32m  OK  [0m] Finished [0;1;39msystemd-modules-load.service[0m - Load Kernel Modules.
[[0;32m  OK  [0m] Finished [0;1;39msystemd-remount-fs.servic���[0mmount Root and Kernel File Systems.
         Mounting [0;1;39msys-fs-fuse-connections.mount[0m - FUSE Control File System...
         Mounting [0;1;39msys-kernel-config.mount[0m - Kernel Configuration File System...
         Starting [0;1;39mmultipathd.service[0m - Devi���pper Multipath Device Controller...
         Starting [0;1;39msystemd-journal-flush.ser���[0msh Journal to Persistent Storage...
         Starting [0;1;39msystemd-random-seed.service[0m - Load/Save OS Random Seed...
         Starting [0;1;39msystemd-sysctl.service[0m - Apply Kernel Variables...
         Starting [0;1;39msystemd-tmpfiles-setup-de���[0m Device Nodes in /dev gracefully...[    3.788163] systemd-journald[313]: Received client request to flush runtime journal.

[[0;32m  OK  [0m] Mounted [0;1;39msys-fs-fuse-connections.mount[0m - FUSE Control File System.
[[0;32m  OK  [0m] Mounted [0;1;39msys-kernel-config.mount[0m - Kernel Configuration File System.
[[0;32m  OK  [0m] Finished [0;1;39msystemd-udev-trigger.service[0m - Coldplug All udev Devices.
[[0;32m  OK  [0m] Finished [0;1;39msystemd-random-seed.service[0m - Load/Save OS Random Seed.
[[0;32m  OK  [0m] Finished [0;1;39msystemd-sysctl.service[0m - Apply Kernel Variables.
[[0;32m  OK  [0m] Finished [0;1;39msystemd-tmpfiles-setup-de���[0mic Device Nodes in /dev gracefully.
         Starting [0;1;39msystemd-tmpfiles-setup-de���[0meate Static Device Nodes in /dev...
[[0;32m  OK  [0m] Finished [0;1;39msystemd-tmpfiles-setup-de���[0mCreate Static Device Nodes in /dev.
[[0;32m  OK  [0m] Started [0;1;39mmultipathd.service[0m - Devic���Mapper Multipath Device Controller.
[[0;32m  OK  [0m] Reached target [0;1;39mlocal-fs-pre.target[0m���Preparation for Local File Systems.
         Mounting [0;1;39msnap-aproxy-70.mount[0m - Mount unit for aproxy, revision 70...
         Mounting [0;1;39msnap-core22-2163.mount[0m - ���t unit for core22, revision 2163...
         Mounting [0;1;39msnap-snapd-25577.mount[0m - ���t unit for snapd, revision 25577...
         Starting [0;1;39msystemd-udevd.service[0m - R���ager for Device Events and Files...
[[0;32m  OK  [0m] Mounted [0;1;39msnap-aproxy-70.mount[0m - Mount unit for aproxy, revision 70.
[[0;32m  OK  [0m] Mounted [0;1;39msnap-core22-2163.mount[0m - Mount unit for core22, revision 2163.
[[0;32m  OK  [0m] Mounted [0;1;39msnap-snapd-25577.mount[0m - Mount unit for snapd, revision 25577.
[[0;32m  OK  [0m] Reached target [0;1;39msnapd.mounts.target[0m - Mounted snaps.
[[0;32m  OK  [0m] Started [0;1;39msystemd-udevd.service[0m - Ru���anager for Device Events and Files.
[[0;32m  OK  [0m] Started [0;1;39msystemd-ask-password-conso���[0mequests to Console Directory Watch.
[[0;32m  OK  [0m] Reached target [0;1;39mcryptsetup.target[0m - Local Encrypted Volumes.
[[0;32m  OK  [0m] Finished [0;1;39msystemd-journal-flush.ser���[0mlush Journal to Persistent Storage.
[[0;32m  OK  [0m] Found device [0;1;39mdev-ttyS0.device[0m - /dev/ttyS0.
[[0;32m  OK  [0m] Found device [0;1;39mdev-disk-by\x2dlabel-���T.device[0m - /dev/disk/by-label/BOOT.
         Starting [0;1;39msystemd-fsck@dev-disk-by\���[0mCheck on /dev/disk/by-label/BOOT...
[[0;32m  OK  [0m] Started [0;1;39msystemd-fsckd.service[0m - Fi���stem Check Daemon to report status.
[[0;32m  OK  [0m] Found device [0;1;39mdev-disk-by\x2dlabel-���I.device[0m - /dev/disk/by-label/UEFI.
         Starting [0;1;39msystemd-fsck@dev-disk-by\���[0mCheck on /dev/disk/by-label/UEFI...
[[0;32m  OK  [0m] Finished [0;1;39msystemd-fsck@dev-disk-by\���[0mm Check on /dev/disk/by-label/BOOT.
         Mounting [0;1;39mboot.mount[0m - /boot...
[[0;32m  OK  [0m] Finished [0;1;39msystemd-fsck@dev-disk-by\���[0mm Check on /dev/disk/by-label/UEFI.
[[0;32m  OK  [0m] Mounted [0;1;39mboot.mount[0m - /boot.
[[0;32m  OK  [0m] Listening on [0;1;39msystemd-rfkill.socket[0m���ll Switch Status /dev/rfkill Watch.
         Mounting [0;1;39mboot-efi.mount[0m - /boot/efi...
[[0;32m  OK  [0m] Mounted [0;1;39mboot-efi.mount[0m - /boot/efi.
[[0;32m  OK  [0m] Reached target [0;1;39mlocal-fs.target[0m - Local File Systems.
[[0;32m  OK  [0m] Listening on [0;1;39msystemd-sysext.socket[0m���tension Image Management (Varlink).
         Starting [0;1;39mapparmor.service[0m - Load AppArmor profiles...
         Starting [0;1;39mconsole-setup.service[0m - Set console font and keymap...
         Starting [0;1;39mfinalrd.service[0m - Create ���time dir for shutdown pivot root...
         Starting [0;1;39mplymouth-read-write.servi���[0mymouth To Write Out Runtime Data...
         Starting [0;1;39msystemd-binfmt.service[0m - Set Up Additional Binary Formats...
         Starting [0;1;39msystemd-tmpfiles-setup.se���[0me Volatile Files and Directories...
         Starting [0;1;39mufw.service[0m - Uncomplicated firewall...
[[0;32m  OK  [0m] Finished [0;1;39mconsole-setup.service[0m - Set console font and keymap.
[[0;32m  OK  [0m] Finished [0;1;39mfinalrd.service[0m - Create ���untime dir for shutdown pivot root.
[[0;32m  OK  [0m] Finished [0;1;39mplymouth-read-write.servi���[0mPlymouth To Write Out Runtime Data.
[[0;32m  OK  [0m] Finished [0;1;39mufw.service[0m - Uncomplicated firewall.
         Mounting [0;1;39mproc-sys-fs-binfmt_misc.m���[0mcutable File Formats File System...
[[0;32m  OK  [0m] Finished [0;1;39msystemd-tmpfiles-setup.se���[0mate Volatile Files and Directories.
         Starting [0;1;39msystemd-resolved.service[0m - Network Name Resolution...
         Starting [0;1;39msystemd-timesyncd.service[0m - Network Time Synchronization...
         Starting [0;1;39msystemd-update-utmp.servi���[0mord System Boot/Shutdown in UTMP...
[[0;32m  OK  [0m] Mounted [0;1;39mproc-sys-fs-binfmt_misc.mo���[0mxecutable File Formats File System.
[[0;32m  OK  [0m] Finished [0;1;39msystemd-binfmt.service[0m - Set Up Additional Binary Formats.
[[0;32m  OK  [0m] Finished [0;1;39msystemd-update-utmp.servi���[0mecord System Boot/Shutdown in UTMP.
[[0;32m  OK  [0m] Started [0;1;39msystemd-timesyncd.service[0m - Network Time Synchronization.
[[0;32m  OK  [0m] Reached target [0;1;39mtime-set.target[0m - System Time Set.
[[0;32m  OK  [0m] Started [0;1;39msystemd-resolved.service[0m - Network Name Resolution.
[[0;32m  OK  [0m] Reached target [0;1;39mnss-lookup.target[0m - Host and Network Name Lookups.
[[0;32m  OK  [0m] Finished [0;1;39mapparmor.service[0m - Load AppArmor profiles.
         Starting [0;1;39msnapd.apparmor.service[0m - ���iles managed internally by snapd...
         Starting [0;1;39mcloud-init-local.service[0m ���-init: Local Stage (pre-network)...
[[0;32m  OK  [0m] Finished [0;1;39msnapd.apparmor.service[0m - ���ofiles managed internally by snapd.
[    5.376782] cloud-init[648]: Cloud-init v. 25.2-0ubuntu1~24.04.1 running 'init-local' at Fri, 19 Dec 2025 06:25:31 +0000. Up 5.36 seconds.
[[0;32m  OK  [0m] Finished [0;1;39mcloud-init-local.service[0m ���ud-init: Local Stage (pre-network).
[[0;32m  OK  [0m] Reached target [0;1;39mnetwork-pre.target[0m - Preparation for Network.
         Starting [0;1;39msystemd-networkd.service[0m - Network Configuration...
[[0;32m  OK  [0m] Started [0;1;39msystemd-networkd.service[0m - Network Configuration.
[[0;32m  OK  [0m] Reached target [0;1;39mnetwork.target[0m - Network.
         Starting [0;1;39msystemd-networkd-wait-onl���[0mait for Network to be Configured...
[[0;32m  OK  [0m] Finished [0;1;39msystemd-networkd-wait-onl���[0m Wait for Network to be Configured.
         Starting [0;1;39mcloud-init.service[0m - Cloud-init: Network Stage...
[    7.390586] cloud-init[722]: Cloud-init v. 25.2-0ubuntu1~24.04.1 running 'init' at Fri, 19 Dec 2025 06:25:34 +0000. Up 7.37 seconds.
[    7.396485] cloud-init[722]: ci-info: +++++++++++++++++++++++++++++++++++++++Net device info+++++++++++++++++++++++++++++++++++++++
[    7.399080] cloud-init[722]: ci-info: +--------+------+------------------------------+---------------+--------+-------------------+
[    7.401656] cloud-init[722]: ci-info: | Device |  Up  |           Address            |      Mask     | Scope  |     Hw-Address    |
[    7.404191] cloud-init[722]: ci-info: +--------+------+------------------------------+---------------+--------+-------------------+
[    7.406880] cloud-init[722]: ci-info: |  ens3  | True |        10.151.122.181        | 255.255.255.0 | global | fa:16:3e:7e:6f:41 |
[    7.409485] cloud-init[722]: ci-info: |  ens3  | True | fe80::f816:3eff:fe7e:6f41/64 |       .       |  link  | fa:16:3e:7e:6f:41 |
[    7.412108] cloud-init[722]: ci-info: |   lo   | True |          127.0.0.1           |   255.0.0.0   |  host  |         .         |
[    7.414732] cloud-init[722]: ci-info: |   lo   | True |           ::1/128            |       .       |  host  |         .         |
[    7.417254] cloud-init[722]: ci-info: +--------+------+------------------------------+---------------+--------+-------------------+
[    7.419887] cloud-init[722]: ci-info: ++++++++++++++++++++++++++++++++Route IPv4 info+++++++++++++++++++++++++++++++++
[    7.422188] cloud-init[722]: ci-info: +-------+-----------------+--------------+-----------------+-----------+-------+
[    7.424562] cloud-init[722]: ci-info: | Route |   Destination   |   Gateway    |     Genmask     | Interface | Flags |
[    7.426878] cloud-init[722]: ci-info: +-------+-----------------+--------------+-----------------+-----------+-------+
[    7.429176] cloud-init[722]: ci-info: |   0   |     0.0.0.0     | 10.151.122.1 |     0.0.0.0     |    ens3   |   UG  |
[    7.431685] cloud-init[722]: ci-info: |   1   |   10.151.11.5   | 10.151.122.1 | 255.255.255.255 |    ens3   |  UGH  |
[    7.434221] cloud-init[722]: ci-info: |   2   |   10.151.11.6   | 10.151.122.1 | 255.255.255.255 |    ens3   |  UGH  |
[    7.436705] cloud-init[722]: ci-info: |   3   |   10.151.11.7   | 10.151.122.1 | 255.255.255.255 |    ens3   |  UGH  |
[    7.439242] cloud-init[722]: ci-info: |   4   |   10.151.122.0  |   0.0.0.0    |  255.255.255.0  |    ens3   |   U   |
[    7.441614] cloud-init[722]: ci-info: |   5   |   10.151.122.1  |   0.0.0.0    | 255.255.255.255 |    ens3   |   UH  |
[    7.444026] cloud-init[722]: ci-info: |   6   |   10.151.122.2  |   0.0.0.0    | 255.255.255.255 |    ens3   |   UH  |
[    7.446469] cloud-init[722]: ci-info: |   7   | 169.254.169.254 | 10.151.122.2 | 255.255.255.255 |    ens3   |  UGH  |
[    7.449035] cloud-init[722]: ci-info: +-------+-----------------+--------------+-----------------+-----------+-------+
[    7.451581] cloud-init[722]: ci-info: +++++++++++++++++++Route IPv6 info+++++++++++++++++++
[    7.453633] cloud-init[722]: ci-info: +-------+-------------+---------+-----------+-------+
[    7.455477] cloud-init[722]: ci-info: | Route | Destination | Gateway | Interface | Flags |
[    7.457386] cloud-init[722]: ci-info: +-------+-------------+---------+-----------+-------+
[    7.459226] cloud-init[722]: ci-info: |   0   |  fe80::/64  |    ::   |    ens3   |   U   |
[    7.461078] cloud-init[722]: ci-info: |   2   |    local    |    ::   |    ens3   |   U   |
[    7.463013] cloud-init[722]: ci-info: |   3   |  multicast  |    ::   |    ens3   |   U   |
[    7.464923] cloud-init[722]: ci-info: +-------+-------------+---------+-----------+-------+
[    8.452176] cloud-init[722]: Generating public/private rsa key pair.
[    8.453735] cloud-init[722]: Your identification has been saved in /etc/ssh/ssh_host_rsa_key
[    8.455611] cloud-init[722]: Your public key has been saved in /etc/ssh/ssh_host_rsa_key.pub
[    8.457465] cloud-init[722]: The key fingerprint is:
[    8.458656] cloud-init[722]: SHA256:jywtlW06nTXIeo4t5wgcX+Cb39Dhsc4NfvpE/NpW3nI root@test-mnw9pxyl-0-n-bc69286508d8
[    8.460917] cloud-init[722]: The key's randomart image is:
[    8.462184] cloud-init[722]: +---[RSA 3072]----+
[    8.463365] cloud-init[722]: |                 |
[    8.464486] cloud-init[722]: |                 |
[    8.465614] cloud-init[722]: |        .        |
[    8.466724] cloud-init[722]: |       . = . .   |
[    8.467835] cloud-init[722]: |      . S * = o  |
[    8.468947] cloud-init[722]: |     . * @ = * ..|
